Archive member included to satisfy reference by file (symbol)

/home/kurt/Ac6/SystemWorkbench/plugins/fr.ac6.mcu.externaltools.arm-none.linux64_1.17.0.201812190825/tools/compiler/bin/../lib/gcc/arm-none-eabi/7.3.1/thumb/v7e-m/fpv4-sp/hard/libgcc.a(_arm_addsubdf3.o)
                              src/adc.o (__aeabi_dsub)
/home/kurt/Ac6/SystemWorkbench/plugins/fr.ac6.mcu.externaltools.arm-none.linux64_1.17.0.201812190825/tools/compiler/bin/../lib/gcc/arm-none-eabi/7.3.1/thumb/v7e-m/fpv4-sp/hard/libgcc.a(_arm_muldivdf3.o)
                              src/adc.o (__aeabi_dmul)
/home/kurt/Ac6/SystemWorkbench/plugins/fr.ac6.mcu.externaltools.arm-none.linux64_1.17.0.201812190825/tools/compiler/bin/../lib/gcc/arm-none-eabi/7.3.1/thumb/v7e-m/fpv4-sp/hard/libgcc.a(_arm_fixdfsi.o)
                              src/adc.o (__aeabi_d2iz)
/home/kurt/Ac6/SystemWorkbench/plugins/fr.ac6.mcu.externaltools.arm-none.linux64_1.17.0.201812190825/tools/compiler/bin/../lib/gcc/arm-none-eabi/7.3.1/thumb/v7e-m/fpv4-sp/hard/libgcc.a(_arm_truncdfsf2.o)
                              src/adc.o (__aeabi_d2f)
/home/kurt/Ac6/SystemWorkbench/plugins/fr.ac6.mcu.externaltools.arm-none.linux64_1.17.0.201812190825/tools/compiler/bin/../lib/gcc/arm-none-eabi/7.3.1/../../../../arm-none-eabi/lib/thumb/v7e-m/fpv4-sp/hard/libc.a(lib_a-errno.o)
                              src/syscalls.o (__errno)
/home/kurt/Ac6/SystemWorkbench/plugins/fr.ac6.mcu.externaltools.arm-none.linux64_1.17.0.201812190825/tools/compiler/bin/../lib/gcc/arm-none-eabi/7.3.1/../../../../arm-none-eabi/lib/thumb/v7e-m/fpv4-sp/hard/libc.a(lib_a-exit.o)
                              /home/kurt/Ac6/SystemWorkbench/plugins/fr.ac6.mcu.externaltools.arm-none.linux64_1.17.0.201812190825/tools/compiler/bin/../lib/gcc/arm-none-eabi/7.3.1/../../../../arm-none-eabi/lib/thumb/v7e-m/fpv4-sp/hard/crt0.o (exit)
/home/kurt/Ac6/SystemWorkbench/plugins/fr.ac6.mcu.externaltools.arm-none.linux64_1.17.0.201812190825/tools/compiler/bin/../lib/gcc/arm-none-eabi/7.3.1/../../../../arm-none-eabi/lib/thumb/v7e-m/fpv4-sp/hard/libc.a(lib_a-impure.o)
                              /home/kurt/Ac6/SystemWorkbench/plugins/fr.ac6.mcu.externaltools.arm-none.linux64_1.17.0.201812190825/tools/compiler/bin/../lib/gcc/arm-none-eabi/7.3.1/../../../../arm-none-eabi/lib/thumb/v7e-m/fpv4-sp/hard/libc.a(lib_a-exit.o) (_global_impure_ptr)
/home/kurt/Ac6/SystemWorkbench/plugins/fr.ac6.mcu.externaltools.arm-none.linux64_1.17.0.201812190825/tools/compiler/bin/../lib/gcc/arm-none-eabi/7.3.1/../../../../arm-none-eabi/lib/thumb/v7e-m/fpv4-sp/hard/libc.a(lib_a-init.o)
                              /home/kurt/Ac6/SystemWorkbench/plugins/fr.ac6.mcu.externaltools.arm-none.linux64_1.17.0.201812190825/tools/compiler/bin/../lib/gcc/arm-none-eabi/7.3.1/../../../../arm-none-eabi/lib/thumb/v7e-m/fpv4-sp/hard/crt0.o (__libc_init_array)
/home/kurt/Ac6/SystemWorkbench/plugins/fr.ac6.mcu.externaltools.arm-none.linux64_1.17.0.201812190825/tools/compiler/bin/../lib/gcc/arm-none-eabi/7.3.1/../../../../arm-none-eabi/lib/thumb/v7e-m/fpv4-sp/hard/libc.a(lib_a-memcmp.o)
                              src/display_highlevel.o (memcmp)
/home/kurt/Ac6/SystemWorkbench/plugins/fr.ac6.mcu.externaltools.arm-none.linux64_1.17.0.201812190825/tools/compiler/bin/../lib/gcc/arm-none-eabi/7.3.1/../../../../arm-none-eabi/lib/thumb/v7e-m/fpv4-sp/hard/libc.a(lib_a-memcpy.o)
                              StdPeriph_Driver/src/stm32f4xx_cryp_aes.o (memcpy)
/home/kurt/Ac6/SystemWorkbench/plugins/fr.ac6.mcu.externaltools.arm-none.linux64_1.17.0.201812190825/tools/compiler/bin/../lib/gcc/arm-none-eabi/7.3.1/../../../../arm-none-eabi/lib/thumb/v7e-m/fpv4-sp/hard/libc.a(lib_a-memset.o)
                              /home/kurt/Ac6/SystemWorkbench/plugins/fr.ac6.mcu.externaltools.arm-none.linux64_1.17.0.201812190825/tools/compiler/bin/../lib/gcc/arm-none-eabi/7.3.1/../../../../arm-none-eabi/lib/thumb/v7e-m/fpv4-sp/hard/crt0.o (memset)
/home/kurt/Ac6/SystemWorkbench/plugins/fr.ac6.mcu.externaltools.arm-none.linux64_1.17.0.201812190825/tools/compiler/bin/../lib/gcc/arm-none-eabi/7.3.1/../../../../arm-none-eabi/lib/thumb/v7e-m/fpv4-sp/hard/libc.a(lib_a-sprintf.o)
                              src/dht11.o (sprintf)
/home/kurt/Ac6/SystemWorkbench/plugins/fr.ac6.mcu.externaltools.arm-none.linux64_1.17.0.201812190825/tools/compiler/bin/../lib/gcc/arm-none-eabi/7.3.1/../../../../arm-none-eabi/lib/thumb/v7e-m/fpv4-sp/hard/libc.a(lib_a-strlen.o)
                              src/display.o (strlen)
/home/kurt/Ac6/SystemWorkbench/plugins/fr.ac6.mcu.externaltools.arm-none.linux64_1.17.0.201812190825/tools/compiler/bin/../lib/gcc/arm-none-eabi/7.3.1/../../../../arm-none-eabi/lib/thumb/v7e-m/fpv4-sp/hard/libc.a(lib_a-svfprintf.o)
[...]
Memory Configuration

Name             Origin             Length             Attributes
RAM              0x0000000020000000 0x0000000000020000 xrw
ROM              0x0000000008000000 0x0000000000080000 xr
*default*        0x0000000000000000 0xffffffffffffffff

Linker script and memory map

LOAD /home/kurt/Ac6/SystemWorkbench/plugins/fr.ac6.mcu.externaltools.arm-none.linux64_1.17.0.201812190825/tools/compiler/bin/../lib/gcc/arm-none-eabi/7.3.1/thumb/v7e-m/fpv4-sp/hard/crti.o
LOAD /home/kurt/Ac6/SystemWorkbench/plugins/fr.ac6.mcu.externaltools.arm-none.linux64_1.17.0.201812190825/tools/compiler/bin/../lib/gcc/arm-none-eabi/7.3.1/thumb/v7e-m/fpv4-sp/hard/crtbegin.o
LOAD /home/kurt/Ac6/SystemWorkbench/plugins/fr.ac6.mcu.externaltools.arm-none.linux64_1.17.0.201812190825/tools/compiler/bin/../lib/gcc/arm-none-eabi/7.3.1/../../../../arm-none-eabi/lib/thumb/v7e-m/fpv4-sp/hard/crt0.o
LOAD StdPeriph_Driver/src/misc.o
LOAD StdPeriph_Driver/src/stm32f4xx_adc.o
LOAD StdPeriph_Driver/src/stm32f4xx_can.o
LOAD StdPeriph_Driver/src/stm32f4xx_cec.o
LOAD StdPeriph_Driver/src/stm32f4xx_crc.o
LOAD StdPeriph_Driver/src/stm32f4xx_cryp.o
LOAD StdPeriph_Driver/src/stm32f4xx_cryp_aes.o
LOAD StdPeriph_Driver/src/stm32f4xx_cryp_des.o
LOAD StdPeriph_Driver/src/stm32f4xx_cryp_tdes.o
LOAD StdPeriph_Driver/src/stm32f4xx_dac.o
LOAD StdPeriph_Driver/src/stm32f4xx_dbgmcu.o
LOAD StdPeriph_Driver/src/stm32f4xx_dcmi.o
LOAD StdPeriph_Driver/src/stm32f4xx_dfsdm.o
LOAD StdPeriph_Driver/src/stm32f4xx_dma.o
LOAD StdPeriph_Driver/src/stm32f4xx_dma2d.o
LOAD StdPeriph_Driver/src/stm32f4xx_dsi.o
LOAD StdPeriph_Driver/src/stm32f4xx_exti.o
LOAD StdPeriph_Driver/src/stm32f4xx_flash.o
LOAD StdPeriph_Driver/src/stm32f4xx_flash_ramfunc.o
LOAD StdPeriph_Driver/src/stm32f4xx_fmc.o
LOAD StdPeriph_Driver/src/stm32f4xx_fmip2c.o
LOAD StdPeriph_Driver/src/stm32f4xx_fsmc.o
LOAD StdPeriph_Driver/src/stm32f4xx_gpio.o
LOAD StdPeriph_Driver/src/stm32f4xx_hash.o
LOAD StdPeriph_Driver/src/stm32f4xx_hash_md5.o
LOAD StdPeriph_Driver/src/stm32f4xx_hash_sha1.o
LOAD StdPeriph_Driver/src/stm32f4xx_i2c.o
LOAD StdPeriph_Driver/src/stm32f4xx_iwdg.o
LOAD StdPeriph_Driver/src/stm32f4xx_lptim.o
LOAD StdPeriph_Driver/src/stm32f4xx_ltdc.o
LOAD StdPeriph_Driver/src/stm32f4xx_pwr.o
LOAD StdPeriph_Driver/src/stm32f4xx_qspi.o
LOAD StdPeriph_Driver/src/stm32f4xx_rcc.o
LOAD StdPeriph_Driver/src/stm32f4xx_rng.o
LOAD StdPeriph_Driver/src/stm32f4xx_rtc.o
LOAD StdPeriph_Driver/src/stm32f4xx_sai.o
LOAD StdPeriph_Driver/src/stm32f4xx_sdio.o
LOAD StdPeriph_Driver/src/stm32f4xx_spdifrx.o
LOAD StdPeriph_Driver/src/stm32f4xx_spi.o
LOAD StdPeriph_Driver/src/stm32f4xx_syscfg.o
LOAD StdPeriph_Driver/src/stm32f4xx_tim.o
LOAD StdPeriph_Driver/src/stm32f4xx_usart.o
LOAD StdPeriph_Driver/src/stm32f4xx_wwdg.o
LOAD src/adc.o
LOAD src/controller.o
LOAD src/dht11.o
LOAD src/display.o
LOAD src/display_highlevel.o
LOAD src/downconv_data.o
LOAD src/fan_pump.o
LOAD src/font8x8.o
LOAD src/gpio.o
LOAD src/main.o
LOAD src/syscalls.o
LOAD src/system_stm32f4xx.o
LOAD src/timer.o
LOAD src/uart.o
LOAD src/upconv_data.o
LOAD startup/startup_stm32.o
LOAD /home/kurt/Ac6/SystemWorkbench/plugins/fr.ac6.mcu.externaltools.arm-none.linux64_1.17.0.201812190825/tools/compiler/bin/../lib/gcc/arm-none-eabi/7.3.1/../../../../arm-none-eabi/lib/thumb/v7e-m/fpv4-sp/hard/libm.a
START GROUP
LOAD /home/kurt/Ac6/SystemWorkbench/plugins/fr.ac6.mcu.externaltools.arm-none.linux64_1.17.0.201812190825/tools/compiler/bin/../lib/gcc/arm-none-eabi/7.3.1/thumb/v7e-m/fpv4-sp/hard/libgcc.a
LOAD /home/kurt/Ac6/SystemWorkbench/plugins/fr.ac6.mcu.externaltools.arm-none.linux64_1.17.0.201812190825/tools/compiler/bin/../lib/gcc/arm-none-eabi/7.3.1/../../../../arm-none-eabi/lib/thumb/v7e-m/fpv4-sp/hard/libc.a
END GROUP
LOAD /home/kurt/Ac6/SystemWorkbench/plugins/fr.ac6.mcu.externaltools.arm-none.linux64_1.17.0.201812190825/tools/compiler/bin/../lib/gcc/arm-none-eabi/7.3.1/thumb/v7e-m/fpv4-sp/hard/crtend.o
LOAD /home/kurt/Ac6/SystemWorkbench/plugins/fr.ac6.mcu.externaltools.arm-none.linux64_1.17.0.201812190825/tools/compiler/bin/../lib/gcc/arm-none-eabi/7.3.1/thumb/v7e-m/fpv4-sp/hard/crtn.o
                0x0000000020020000                _estack = 0x20020000
                0x0000000000000000                _Min_Heap_Size = 0x0
                0x0000000000000400                _Min_Stack_Size = 0x400

.isr_vector     0x0000000008000000      0x1c4
                0x0000000008000000                . = ALIGN (0x4)
 *(.isr_vector)
 .isr_vector    0x0000000008000000      0x1c4 startup/startup_stm32.o
                0x0000000008000000                g_pfnVectors
                0x00000000080001c4                . = ALIGN (0x4)

.text           0x0000000008000200     0x8d5c
                0x0000000008000200                . = ALIGN (0x4)
 *(.text)
 .text          0x0000000008000200       0x40 /home/kurt/Ac6/SystemWorkbench/plugins/fr.ac6.mcu.externaltools.arm-none.linux64_1.17.0.201812190825/tools/compiler/bin/../lib/gcc/arm-none-eabi/7.3.1/thumb/v7e-m/fpv4-sp/hard/crtbegin.o
 .text          0x0000000008000240      0x378 /home/kurt/Ac6/SystemWorkbench/plugins/fr.ac6.mcu.externaltools.arm-none.linux64_1.17.0.201812190825/tools/compiler/bin/../lib/gcc/arm-none-eabi/7.3.1/thumb/v7e-m/fpv4-sp/hard/libgcc.a(_arm_addsubdf3.o)
                0x0000000008000240                __aeabi_drsub
                0x0000000008000248                __aeabi_dsub
                0x0000000008000248                __subdf3
                0x000000000800024c                __adddf3
                0x000000000800024c                __aeabi_dadd
                0x00000000080004c4                __aeabi_ui2d
                0x00000000080004c4                __floatunsidf
                0x00000000080004e4                __floatsidf
                0x00000000080004e4                __aeabi_i2d
                0x0000000008000508                __extendsfdf2
                0x0000000008000508                __aeabi_f2d
                0x000000000800054c                __aeabi_ul2d
                0x000000000800054c                __floatundidf
                0x000000000800055c                __floatdidf
                0x000000000800055c                __aeabi_l2d
 .text          0x00000000080005b8      0x424 /home/kurt/Ac6/SystemWorkbench/plugins/fr.ac6.mcu.externaltools.arm-none.linux64_1.17.0.201812190825/tools/compiler/bin/../lib/gcc/arm-none-eabi/7.3.1/thumb/v7e-m/fpv4-sp/hard/libgcc.a(_arm_muldivdf3.o)
                0x00000000080005b8                __aeabi_dmul
                0x00000000080005b8                __muldf3
                0x000000000800080c                __aeabi_ddiv
                0x000000000800080c                __divdf3
 .text          0x00000000080009dc       0x50 /home/kurt/Ac6/SystemWorkbench/plugins/fr.ac6.mcu.externaltools.arm-none.linux64_1.17.0.201812190825/tools/compiler/bin/../lib/gcc/arm-none-eabi/7.3.1/thumb/v7e-m/fpv4-sp/hard/libgcc.a(_arm_fixdfsi.o)
                0x00000000080009dc                __fixdfsi
                0x00000000080009dc                __aeabi_d2iz
 .text          0x0000000008000a2c       0xa0 /home/kurt/Ac6/SystemWorkbench/plugins/fr.ac6.mcu.externaltools.arm-none.linux64_1.17.0.201812190825/tools/compiler/bin/../lib/gcc/arm-none-eabi/7.3.1/thumb/v7e-m/fpv4-sp/hard/libgcc.a(_arm_truncdfsf2.o)
                0x0000000008000a2c                __aeabi_d2f
                0x0000000008000a2c                __truncdfsf2
 .text          0x0000000008000acc      0x134 /home/kurt/Ac6/SystemWorkbench/plugins/fr.ac6.mcu.externaltools.arm-none.linux64_1.17.0.201812190825/tools/compiler/bin/../lib/gcc/arm-none-eabi/7.3.1/../../../../arm-none-eabi/lib/thumb/v7e-m/fpv4-sp/hard/libc.a(lib_a-memcpy.o)
                0x0000000008000acc                memcpy
 .text          0x0000000008000c00       0xdc /home/kurt/Ac6/SystemWorkbench/plugins/fr.ac6.mcu.externaltools.arm-none.linux64_1.17.0.201812190825/tools/compiler/bin/../lib/gcc/arm-none-eabi/7.3.1/../../../../arm-none-eabi/lib/thumb/v7e-m/fpv4-sp/hard/libc.a(lib_a-strlen.o)
                0x0000000008000c00                strlen
 *fill*         0x0000000008000cdc        0x4 
 .text          0x0000000008000ce0       0xa0 /home/kurt/Ac6/SystemWorkbench/plugins/fr.ac6.mcu.externaltools.arm-none.linux64_1.17.0.201812190825/tools/compiler/bin/../lib/gcc/arm-none-eabi/7.3.1/../../../../arm-none-eabi/lib/thumb/v7e-m/fpv4-sp/hard/libc.a(lib_a-memchr.o)
                0x0000000008000ce0                memchr
 .text          0x0000000008000d80      0x110 /home/kurt/Ac6/SystemWorkbench/plugins/fr.ac6.mcu.externaltools.arm-none.linux64_1.17.0.201812190825/tools/compiler/bin/../lib/gcc/arm-none-eabi/7.3.1/thumb/v7e-m/fpv4-sp/hard/libgcc.a(_arm_cmpdf2.o)
                0x0000000008000d80                __gtdf2
                0x0000000008000d80                __gedf2
                0x0000000008000d88                __ltdf2
                0x0000000008000d88                __ledf2
                0x0000000008000d90                __cmpdf2
                0x0000000008000d90                __eqdf2
                0x0000000008000d90                __nedf2
                0x0000000008000e0c                __aeabi_cdrcmple
                0x0000000008000e1c                __aeabi_cdcmple
                0x0000000008000e1c                __aeabi_cdcmpeq
                0x0000000008000e2c                __aeabi_dcmpeq
                0x0000000008000e40                __aeabi_dcmplt
                0x0000000008000e54                __aeabi_dcmple
                0x0000000008000e68                __aeabi_dcmpge
                0x0000000008000e7c                __aeabi_dcmpgt
 .text          0x0000000008000e90       0x2c /home/kurt/Ac6/SystemWorkbench/plugins/fr.ac6.mcu.externaltools.arm-none.linux64_1.17.0.201812190825/tools/compiler/bin/../lib/gcc/arm-none-eabi/7.3.1/thumb/v7e-m/fpv4-sp/hard/libgcc.a(_arm_unorddf2.o)
                0x0000000008000e90                __aeabi_dcmpun
                0x0000000008000e90                __unorddf2
 .text          0x0000000008000ebc       0x30 /home/kurt/Ac6/SystemWorkbench/plugins/fr.ac6.mcu.externaltools.arm-none.linux64_1.17.0.201812190825/tools/compiler/bin/../lib/gcc/arm-none-eabi/7.3.1/thumb/v7e-m/fpv4-sp/hard/libgcc.a(_aeabi_uldivmod.o)
                0x0000000008000ebc                __aeabi_uldivmod
 .text          0x0000000008000eec      0x2cc /home/kurt/Ac6/SystemWorkbench/plugins/fr.ac6.mcu.externaltools.arm-none.linux64_1.17.0.201812190825/tools/compiler/bin/../lib/gcc/arm-none-eabi/7.3.1/thumb/v7e-m/fpv4-sp/hard/libgcc.a(_udivmoddi4.o)
                0x0000000008000eec                __udivmoddi4
 .text          0x00000000080011b8        0x4 /home/kurt/Ac6/SystemWorkbench/plugins/fr.ac6.mcu.externaltools.arm-none.linux64_1.17.0.201812190825/tools/compiler/bin/../lib/gcc/arm-none-eabi/7.3.1/thumb/v7e-m/fpv4-sp/hard/libgcc.a(_dvmd_tls.o)
                0x00000000080011b8                __aeabi_ldiv0
                0x00000000080011b8                __aeabi_idiv0
 *(.text*)
 .text.NVIC_Init
                0x00000000080011bc       0x5c StdPeriph_Driver/src/misc.o
                0x00000000080011bc                NVIC_Init
 .text.ADC_Init
                0x0000000008001218       0x4c StdPeriph_Driver/src/stm32f4xx_adc.o
                0x0000000008001218                ADC_Init
 .text.ADC_CommonInit
                0x0000000008001264       0x28 StdPeriph_Driver/src/stm32f4xx_adc.o
                0x0000000008001264                ADC_CommonInit
 .text.ADC_Cmd  0x000000000800128c       0x14 StdPeriph_Driver/src/stm32f4xx_adc.o
                0x000000000800128c                ADC_Cmd
 .text.ADC_RegularChannelConfig
                0x00000000080012a0       0x8c StdPeriph_Driver/src/stm32f4xx_adc.o
                0x00000000080012a0                ADC_RegularChannelConfig
 .text.ADC_SoftwareStartConv
                0x000000000800132c        0xc StdPeriph_Driver/src/stm32f4xx_adc.o
                0x000000000800132c                ADC_SoftwareStartConv
 .text.ADC_DMACmd
                0x0000000008001338       0x14 StdPeriph_Driver/src/stm32f4xx_adc.o
                0x0000000008001338                ADC_DMACmd
 .text.ADC_DMARequestAfterLastTransferCmd
                0x000000000800134c       0x14 StdPeriph_Driver/src/stm32f4xx_adc.o
                0x000000000800134c                ADC_DMARequestAfterLastTransferCmd
 .text.DMA_Init
                0x0000000008001360       0x58 StdPeriph_Driver/src/stm32f4xx_dma.o
                0x0000000008001360                DMA_Init
 .text.DMA_Cmd  0x00000000080013b8       0x14 StdPeriph_Driver/src/stm32f4xx_dma.o
                0x00000000080013b8                DMA_Cmd
 .text.DMA_ITConfig
                0x00000000080013cc       0x40 StdPeriph_Driver/src/stm32f4xx_dma.o
                0x00000000080013cc                DMA_ITConfig
 .text.DMA_GetITStatus
                0x000000000800140c       0x54 StdPeriph_Driver/src/stm32f4xx_dma.o
                0x000000000800140c                DMA_GetITStatus
 .text.DMA_ClearITPendingBit
                0x0000000008001460       0x30 StdPeriph_Driver/src/stm32f4xx_dma.o
                0x0000000008001460                DMA_ClearITPendingBit
 .text.GPIO_Init
                0x0000000008001490       0x9c StdPeriph_Driver/src/stm32f4xx_gpio.o
                0x0000000008001490                GPIO_Init
 .text.GPIO_ReadInputDataBit
                0x000000000800152c        0xc StdPeriph_Driver/src/stm32f4xx_gpio.o
                0x000000000800152c                GPIO_ReadInputDataBit
 .text.GPIO_WriteBit
                0x0000000008001538        0xc StdPeriph_Driver/src/stm32f4xx_gpio.o
                0x0000000008001538                GPIO_WriteBit
 .text.GPIO_PinAFConfig
                0x0000000008001544       0x2c StdPeriph_Driver/src/stm32f4xx_gpio.o
                0x0000000008001544                GPIO_PinAFConfig
 .text.RCC_GetClocksFreq
                0x0000000008001570       0xc0 StdPeriph_Driver/src/stm32f4xx_rcc.o
                0x0000000008001570                RCC_GetClocksFreq
 .text.RCC_AHB1PeriphClockCmd
                0x0000000008001630       0x18 StdPeriph_Driver/src/stm32f4xx_rcc.o
                0x0000000008001630                RCC_AHB1PeriphClockCmd
 .text.RCC_APB1PeriphClockCmd
                0x0000000008001648       0x18 StdPeriph_Driver/src/stm32f4xx_rcc.o
                0x0000000008001648                RCC_APB1PeriphClockCmd
 .text.RCC_APB2PeriphClockCmd
                0x0000000008001660       0x18 StdPeriph_Driver/src/stm32f4xx_rcc.o
                0x0000000008001660                RCC_APB2PeriphClockCmd
 .text.SPI_Init
                0x0000000008001678       0x40 StdPeriph_Driver/src/stm32f4xx_spi.o
                0x0000000008001678                SPI_Init
 .text.SPI_Cmd  0x00000000080016b8       0x18 StdPeriph_Driver/src/stm32f4xx_spi.o
                0x00000000080016b8                SPI_Cmd
 .text.SPI_I2S_ReceiveData
                0x00000000080016d0        0x4 StdPeriph_Driver/src/stm32f4xx_spi.o
                0x00000000080016d0                SPI_I2S_ReceiveData
 .text.SPI_I2S_SendData
                0x00000000080016d4        0x4 StdPeriph_Driver/src/stm32f4xx_spi.o
                0x00000000080016d4                SPI_I2S_SendData
 .text.SPI_I2S_ITConfig
                0x00000000080016d8       0x1c StdPeriph_Driver/src/stm32f4xx_spi.o
                0x00000000080016d8                SPI_I2S_ITConfig
 .text.SPI_I2S_GetFlagStatus
                0x00000000080016f4        0xc StdPeriph_Driver/src/stm32f4xx_spi.o
                0x00000000080016f4                SPI_I2S_GetFlagStatus
 .text.TIM_TimeBaseInit
                0x0000000008001700       0x94 StdPeriph_Driver/src/stm32f4xx_tim.o
                0x0000000008001700                TIM_TimeBaseInit
 .text.TIM_Cmd  0x0000000008001794       0x18 StdPeriph_Driver/src/stm32f4xx_tim.o
                0x0000000008001794                TIM_Cmd
 .text.TIM_OC1Init
                0x00000000080017ac       0x7c StdPeriph_Driver/src/stm32f4xx_tim.o
                0x00000000080017ac                TIM_OC1Init
 .text.TIM_OC1PreloadConfig
                0x0000000008001828       0x10 StdPeriph_Driver/src/stm32f4xx_tim.o
                0x0000000008001828                TIM_OC1PreloadConfig
 .text.TIM_ITConfig
                0x0000000008001838       0x14 StdPeriph_Driver/src/stm32f4xx_tim.o
                0x0000000008001838                TIM_ITConfig
 .text.TIM_GetITStatus
                0x000000000800184c       0x18 StdPeriph_Driver/src/stm32f4xx_tim.o
                0x000000000800184c                TIM_GetITStatus
 .text.TIM_ClearITPendingBit
                0x0000000008001864        0x8 StdPeriph_Driver/src/stm32f4xx_tim.o
                0x0000000008001864                TIM_ClearITPendingBit
 .text.USART_Init
                0x000000000800186c       0xc0 StdPeriph_Driver/src/stm32f4xx_usart.o
                0x000000000800186c                USART_Init
 .text.USART_Cmd
                0x000000000800192c       0x18 StdPeriph_Driver/src/stm32f4xx_usart.o
                0x000000000800192c                USART_Cmd
 .text.USART_ReceiveData
                0x0000000008001944        0x8 StdPeriph_Driver/src/stm32f4xx_usart.o
                0x0000000008001944                USART_ReceiveData
 .text.USART_DMACmd
                0x000000000800194c       0x14 StdPeriph_Driver/src/stm32f4xx_usart.o
                0x000000000800194c                USART_DMACmd
 .text.USART_ITConfig
                0x0000000008001960       0x3c StdPeriph_Driver/src/stm32f4xx_usart.o
                0x0000000008001960                USART_ITConfig
 .text.USART_ClearFlag
                0x000000000800199c        0x8 StdPeriph_Driver/src/stm32f4xx_usart.o
                0x000000000800199c                USART_ClearFlag
 .text.init_adc
                0x00000000080019a4      0x108 src/adc.o
                0x00000000080019a4                init_adc
 .text.DMA2_Stream1_IRQHandler
                0x0000000008001aac       0x30 src/adc.o
                0x0000000008001aac                DMA2_Stream1_IRQHandler
 *fill*         0x0000000008001adc        0x4 
 .text.read_adc
                0x0000000008001ae0      0x198 src/adc.o
                0x0000000008001ae0                read_adc
 .text.switch_PTT
                0x0000000008001c78      0x138 src/controller.o
                0x0000000008001c78                switch_PTT
 .text.controller
                0x0000000008001db0       0xd8 src/controller.o
                0x0000000008001db0                controller
 .text._readDHT11
                0x0000000008001e88      0x1e4 src/dht11.o
                0x0000000008001e88                _readDHT11
 .text.readDHT11
                0x000000000800206c       0x2c src/dht11.o
                0x000000000800206c                readDHT11
 .text.SPI2_IRQHandler
                0x0000000008002098       0x94 src/display.o
                0x0000000008002098                SPI2_IRQHandler
 .text.display_bright
                0x000000000800212c       0xe4 src/display.o
                0x000000000800212c                display_bright
 .text.display_fill
                0x0000000008002210      0x39c src/display.o
                0x0000000008002210                display_fill
 .text.init_display
                0x00000000080025ac      0xfd0 src/display.o
                0x00000000080025ac                init_display
 .text.print_string
                0x000000000800357c      0x6d8 src/display.o
                0x000000000800357c                print_string
 .text.display_greeting
                0x0000000008003c54       0xf4 src/display_highlevel.o
                0x0000000008003c54                display_greeting
 .text.display  0x0000000008003d48      0x38c src/display_highlevel.o
                0x0000000008003d48                display
 .text.eval_downconverter_data
                0x00000000080040d4      0x1d4 src/downconv_data.o
                0x00000000080040d4                eval_downconverter_data
 .text.fan_pump_running
                0x00000000080042a8       0xec src/fan_pump.o
                0x00000000080042a8                fan_pump_running
 .text.restartFanPumpTimer
                0x0000000008004394       0x10 src/fan_pump.o
                0x0000000008004394                restartFanPumpTimer
 .text.switch_fan_pump
                0x00000000080043a4       0x1c src/fan_pump.o
                0x00000000080043a4                switch_fan_pump
 .text.fan_speed_control
                0x00000000080043c0       0x8c src/fan_pump.o
                0x00000000080043c0                fan_speed_control
 .text.init_gpio
                0x000000000800444c      0x1d0 src/gpio.o
                0x000000000800444c                init_gpio
 .text.toggle   0x000000000800461c       0x24 src/gpio.o
                0x000000000800461c                toggle
 .text.read_user_PTTs
                0x0000000008004640       0x30 src/gpio.o
                0x0000000008004640                read_user_PTTs
 .text.read_TAST
                0x0000000008004670       0x20 src/gpio.o
                0x0000000008004670                read_TAST
 .text.switch_PTT1
                0x0000000008004690       0x14 src/gpio.o
                0x0000000008004690                switch_PTT1
 .text.switch_PTTPA
                0x00000000080046a4       0x18 src/gpio.o
                0x00000000080046a4                switch_PTTPA
 .text.switch_PTT2
                0x00000000080046bc       0x14 src/gpio.o
                0x00000000080046bc                switch_PTT2
 .text.switch_onair
                0x00000000080046d0       0x14 src/gpio.o
                0x00000000080046d0                switch_onair
 .text.switch_PTTDRIVER
                0x00000000080046e4       0x14 src/gpio.o
                0x00000000080046e4                switch_PTTDRIVER
 .text.startup.main
                0x00000000080046f8       0x20 src/main.o
                0x00000000080046f8                main
 .text._sbrk    0x0000000008004718       0x3c src/syscalls.o
                0x0000000008004718                _sbrk
 .text.SystemInit
                0x0000000008004754      0x11c src/system_stm32f4xx.o
                0x0000000008004754                SystemInit
 .text.init_timer
                0x0000000008004870      0x104 src/timer.o
                0x0000000008004870                init_timer
 .text.setPWM   0x0000000008004974       0x40 src/timer.o
                0x0000000008004974                setPWM
 .text.TIM3_IRQHandler
                0x00000000080049b4       0xa8 src/timer.o
                0x00000000080049b4                TIM3_IRQHandler
 .text.TIM7_IRQHandler
                0x0000000008004a5c       0x34 src/timer.o
                0x0000000008004a5c                TIM7_IRQHandler
 .text.micros   0x0000000008004a90        0xc src/timer.o
                0x0000000008004a90                micros
 .text.delay_1ms
                0x0000000008004a9c       0x14 src/timer.o
                0x0000000008004a9c                delay_1ms
 .text.delay_1us
                0x0000000008004ab0       0x14 src/timer.o
                0x0000000008004ab0                delay_1us
 .text.init_uart
                0x0000000008004ac4      0x114 src/uart.o
                0x0000000008004ac4                init_uart
 .text.DMA2_Stream7_IRQHandler
                0x0000000008004bd8       0x30 src/uart.o
                0x0000000008004bd8                DMA2_Stream7_IRQHandler
 .text.USART2_IRQHandler
                0x0000000008004c08       0x3c src/uart.o
                0x0000000008004c08                USART2_IRQHandler
 .text.USART3_IRQHandler
                0x0000000008004c44       0x64 src/uart.o
                0x0000000008004c44                USART3_IRQHandler
 .text.getdata3
                0x0000000008004ca8       0x58 src/uart.o
                0x0000000008004ca8                getdata3
 .text.UART4_IRQHandler
                0x0000000008004d00       0x3c src/uart.o
                0x0000000008004d00                UART4_IRQHandler
 .text.deb_printf
                0x0000000008004d3c       0xe0 src/uart.o
                0x0000000008004d3c                deb_printf
 .text.eval_Upconverter_data
                0x0000000008004e1c        0x4 src/upconv_data.o
                0x0000000008004e1c                eval_Upconverter_data
 .text.Reset_Handler
                0x0000000008004e20       0x50 startup/startup_stm32.o
                0x0000000008004e20                Reset_Handler
 .text.Default_Handler
                0x0000000008004e70        0x2 startup/startup_stm32.o
                0x0000000008004e70                RTC_Alarm_IRQHandler
                0x0000000008004e70                EXTI2_IRQHandler
                0x0000000008004e70                TIM8_CC_IRQHandler
                0x0000000008004e70                SPDIF_Rx_IRQHandler
                0x0000000008004e70                DebugMon_Handler
                0x0000000008004e70                SPI4_IRQHandler
                0x0000000008004e70                TIM1_CC_IRQHandler
                0x0000000008004e70                QuadSPI_IRQHandler
                0x0000000008004e70                DMA2_Stream5_IRQHandler
                0x0000000008004e70                HardFault_Handler
                0x0000000008004e70                DMA1_Stream5_IRQHandler
                0x0000000008004e70                SysTick_Handler
                0x0000000008004e70                PVD_IRQHandler
                0x0000000008004e70                SDIO_IRQHandler
                0x0000000008004e70                TAMP_STAMP_IRQHandler
                0x0000000008004e70                PendSV_Handler
                0x0000000008004e70                NMI_Handler
                0x0000000008004e70                CAN2_RX1_IRQHandler
                0x0000000008004e70                EXTI3_IRQHandler
                0x0000000008004e70                TIM8_TRG_COM_TIM14_IRQHandler
                0x0000000008004e70                TIM1_UP_TIM10_IRQHandler
                0x0000000008004e70                FMPI2C1_error_IRQHandler
                0x0000000008004e70                TIM8_UP_TIM13_IRQHandler
                0x0000000008004e70                I2C3_ER_IRQHandler
                0x0000000008004e70                EXTI0_IRQHandler
                0x0000000008004e70                I2C2_EV_IRQHandler
                0x0000000008004e70                DMA1_Stream2_IRQHandler
                0x0000000008004e70                CAN1_RX0_IRQHandler
                0x0000000008004e70                FPU_IRQHandler
                0x0000000008004e70                OTG_HS_WKUP_IRQHandler
                0x0000000008004e70                UsageFault_Handler
                0x0000000008004e70                CAN2_SCE_IRQHandler
                0x0000000008004e70                DMA2_Stream2_IRQHandler
                0x0000000008004e70                SPI1_IRQHandler
                0x0000000008004e70                TIM6_DAC_IRQHandler
                0x0000000008004e70                TIM1_BRK_TIM9_IRQHandler
                0x0000000008004e70                DCMI_IRQHandler
                0x0000000008004e70                CAN2_RX0_IRQHandler
                0x0000000008004e70                DMA2_Stream3_IRQHandler
                0x0000000008004e70                FMPI2C1_IRQHandler
                0x0000000008004e70                SAI2_IRQHandler
                0x0000000008004e70                USART6_IRQHandler
                0x0000000008004e70                CAN1_RX1_IRQHandler
                0x0000000008004e70                UART5_IRQHandler
                0x0000000008004e70                DMA2_Stream0_IRQHandler
                0x0000000008004e70                TIM4_IRQHandler
                0x0000000008004e70                I2C1_EV_IRQHandler
                0x0000000008004e70                HDMI_CEC_IRQHandler
                0x0000000008004e70                DMA1_Stream6_IRQHandler
                0x0000000008004e70                DMA1_Stream1_IRQHandler
                0x0000000008004e70                RCC_IRQHandler
                0x0000000008004e70                TIM8_BRK_TIM12_IRQHandler
                0x0000000008004e70                Default_Handler
                0x0000000008004e70                EXTI15_10_IRQHandler
                0x0000000008004e70                ADC_IRQHandler
                0x0000000008004e70                DMA1_Stream7_IRQHandler
                0x0000000008004e70                CAN2_TX_IRQHandler
                0x0000000008004e70                TIM5_IRQHandler
                0x0000000008004e70                I2C3_EV_IRQHandler
                0x0000000008004e70                EXTI9_5_IRQHandler
                0x0000000008004e70                RTC_WKUP_IRQHandler
                0x0000000008004e70                OTG_HS_EP1_IN_IRQHandler
                0x0000000008004e70                MemManage_Handler
                0x0000000008004e70                DMA1_Stream0_IRQHandler
                0x0000000008004e70                CAN1_TX_IRQHandler
                0x0000000008004e70                SVC_Handler
                0x0000000008004e70                EXTI4_IRQHandler
                0x0000000008004e70                OTG_HS_EP1_OUT_IRQHandler
                0x0000000008004e70                WWDG_IRQHandler
                0x0000000008004e70                TIM2_IRQHandler
                0x0000000008004e70                OTG_FS_WKUP_IRQHandler
                0x0000000008004e70                TIM1_TRG_COM_TIM11_IRQHandler
                0x0000000008004e70                OTG_HS_IRQHandler
                0x0000000008004e70                EXTI1_IRQHandler
                0x0000000008004e70                I2C2_ER_IRQHandler
                0x0000000008004e70                CAN1_SCE_IRQHandler
                0x0000000008004e70                FLASH_IRQHandler
                0x0000000008004e70                DMA2_Stream4_IRQHandler
                0x0000000008004e70                BusFault_Handler
                0x0000000008004e70                USART1_IRQHandler
                0x0000000008004e70                OTG_FS_IRQHandler
                0x0000000008004e70                SPI3_IRQHandler
                0x0000000008004e70                DMA1_Stream4_IRQHandler
                0x0000000008004e70                I2C1_ER_IRQHandler
                0x0000000008004e70                FMC_IRQHandler
                0x0000000008004e70                DMA2_Stream6_IRQHandler
                0x0000000008004e70                SAI1_IRQHandler
                0x0000000008004e70                DMA1_Stream3_IRQHandler
 *fill*         0x0000000008004e72        0x2 
 .text.__errno  0x0000000008004e74        0xc /home/kurt/Ac6/SystemWorkbench/plugins/fr.ac6.mcu.externaltools.arm-none.linux64_1.17.0.201812190825/tools/compiler/bin/../lib/gcc/arm-none-eabi/7.3.1/../../../../arm-none-eabi/lib/thumb/v7e-m/fpv4-sp/hard/libc.a(lib_a-errno.o)
                0x0000000008004e74                __errno
 .text.__libc_init_array
                0x0000000008004e80       0x48 /home/kurt/Ac6/SystemWorkbench/plugins/fr.ac6.mcu.externaltools.arm-none.linux64_1.17.0.201812190825/tools/compiler/bin/../lib/gcc/arm-none-eabi/7.3.1/../../../../arm-none-eabi/lib/thumb/v7e-m/fpv4-sp/hard/libc.a(lib_a-init.o)
                0x0000000008004e80                __libc_init_array
 .text.memcmp   0x0000000008004ec8       0x64 /home/kurt/Ac6/SystemWorkbench/plugins/fr.ac6.mcu.externaltools.arm-none.linux64_1.17.0.201812190825/tools/compiler/bin/../lib/gcc/arm-none-eabi/7.3.1/../../../../arm-none-eabi/lib/thumb/v7e-m/fpv4-sp/hard/libc.a(lib_a-memcmp.o)
                0x0000000008004ec8                memcmp
 .text.memset   0x0000000008004f2c       0x94 /home/kurt/Ac6/SystemWorkbench/plugins/fr.ac6.mcu.externaltools.arm-none.linux64_1.17.0.201812190825/tools/compiler/bin/../lib/gcc/arm-none-eabi/7.3.1/../../../../arm-none-eabi/lib/thumb/v7e-m/fpv4-sp/hard/libc.a(lib_a-memset.o)
                0x0000000008004f2c                memset
 .text.sprintf  0x0000000008004fc0       0x44 /home/kurt/Ac6/SystemWorkbench/plugins/fr.ac6.mcu.externaltools.arm-none.linux64_1.17.0.201812190825/tools/compiler/bin/../lib/gcc/arm-none-eabi/7.3.1/../../../../arm-none-eabi/lib/thumb/v7e-m/fpv4-sp/hard/libc.a(lib_a-sprintf.o)
                0x0000000008004fc0                sprintf
 *fill*         0x0000000008005004        0x4 
 .text._svfprintf_r
                0x0000000008005008     0x19cc /home/kurt/Ac6/SystemWorkbench/plugins/fr.ac6.mcu.externaltools.arm-none.linux64_1.17.0.201812190825/tools/compiler/bin/../lib/gcc/arm-none-eabi/7.3.1/../../../../arm-none-eabi/lib/thumb/v7e-m/fpv4-sp/hard/libc.a(lib_a-svfprintf.o)
                0x0000000008005008                _svfprintf_r
 .text._vsprintf_r
                0x00000000080069d4       0x28 /home/kurt/Ac6/SystemWorkbench/plugins/fr.ac6.mcu.externaltools.arm-none.linux64_1.17.0.201812190825/tools/compiler/bin/../lib/gcc/arm-none-eabi/7.3.1/../../../../arm-none-eabi/lib/thumb/v7e-m/fpv4-sp/hard/libc.a(lib_a-vsprintf.o)
                0x00000000080069d4                _vsprintf_r
 .text.vsprintf
                0x00000000080069fc       0x18 /home/kurt/Ac6/SystemWorkbench/plugins/fr.ac6.mcu.externaltools.arm-none.linux64_1.17.0.201812190825/tools/compiler/bin/../lib/gcc/arm-none-eabi/7.3.1/../../../../arm-none-eabi/lib/thumb/v7e-m/fpv4-sp/hard/libc.a(lib_a-vsprintf.o)
                0x00000000080069fc                vsprintf
 .text.startup.register_fini
                0x0000000008006a14       0x14 /home/kurt/Ac6/SystemWorkbench/plugins/fr.ac6.mcu.externaltools.arm-none.linux64_1.17.0.201812190825/tools/compiler/bin/../lib/gcc/arm-none-eabi/7.3.1/../../../../arm-none-eabi/lib/thumb/v7e-m/fpv4-sp/hard/libc.a(lib_a-__call_atexit.o)
 .text.atexit   0x0000000008006a28        0xc /home/kurt/Ac6/SystemWorkbench/plugins/fr.ac6.mcu.externaltools.arm-none.linux64_1.17.0.201812190825/tools/compiler/bin/../lib/gcc/arm-none-eabi/7.3.1/../../../../arm-none-eabi/lib/thumb/v7e-m/fpv4-sp/hard/libc.a(lib_a-atexit.o)
                0x0000000008006a28                atexit
 .text.quorem   0x0000000008006a34      0x124 /home/kurt/Ac6/SystemWorkbench/plugins/fr.ac6.mcu.externaltools.arm-none.linux64_1.17.0.201812190825/tools/compiler/bin/../lib/gcc/arm-none-eabi/7.3.1/../../../../arm-none-eabi/lib/thumb/v7e-m/fpv4-sp/hard/libc.a(lib_a-dtoa.o)
 .text._dtoa_r  0x0000000008006b58      0xe20 /home/kurt/Ac6/SystemWorkbench/plugins/fr.ac6.mcu.externaltools.arm-none.linux64_1.17.0.201812190825/tools/compiler/bin/../lib/gcc/arm-none-eabi/7.3.1/../../../../arm-none-eabi/lib/thumb/v7e-m/fpv4-sp/hard/libc.a(lib_a-dtoa.o)
                0x0000000008006b58                _dtoa_r
 .text.__libc_fini_array
                0x0000000008007978       0x34 /home/kurt/Ac6/SystemWorkbench/plugins/fr.ac6.mcu.externaltools.arm-none.linux64_1.17.0.201812190825/tools/compiler/bin/../lib/gcc/arm-none-eabi/7.3.1/../../../../arm-none-eabi/lib/thumb/v7e-m/fpv4-sp/hard/libc.a(lib_a-fini.o)
                0x0000000008007978                __libc_fini_array
 .text._malloc_trim_r
                0x00000000080079ac       0xa0 /home/kurt/Ac6/SystemWorkbench/plugins/fr.ac6.mcu.externaltools.arm-none.linux64_1.17.0.201812190825/tools/compiler/bin/../lib/gcc/arm-none-eabi/7.3.1/../../../../arm-none-eabi/lib/thumb/v7e-m/fpv4-sp/hard/libc.a(lib_a-freer.o)
                0x00000000080079ac                _malloc_trim_r
 .text._free_r  0x0000000008007a4c      0x1e8 /home/kurt/Ac6/SystemWorkbench/plugins/fr.ac6.mcu.externaltools.arm-none.linux64_1.17.0.201812190825/tools/compiler/bin/../lib/gcc/arm-none-eabi/7.3.1/../../../../arm-none-eabi/lib/thumb/v7e-m/fpv4-sp/hard/libc.a(lib_a-freer.o)
                0x0000000008007a4c                _free_r
 .text._localeconv_r
                0x0000000008007c34       0x1c /home/kurt/Ac6/SystemWorkbench/plugins/fr.ac6.mcu.externaltools.arm-none.linux64_1.17.0.201812190825/tools/compiler/bin/../lib/gcc/arm-none-eabi/7.3.1/../../../../arm-none-eabi/lib/thumb/v7e-m/fpv4-sp/hard/libc.a(lib_a-localeconv.o)
                0x0000000008007c34                _localeconv_r
 .text.__retarget_lock_acquire_recursive
                0x0000000008007c50        0x4 /home/kurt/Ac6/SystemWorkbench/plugins/fr.ac6.mcu.externaltools.arm-none.linux64_1.17.0.201812190825/tools/compiler/bin/../lib/gcc/arm-none-eabi/7.3.1/../../../../arm-none-eabi/lib/thumb/v7e-m/fpv4-sp/hard/libc.a(lib_a-lock.o)
                0x0000000008007c50                __retarget_lock_acquire_recursive
 .text.__retarget_lock_release_recursive
                0x0000000008007c54        0x4 /home/kurt/Ac6/SystemWorkbench/plugins/fr.ac6.mcu.externaltools.arm-none.linux64_1.17.0.201812190825/tools/compiler/bin/../lib/gcc/arm-none-eabi/7.3.1/../../../../arm-none-eabi/lib/thumb/v7e-m/fpv4-sp/hard/libc.a(lib_a-lock.o)
                0x0000000008007c54                __retarget_lock_release_recursive
 .text._malloc_r
                0x0000000008007c58      0x548 /home/kurt/Ac6/SystemWorkbench/plugins/fr.ac6.mcu.externaltools.arm-none.linux64_1.17.0.201812190825/tools/compiler/bin/../lib/gcc/arm-none-eabi/7.3.1/../../../../arm-none-eabi/lib/thumb/v7e-m/fpv4-sp/hard/libc.a(lib_a-mallocr.o)
                0x0000000008007c58                _malloc_r
 .text.__malloc_lock
                0x00000000080081a0        0xc /home/kurt/Ac6/SystemWorkbench/plugins/fr.ac6.mcu.externaltools.arm-none.linux64_1.17.0.201812190825/tools/compiler/bin/../lib/gcc/arm-none-eabi/7.3.1/../../../../arm-none-eabi/lib/thumb/v7e-m/fpv4-sp/hard/libc.a(lib_a-mlock.o)
                0x00000000080081a0                __malloc_lock
 .text.__malloc_unlock
                0x00000000080081ac        0xc /home/kurt/Ac6/SystemWorkbench/plugins/fr.ac6.mcu.externaltools.arm-none.linux64_1.17.0.201812190825/tools/compiler/bin/../lib/gcc/arm-none-eabi/7.3.1/../../../../arm-none-eabi/lib/thumb/v7e-m/fpv4-sp/hard/libc.a(lib_a-mlock.o)
                0x00000000080081ac                __malloc_unlock
 .text._Balloc  0x00000000080081b8       0x4c /home/kurt/Ac6/SystemWorkbench/plugins/fr.ac6.mcu.externaltools.arm-none.linux64_1.17.0.201812190825/tools/compiler/bin/../lib/gcc/arm-none-eabi/7.3.1/../../../../arm-none-eabi/lib/thumb/v7e-m/fpv4-sp/hard/libc.a(lib_a-mprec.o)
                0x00000000080081b8                _Balloc
 .text._Bfree   0x0000000008008204       0x14 /home/kurt/Ac6/SystemWorkbench/plugins/fr.ac6.mcu.externaltools.arm-none.linux64_1.17.0.201812190825/tools/compiler/bin/../lib/gcc/arm-none-eabi/7.3.1/../../../../arm-none-eabi/lib/thumb/v7e-m/fpv4-sp/hard/libc.a(lib_a-mprec.o)
                0x0000000008008204                _Bfree
 .text.__multadd
                0x0000000008008218       0x80 /home/kurt/Ac6/SystemWorkbench/plugins/fr.ac6.mcu.externaltools.arm-none.linux64_1.17.0.201812190825/tools/compiler/bin/../lib/gcc/arm-none-eabi/7.3.1/../../../../arm-none-eabi/lib/thumb/v7e-m/fpv4-sp/hard/libc.a(lib_a-mprec.o)
                0x0000000008008218                __multadd
 .text.__hi0bits
                0x0000000008008298       0x40 /home/kurt/Ac6/SystemWorkbench/plugins/fr.ac6.mcu.externaltools.arm-none.linux64_1.17.0.201812190825/tools/compiler/bin/../lib/gcc/arm-none-eabi/7.3.1/../../../../arm-none-eabi/lib/thumb/v7e-m/fpv4-sp/hard/libc.a(lib_a-mprec.o)
                0x0000000008008298                __hi0bits
 .text.__lo0bits
                0x00000000080082d8       0x60 /home/kurt/Ac6/SystemWorkbench/plugins/fr.ac6.mcu.externaltools.arm-none.linux64_1.17.0.201812190825/tools/compiler/bin/../lib/gcc/arm-none-eabi/7.3.1/../../../../arm-none-eabi/lib/thumb/v7e-m/fpv4-sp/hard/libc.a(lib_a-mprec.o)
                0x00000000080082d8                __lo0bits
 .text.__i2b    0x0000000008008338       0x14 /home/kurt/Ac6/SystemWorkbench/plugins/fr.ac6.mcu.externaltools.arm-none.linux64_1.17.0.201812190825/tools/compiler/bin/../lib/gcc/arm-none-eabi/7.3.1/../../../../arm-none-eabi/lib/thumb/v7e-m/fpv4-sp/hard/libc.a(lib_a-mprec.o)
                0x0000000008008338                __i2b
 .text.__multiply
                0x000000000800834c      0x14c /home/kurt/Ac6/SystemWorkbench/plugins/fr.ac6.mcu.externaltools.arm-none.linux64_1.17.0.201812190825/tools/compiler/bin/../lib/gcc/arm-none-eabi/7.3.1/../../../../arm-none-eabi/lib/thumb/v7e-m/fpv4-sp/hard/libc.a(lib_a-mprec.o)
                0x000000000800834c                __multiply
 .text.__pow5mult
                0x0000000008008498       0xa0 /home/kurt/Ac6/SystemWorkbench/plugins/fr.ac6.mcu.externaltools.arm-none.linux64_1.17.0.201812190825/tools/compiler/bin/../lib/gcc/arm-none-eabi/7.3.1/../../../../arm-none-eabi/lib/thumb/v7e-m/fpv4-sp/hard/libc.a(lib_a-mprec.o)
                0x0000000008008498                __pow5mult
 .text.__lshift
                0x0000000008008538       0xac /home/kurt/Ac6/SystemWorkbench/plugins/fr.ac6.mcu.externaltools.arm-none.linux64_1.17.0.201812190825/tools/compiler/bin/../lib/gcc/arm-none-eabi/7.3.1/../../../../arm-none-eabi/lib/thumb/v7e-m/fpv4-sp/hard/libc.a(lib_a-mprec.o)
                0x0000000008008538                __lshift
 .text.__mcmp   0x00000000080085e4       0x38 /home/kurt/Ac6/SystemWorkbench/plugins/fr.ac6.mcu.externaltools.arm-none.linux64_1.17.0.201812190825/tools/compiler/bin/../lib/gcc/arm-none-eabi/7.3.1/../../../../arm-none-eabi/lib/thumb/v7e-m/fpv4-sp/hard/libc.a(lib_a-mprec.o)
                0x00000000080085e4                __mcmp
 .text.__mdiff  0x000000000800861c       0xec /home/kurt/Ac6/SystemWorkbench/plugins/fr.ac6.mcu.externaltools.arm-none.linux64_1.17.0.201812190825/tools/compiler/bin/../lib/gcc/arm-none-eabi/7.3.1/../../../../arm-none-eabi/lib/thumb/v7e-m/fpv4-sp/hard/libc.a(lib_a-mprec.o)
                0x000000000800861c                __mdiff
 .text.__d2b    0x0000000008008708       0xc4 /home/kurt/Ac6/SystemWorkbench/plugins/fr.ac6.mcu.externaltools.arm-none.linux64_1.17.0.201812190825/tools/compiler/bin/../lib/gcc/arm-none-eabi/7.3.1/../../../../arm-none-eabi/lib/thumb/v7e-m/fpv4-sp/hard/libc.a(lib_a-mprec.o)
                0x0000000008008708                __d2b
 .text.frexp    0x00000000080087cc       0x68 /home/kurt/Ac6/SystemWorkbench/plugins/fr.ac6.mcu.externaltools.arm-none.linux64_1.17.0.201812190825/tools/compiler/bin/../lib/gcc/arm-none-eabi/7.3.1/../../../../arm-none-eabi/lib/thumb/v7e-m/fpv4-sp/hard/libc.a(lib_a-s_frexp.o)
                0x00000000080087cc                frexp
 .text._sbrk_r  0x0000000008008834       0x24 /home/kurt/Ac6/SystemWorkbench/plugins/fr.ac6.mcu.externaltools.arm-none.linux64_1.17.0.201812190825/tools/compiler/bin/../lib/gcc/arm-none-eabi/7.3.1/../../../../arm-none-eabi/lib/thumb/v7e-m/fpv4-sp/hard/libc.a(lib_a-sbrkr.o)
                0x0000000008008834                _sbrk_r
 .text.strncpy  0x0000000008008858       0x64 /home/kurt/Ac6/SystemWorkbench/plugins/fr.ac6.mcu.externaltools.arm-none.linux64_1.17.0.201812190825/tools/compiler/bin/../lib/gcc/arm-none-eabi/7.3.1/../../../../arm-none-eabi/lib/thumb/v7e-m/fpv4-sp/hard/libc.a(lib_a-strncpy.o)
                0x0000000008008858                strncpy
 .text.__ssprint_r
                0x00000000080088bc       0xf4 /home/kurt/Ac6/SystemWorkbench/plugins/fr.ac6.mcu.externaltools.arm-none.linux64_1.17.0.201812190825/tools/compiler/bin/../lib/gcc/arm-none-eabi/7.3.1/../../../../arm-none-eabi/lib/thumb/v7e-m/fpv4-sp/hard/libc.a(lib_a-svfiprintf.o)
                0x00000000080088bc                __ssprint_r
 .text.__register_exitproc
                0x00000000080089b0       0xc0 /home/kurt/Ac6/SystemWorkbench/plugins/fr.ac6.mcu.externaltools.arm-none.linux64_1.17.0.201812190825/tools/compiler/bin/../lib/gcc/arm-none-eabi/7.3.1/../../../../arm-none-eabi/lib/thumb/v7e-m/fpv4-sp/hard/libc.a(lib_a-__atexit.o)
                0x00000000080089b0                __register_exitproc
 .text._calloc_r
                0x0000000008008a70       0x68 /home/kurt/Ac6/SystemWorkbench/plugins/fr.ac6.mcu.externaltools.arm-none.linux64_1.17.0.201812190825/tools/compiler/bin/../lib/gcc/arm-none-eabi/7.3.1/../../../../arm-none-eabi/lib/thumb/v7e-m/fpv4-sp/hard/libc.a(lib_a-callocr.o)
                0x0000000008008a70                _calloc_r
 .text.__ascii_mbtowc
                0x0000000008008ad8       0x2c /home/kurt/Ac6/SystemWorkbench/plugins/fr.ac6.mcu.externaltools.arm-none.linux64_1.17.0.201812190825/tools/compiler/bin/../lib/gcc/arm-none-eabi/7.3.1/../../../../arm-none-eabi/lib/thumb/v7e-m/fpv4-sp/hard/libc.a(lib_a-mbtowc_r.o)
                0x0000000008008ad8                __ascii_mbtowc
 .text.memmove  0x0000000008008b04       0xc8 /home/kurt/Ac6/SystemWorkbench/plugins/fr.ac6.mcu.externaltools.arm-none.linux64_1.17.0.201812190825/tools/compiler/bin/../lib/gcc/arm-none-eabi/7.3.1/../../../../arm-none-eabi/lib/thumb/v7e-m/fpv4-sp/hard/libc.a(lib_a-memmove.o)
                0x0000000008008b04                memmove
 .text._realloc_r
                0x0000000008008bcc      0x35c /home/kurt/Ac6/SystemWorkbench/plugins/fr.ac6.mcu.externaltools.arm-none.linux64_1.17.0.201812190825/tools/compiler/bin/../lib/gcc/arm-none-eabi/7.3.1/../../../../arm-none-eabi/lib/thumb/v7e-m/fpv4-sp/hard/libc.a(lib_a-reallocr.o)
                0x0000000008008bcc                _realloc_r
 .text.__ascii_wctomb
                0x0000000008008f28       0x1c /home/kurt/Ac6/SystemWorkbench/plugins/fr.ac6.mcu.externaltools.arm-none.linux64_1.17.0.201812190825/tools/compiler/bin/../lib/gcc/arm-none-eabi/7.3.1/../../../../arm-none-eabi/lib/thumb/v7e-m/fpv4-sp/hard/libc.a(lib_a-wctomb_r.o)
                0x0000000008008f28                __ascii_wctomb
 *(.glue_7)
 .glue_7        0x0000000008008f44        0x0 linker stubs
 *(.glue_7t)
 .glue_7t       0x0000000008008f44        0x0 linker stubs
 *(.eh_frame)
 .eh_frame      0x0000000008008f44        0x0 /home/kurt/Ac6/SystemWorkbench/plugins/fr.ac6.mcu.externaltools.arm-none.linux64_1.17.0.201812190825/tools/compiler/bin/../lib/gcc/arm-none-eabi/7.3.1/thumb/v7e-m/fpv4-sp/hard/crtbegin.o
 *(.init)
 .init          0x0000000008008f44        0x4 /home/kurt/Ac6/SystemWorkbench/plugins/fr.ac6.mcu.externaltools.arm-none.linux64_1.17.0.201812190825/tools/compiler/bin/../lib/gcc/arm-none-eabi/7.3.1/thumb/v7e-m/fpv4-sp/hard/crti.o
                0x0000000008008f44                _init
 .init          0x0000000008008f48        0x8 /home/kurt/Ac6/SystemWorkbench/plugins/fr.ac6.mcu.externaltools.arm-none.linux64_1.17.0.201812190825/tools/compiler/bin/../lib/gcc/arm-none-eabi/7.3.1/thumb/v7e-m/fpv4-sp/hard/crtn.o
 *(.fini)
 .fini          0x0000000008008f50        0x4 /home/kurt/Ac6/SystemWorkbench/plugins/fr.ac6.mcu.externaltools.arm-none.linux64_1.17.0.201812190825/tools/compiler/bin/../lib/gcc/arm-none-eabi/7.3.1/thumb/v7e-m/fpv4-sp/hard/crti.o
                0x0000000008008f50                _fini
 .fini          0x0000000008008f54        0x8 /home/kurt/Ac6/SystemWorkbench/plugins/fr.ac6.mcu.externaltools.arm-none.linux64_1.17.0.201812190825/tools/compiler/bin/../lib/gcc/arm-none-eabi/7.3.1/thumb/v7e-m/fpv4-sp/hard/crtn.o
                0x0000000008008f5c                . = ALIGN (0x4)
                0x0000000008008f5c                _etext = .

.vfp11_veneer   0x0000000008008f5c        0x0
 .vfp11_veneer  0x0000000008008f5c        0x0 linker stubs

.v4_bx          0x0000000008008f5c        0x0
 .v4_bx         0x0000000008008f5c        0x0 linker stubs

.iplt           0x0000000008008f5c        0x0
 .iplt          0x0000000008008f5c        0x0 /home/kurt/Ac6/SystemWorkbench/plugins/fr.ac6.mcu.externaltools.arm-none.linux64_1.17.0.201812190825/tools/compiler/bin/../lib/gcc/arm-none-eabi/7.3.1/thumb/v7e-m/fpv4-sp/hard/crtbegin.o

.rodata         0x0000000008008f60      0x734
                0x0000000008008f60                . = ALIGN (0x4)
 *(.rodata)
 .rodata        0x0000000008008f60      0x308 src/font8x8.o
                0x0000000008008f60                font8x8_basic
 *(.rodata*)
 .rodata.str1.4
                0x0000000008009268       0x41 src/controller.o
 *fill*         0x00000000080092a9        0x3 
 .rodata.str1.4
                0x00000000080092ac        0x9 src/dht11.o
 *fill*         0x00000000080092b5        0x3 
 .rodata.str1.4
                0x00000000080092b8       0x17 src/display.o
 *fill*         0x00000000080092cf        0x1 
 .rodata.str1.4
                0x00000000080092d0       0xcf src/display_highlevel.o
 *fill*         0x000000000800939f        0x1 
 .rodata.str1.4
                0x00000000080093a0       0x3d src/downconv_data.o
 *fill*         0x00000000080093dd        0x3 
 .rodata.str1.4
                0x00000000080093e0       0x2f src/fan_pump.o
 *fill*         0x000000000800940f        0x1 
 .rodata._global_impure_ptr
                0x0000000008009410        0x4 /home/kurt/Ac6/SystemWorkbench/plugins/fr.ac6.mcu.externaltools.arm-none.linux64_1.17.0.201812190825/tools/compiler/bin/../lib/gcc/arm-none-eabi/7.3.1/../../../../arm-none-eabi/lib/thumb/v7e-m/fpv4-sp/hard/libc.a(lib_a-impure.o)
                0x0000000008009410                _global_impure_ptr
 .rodata._svfprintf_r.str1.4
                0x0000000008009414       0x42 /home/kurt/Ac6/SystemWorkbench/plugins/fr.ac6.mcu.externaltools.arm-none.linux64_1.17.0.201812190825/tools/compiler/bin/../lib/gcc/arm-none-eabi/7.3.1/../../../../arm-none-eabi/lib/thumb/v7e-m/fpv4-sp/hard/libc.a(lib_a-svfprintf.o)
 *fill*         0x0000000008009456        0x2 
 .rodata.blanks.8590
                0x0000000008009458       0x10 /home/kurt/Ac6/SystemWorkbench/plugins/fr.ac6.mcu.externaltools.arm-none.linux64_1.17.0.201812190825/tools/compiler/bin/../lib/gcc/arm-none-eabi/7.3.1/../../../../arm-none-eabi/lib/thumb/v7e-m/fpv4-sp/hard/libc.a(lib_a-svfprintf.o)
 .rodata.zeroes.8591
                0x0000000008009468       0x10 /home/kurt/Ac6/SystemWorkbench/plugins/fr.ac6.mcu.externaltools.arm-none.linux64_1.17.0.201812190825/tools/compiler/bin/../lib/gcc/arm-none-eabi/7.3.1/../../../../arm-none-eabi/lib/thumb/v7e-m/fpv4-sp/hard/libc.a(lib_a-svfprintf.o)
 .rodata._dtoa_r.str1.4
                0x0000000008009478       0x10 /home/kurt/Ac6/SystemWorkbench/plugins/fr.ac6.mcu.externaltools.arm-none.linux64_1.17.0.201812190825/tools/compiler/bin/../lib/gcc/arm-none-eabi/7.3.1/../../../../arm-none-eabi/lib/thumb/v7e-m/fpv4-sp/hard/libc.a(lib_a-dtoa.o)
                                         0x12 (size before relaxing)
 .rodata.__mprec_bigtens
                0x0000000008009488       0x28 /home/kurt/Ac6/SystemWorkbench/plugins/fr.ac6.mcu.externaltools.arm-none.linux64_1.17.0.201812190825/tools/compiler/bin/../lib/gcc/arm-none-eabi/7.3.1/../../../../arm-none-eabi/lib/thumb/v7e-m/fpv4-sp/hard/libc.a(lib_a-mprec.o)
                0x0000000008009488                __mprec_bigtens
 .rodata.__mprec_tens
                0x00000000080094b0       0xc8 /home/kurt/Ac6/SystemWorkbench/plugins/fr.ac6.mcu.externaltools.arm-none.linux64_1.17.0.201812190825/tools/compiler/bin/../lib/gcc/arm-none-eabi/7.3.1/../../../../arm-none-eabi/lib/thumb/v7e-m/fpv4-sp/hard/libc.a(lib_a-mprec.o)
                0x00000000080094b0                __mprec_tens
 .rodata.p05.7367
                0x0000000008009578        0xc /home/kurt/Ac6/SystemWorkbench/plugins/fr.ac6.mcu.externaltools.arm-none.linux64_1.17.0.201812190825/tools/compiler/bin/../lib/gcc/arm-none-eabi/7.3.1/../../../../arm-none-eabi/lib/thumb/v7e-m/fpv4-sp/hard/libc.a(lib_a-mprec.o)
 .rodata._setlocale_r.str1.4
                0x0000000008009584        0x6 /home/kurt/Ac6/SystemWorkbench/plugins/fr.ac6.mcu.externaltools.arm-none.linux64_1.17.0.201812190825/tools/compiler/bin/../lib/gcc/arm-none-eabi/7.3.1/../../../../arm-none-eabi/lib/thumb/v7e-m/fpv4-sp/hard/libc.a(lib_a-locale.o)
                                          0xd (size before relaxing)
 *fill*         0x000000000800958a        0x2 
 .rodata.str1.4
                0x000000000800958c        0x4 /home/kurt/Ac6/SystemWorkbench/plugins/fr.ac6.mcu.externaltools.arm-none.linux64_1.17.0.201812190825/tools/compiler/bin/../lib/gcc/arm-none-eabi/7.3.1/../../../../arm-none-eabi/lib/thumb/v7e-m/fpv4-sp/hard/libc.a(lib_a-locale.o)
                                          0x2 (size before relaxing)
 .rodata._ctype_
                0x0000000008009590      0x101 /home/kurt/Ac6/SystemWorkbench/plugins/fr.ac6.mcu.externaltools.arm-none.linux64_1.17.0.201812190825/tools/compiler/bin/../lib/gcc/arm-none-eabi/7.3.1/../../../../arm-none-eabi/lib/thumb/v7e-m/fpv4-sp/hard/libc.a(lib_a-ctype_.o)
                0x0000000008009590                _ctype_
                0x0000000008009694                . = ALIGN (0x4)
 *fill*         0x0000000008009691        0x3 

.ARM.extab      0x0000000008009694        0x0
                0x0000000008009694                . = ALIGN (0x4)
 *(.ARM.extab* .gnu.linkonce.armextab.*)
                0x0000000008009694                . = ALIGN (0x4)

.ARM            0x0000000008009694        0x8
                0x0000000008009694                . = ALIGN (0x4)
                0x0000000008009694                __exidx_start = .
 *(.ARM.exidx*)
 .ARM.exidx     0x0000000008009694        0x8 /home/kurt/Ac6/SystemWorkbench/plugins/fr.ac6.mcu.externaltools.arm-none.linux64_1.17.0.201812190825/tools/compiler/bin/../lib/gcc/arm-none-eabi/7.3.1/thumb/v7e-m/fpv4-sp/hard/libgcc.a(_udivmoddi4.o)
                0x000000000800969c                __exidx_end = .
                0x000000000800969c                . = ALIGN (0x4)

.rel.dyn        0x000000000800969c        0x0
 .rel.iplt      0x000000000800969c        0x0 /home/kurt/Ac6/SystemWorkbench/plugins/fr.ac6.mcu.externaltools.arm-none.linux64_1.17.0.201812190825/tools/compiler/bin/../lib/gcc/arm-none-eabi/7.3.1/thumb/v7e-m/fpv4-sp/hard/crtbegin.o

.preinit_array  0x000000000800969c        0x0
                0x000000000800969c                . = ALIGN (0x4)
                0x000000000800969c                PROVIDE (__preinit_array_start = .)
 *(.preinit_array*)
                0x000000000800969c                PROVIDE (__preinit_array_end = .)
                0x000000000800969c                . = ALIGN (0x4)

.init_array     0x000000000800969c        0x8
                0x000000000800969c                . = ALIGN (0x4)
                0x000000000800969c                PROVIDE (__init_array_start = .)
 *(SORT_BY_NAME(.init_array.*))
 .init_array.00000
                0x000000000800969c        0x4 /home/kurt/Ac6/SystemWorkbench/plugins/fr.ac6.mcu.externaltools.arm-none.linux64_1.17.0.201812190825/tools/compiler/bin/../lib/gcc/arm-none-eabi/7.3.1/../../../../arm-none-eabi/lib/thumb/v7e-m/fpv4-sp/hard/libc.a(lib_a-__call_atexit.o)
 *(.init_array*)
 .init_array    0x00000000080096a0        0x4 /home/kurt/Ac6/SystemWorkbench/plugins/fr.ac6.mcu.externaltools.arm-none.linux64_1.17.0.201812190825/tools/compiler/bin/../lib/gcc/arm-none-eabi/7.3.1/thumb/v7e-m/fpv4-sp/hard/crtbegin.o
                0x00000000080096a4                PROVIDE (__init_array_end = .)
                0x00000000080096a4                . = ALIGN (0x4)

.fini_array     0x00000000080096a4        0x4
                0x00000000080096a4                . = ALIGN (0x4)
                0x00000000080096a4                PROVIDE (__fini_array_start = .)
 *(SORT_BY_NAME(.fini_array.*))
 *(.fini_array*)
 .fini_array    0x00000000080096a4        0x4 /home/kurt/Ac6/SystemWorkbench/plugins/fr.ac6.mcu.externaltools.arm-none.linux64_1.17.0.201812190825/tools/compiler/bin/../lib/gcc/arm-none-eabi/7.3.1/thumb/v7e-m/fpv4-sp/hard/crtbegin.o
                0x00000000080096a8                PROVIDE (__fini_array_end = .)
                0x00000000080096a8                . = ALIGN (0x4)
                0x00000000080096a8                _sidata = LOADADDR (.data)

.data           0x0000000020000000      0xa38 load address 0x00000000080096a8
                0x0000000020000000                . = ALIGN (0x4)
                0x0000000020000000                _sdata = .
 *(.data)
 .data          0x0000000020000000       0x10 StdPeriph_Driver/src/stm32f4xx_rcc.o
 .data          0x0000000020000010       0x60 src/adc.o
                0x0000000020000010                temptab
 .data          0x0000000020000070        0x2 src/dht11.o
                0x0000000020000070                dht11_humidity
                0x0000000020000071                dht11_temp
 .data          0x0000000020000072        0x2 src/display.o
                0x0000000020000072                spi_txready
                0x0000000020000073                spi_fin
 .data          0x0000000020000074        0xa src/display_highlevel.o
 .data          0x000000002000007e        0x4 src/fan_pump.o
                0x000000002000007e                fan_running
                0x0000000020000080                pump_running
 *fill*         0x0000000020000082        0x2 
 .data          0x0000000020000084        0x4 src/timer.o
                0x0000000020000084                display_dimval
 .data          0x0000000020000088        0x1 src/uart.o
                0x0000000020000088                uart1rdy
 *(.data*)
 *fill*         0x0000000020000089        0x3 
 .data._impure_ptr
                0x000000002000008c        0x4 /home/kurt/Ac6/SystemWorkbench/plugins/fr.ac6.mcu.externaltools.arm-none.linux64_1.17.0.201812190825/tools/compiler/bin/../lib/gcc/arm-none-eabi/7.3.1/../../../../arm-none-eabi/lib/thumb/v7e-m/fpv4-sp/hard/libc.a(lib_a-impure.o)
                0x000000002000008c                _impure_ptr
 .data.impure_data
                0x0000000020000090      0x428 /home/kurt/Ac6/SystemWorkbench/plugins/fr.ac6.mcu.externaltools.arm-none.linux64_1.17.0.201812190825/tools/compiler/bin/../lib/gcc/arm-none-eabi/7.3.1/../../../../arm-none-eabi/lib/thumb/v7e-m/fpv4-sp/hard/libc.a(lib_a-impure.o)
 .data.__atexit_recursive_mutex
                0x00000000200004b8        0x4 /home/kurt/Ac6/SystemWorkbench/plugins/fr.ac6.mcu.externaltools.arm-none.linux64_1.17.0.201812190825/tools/compiler/bin/../lib/gcc/arm-none-eabi/7.3.1/../../../../arm-none-eabi/lib/thumb/v7e-m/fpv4-sp/hard/libc.a(lib_a-__call_atexit.o)
                0x00000000200004b8                __atexit_recursive_mutex
 .data.__malloc_av_
                0x00000000200004bc      0x408 /home/kurt/Ac6/SystemWorkbench/plugins/fr.ac6.mcu.externaltools.arm-none.linux64_1.17.0.201812190825/tools/compiler/bin/../lib/gcc/arm-none-eabi/7.3.1/../../../../arm-none-eabi/lib/thumb/v7e-m/fpv4-sp/hard/libc.a(lib_a-mallocr.o)
                0x00000000200004bc                __malloc_av_
 .data.__malloc_sbrk_base
                0x00000000200008c4        0x4 /home/kurt/Ac6/SystemWorkbench/plugins/fr.ac6.mcu.externaltools.arm-none.linux64_1.17.0.201812190825/tools/compiler/bin/../lib/gcc/arm-none-eabi/7.3.1/../../../../arm-none-eabi/lib/thumb/v7e-m/fpv4-sp/hard/libc.a(lib_a-mallocr.o)
                0x00000000200008c4                __malloc_sbrk_base
 .data.__malloc_trim_threshold
                0x00000000200008c8        0x4 /home/kurt/Ac6/SystemWorkbench/plugins/fr.ac6.mcu.externaltools.arm-none.linux64_1.17.0.201812190825/tools/compiler/bin/../lib/gcc/arm-none-eabi/7.3.1/../../../../arm-none-eabi/lib/thumb/v7e-m/fpv4-sp/hard/libc.a(lib_a-mallocr.o)
                0x00000000200008c8                __malloc_trim_threshold
 .data.__global_locale
                0x00000000200008cc      0x16c /home/kurt/Ac6/SystemWorkbench/plugins/fr.ac6.mcu.externaltools.arm-none.linux64_1.17.0.201812190825/tools/compiler/bin/../lib/gcc/arm-none-eabi/7.3.1/../../../../arm-none-eabi/lib/thumb/v7e-m/fpv4-sp/hard/libc.a(lib_a-locale.o)
                0x00000000200008cc                __global_locale
                0x0000000020000a38                . = ALIGN (0x4)
                0x0000000020000a38                _edata = .

.igot.plt       0x0000000020000a38        0x0 load address 0x000000000800a0e0
 .igot.plt      0x0000000020000a38        0x0 /home/kurt/Ac6/SystemWorkbench/plugins/fr.ac6.mcu.externaltools.arm-none.linux64_1.17.0.201812190825/tools/compiler/bin/../lib/gcc/arm-none-eabi/7.3.1/thumb/v7e-m/fpv4-sp/hard/crtbegin.o
                0x0000000020000a38                . = ALIGN (0x4)

.bss            0x0000000020000a38      0xd90 load address 0x000000000800a0e0
                0x0000000020000a38                _sbss = .
                0x0000000020000a38                __bss_start__ = _sbss
 *(.bss)
 .bss           0x0000000020000a38       0x1c /home/kurt/Ac6/SystemWorkbench/plugins/fr.ac6.mcu.externaltools.arm-none.linux64_1.17.0.201812190825/tools/compiler/bin/../lib/gcc/arm-none-eabi/7.3.1/thumb/v7e-m/fpv4-sp/hard/crtbegin.o
 .bss           0x0000000020000a54       0x10 src/adc.o
                0x0000000020000a54                adccnv_ready
                0x0000000020000a60                patemperature
                0x0000000020000a62                v12
 .bss           0x0000000020000a64        0x4 src/controller.o
                0x0000000020000a64                emergency
 .bss           0x0000000020000a68      0x38e src/display_highlevel.o
 .bss           0x0000000020000df6        0x3 src/downconv_data.o
                0x0000000020000df6                down_dataready
                0x0000000020000df8                down_rxidx
 .bss           0x0000000020000df9        0x7 src/fan_pump.o
                0x0000000020000df9                fan_pump_onoff
                0x0000000020000dfb                fan_pump_alarm
                0x0000000020000dfd                fan_speed
                0x0000000020000dfe                old_fan_pump_onoff
                0x0000000020000dff                old_patemperature
 .bss           0x0000000020000e00        0x5 src/gpio.o
                0x0000000020000e01                PTT_NB
                0x0000000020000e02                PTT_WB
                0x0000000020000e03                tast
                0x0000000020000e04                PTT_PA
 *fill*         0x0000000020000e05        0x3 
 .bss           0x0000000020000e08        0x8 src/syscalls.o
                0x0000000020000e0c                __env
 .bss           0x0000000020000e10       0x1c src/timer.o
                0x0000000020000e11                fan_10ms_TO
                0x0000000020000e12                del_1s
                0x0000000020000e14                second1
                0x0000000020000e18                display_offtimer
                0x0000000020000e1c                display_off
                0x0000000020000e20                delay
                0x0000000020000e24                delay_us
                0x0000000020000e28                microticks
 .bss           0x0000000020000e2c        0x4 src/uart.o
                0x0000000020000e2c                rx_wr_index3
                0x0000000020000e2e                rx_rd_index3
 *(.bss*)
 .bss.__malloc_current_mallinfo
                0x0000000020000e30       0x28 /home/kurt/Ac6/SystemWorkbench/plugins/fr.ac6.mcu.externaltools.arm-none.linux64_1.17.0.201812190825/tools/compiler/bin/../lib/gcc/arm-none-eabi/7.3.1/../../../../arm-none-eabi/lib/thumb/v7e-m/fpv4-sp/hard/libc.a(lib_a-mallocr.o)
                0x0000000020000e30                __malloc_current_mallinfo
 .bss.__malloc_max_sbrked_mem
                0x0000000020000e58        0x4 /home/kurt/Ac6/SystemWorkbench/plugins/fr.ac6.mcu.externaltools.arm-none.linux64_1.17.0.201812190825/tools/compiler/bin/../lib/gcc/arm-none-eabi/7.3.1/../../../../arm-none-eabi/lib/thumb/v7e-m/fpv4-sp/hard/libc.a(lib_a-mallocr.o)
                0x0000000020000e58                __malloc_max_sbrked_mem
 .bss.__malloc_max_total_mem
                0x0000000020000e5c        0x4 /home/kurt/Ac6/SystemWorkbench/plugins/fr.ac6.mcu.externaltools.arm-none.linux64_1.17.0.201812190825/tools/compiler/bin/../lib/gcc/arm-none-eabi/7.3.1/../../../../arm-none-eabi/lib/thumb/v7e-m/fpv4-sp/hard/libc.a(lib_a-mallocr.o)
                0x0000000020000e5c                __malloc_max_total_mem
 .bss.__malloc_top_pad
                0x0000000020000e60        0x4 /home/kurt/Ac6/SystemWorkbench/plugins/fr.ac6.mcu.externaltools.arm-none.linux64_1.17.0.201812190825/tools/compiler/bin/../lib/gcc/arm-none-eabi/7.3.1/../../../../arm-none-eabi/lib/thumb/v7e-m/fpv4-sp/hard/libc.a(lib_a-mallocr.o)
                0x0000000020000e60                __malloc_top_pad
 *(COMMON)
 COMMON         0x0000000020000e64       0xf0 src/adc.o
                0x0000000020000e64                ADC3ConvertedValue
 COMMON         0x0000000020000f54       0xcb src/display.o
                0x0000000020000f54                spiDataBuffer
                0x000000002000101c                spiTXlen
                0x000000002000101d                dummy
                0x000000002000101e                spiTxCounter
 *fill*         0x000000002000101f        0x1 
 COMMON         0x0000000020001020      0x427 src/downconv_data.o
                0x0000000020001020                act_time
                0x00000000200010b8                num_gpssats
                0x0000000020001150                gps_lockstatus
                0x00000000200011e8                qthloc
                0x0000000020001280                longit
                0x0000000020001318                down_rxbuf
                0x00000000200013b0                latit
 *fill*         0x0000000020001447        0x1 
 COMMON         0x0000000020001448      0x358 src/uart.o
                0x0000000020001448                usart1_tx_buffer
                0x0000000020001510                uart4_tx_buffer
                0x00000000200015d8                usart2_tx_buffer
                0x00000000200016a0                rx_buffer3
 COMMON         0x00000000200017a0       0x21 /home/kurt/Ac6/SystemWorkbench/plugins/fr.ac6.mcu.externaltools.arm-none.linux64_1.17.0.201812190825/tools/compiler/bin/../lib/gcc/arm-none-eabi/7.3.1/../../../../arm-none-eabi/lib/thumb/v7e-m/fpv4-sp/hard/libc.a(lib_a-lock.o)
                0x00000000200017a0                __lock___atexit_recursive_mutex
                0x00000000200017a4                __lock___arc4random_mutex
                0x00000000200017a8                __lock___env_recursive_mutex
                0x00000000200017ac                __lock___sinit_recursive_mutex
                0x00000000200017b0                __lock___malloc_recursive_mutex
                0x00000000200017b4                __lock___at_quick_exit_mutex
                0x00000000200017b8                __lock___dd_hash_mutex
                0x00000000200017bc                __lock___tz_mutex
                0x00000000200017c0                __lock___sfp_recursive_mutex
 *fill*         0x00000000200017c1        0x3 
 COMMON         0x00000000200017c4        0x4 /home/kurt/Ac6/SystemWorkbench/plugins/fr.ac6.mcu.externaltools.arm-none.linux64_1.17.0.201812190825/tools/compiler/bin/../lib/gcc/arm-none-eabi/7.3.1/../../../../arm-none-eabi/lib/thumb/v7e-m/fpv4-sp/hard/libc.a(lib_a-reent.o)
                0x00000000200017c4                errno
                0x00000000200017c8                . = ALIGN (0x4)
                0x00000000200017c8                _ebss = .
                0x00000000200017c8                __bss_end__ = _ebss

._user_heap_stack
                0x00000000200017c8      0x400 load address 0x000000000800a0e0
                0x00000000200017c8                . = ALIGN (0x8)
                0x00000000200017c8                PROVIDE (end = .)
                [!provide]                        PROVIDE (_end = .)
                0x00000000200017c8                . = (. + _Min_Heap_Size)
                0x0000000020001bc8                . = (. + _Min_Stack_Size)
 *fill*         0x00000000200017c8      0x400 
                0x0000000020001bc8                . = ALIGN (0x8)

/DISCARD/
 libc.a(*)
 libm.a(*)
 libgcc.a(*)

.ARM.attributes
                0x0000000000000000       0x30
 *(.ARM.attributes)
 .ARM.attributes
                0x0000000000000000       0x22 /home/kurt/Ac6/SystemWorkbench/plugins/fr.ac6.mcu.externaltools.arm-none.linux64_1.17.0.201812190825/tools/compiler/bin/../lib/gcc/arm-none-eabi/7.3.1/thumb/v7e-m/fpv4-sp/hard/crti.o
 .ARM.attributes
                0x0000000000000022       0x34 /home/kurt/Ac6/SystemWorkbench/plugins/fr.ac6.mcu.externaltools.arm-none.linux64_1.17.0.201812190825/tools/compiler/bin/../lib/gcc/arm-none-eabi/7.3.1/thumb/v7e-m/fpv4-sp/hard/crtbegin.o
 .ARM.attributes
                0x0000000000000056       0x39 StdPeriph_Driver/src/misc.o
 .ARM.attributes
                0x000000000000008f       0x39 StdPeriph_Driver/src/stm32f4xx_adc.o
 .ARM.attributes
                0x00000000000000c8       0x39 StdPeriph_Driver/src/stm32f4xx_dma.o
 .ARM.attributes
                0x0000000000000101       0x39 StdPeriph_Driver/src/stm32f4xx_gpio.o
 .ARM.attributes
                0x000000000000013a       0x39 StdPeriph_Driver/src/stm32f4xx_rcc.o
 .ARM.attributes
                0x0000000000000173       0x39 StdPeriph_Driver/src/stm32f4xx_spi.o
 .ARM.attributes
                0x00000000000001ac       0x39 StdPeriph_Driver/src/stm32f4xx_tim.o
 .ARM.attributes
                0x00000000000001e5       0x39 StdPeriph_Driver/src/stm32f4xx_usart.o
 .ARM.attributes
                0x000000000000021e       0x39 src/adc.o
 .ARM.attributes
                0x0000000000000257       0x39 src/controller.o
 .ARM.attributes
                0x0000000000000290       0x39 src/dht11.o
 .ARM.attributes
                0x00000000000002c9       0x39 src/display.o
 .ARM.attributes
                0x0000000000000302       0x39 src/display_highlevel.o
 .ARM.attributes
                0x000000000000033b       0x39 src/downconv_data.o
 .ARM.attributes
                0x0000000000000374       0x39 src/fan_pump.o
 .ARM.attributes
                0x00000000000003ad       0x39 src/font8x8.o
 .ARM.attributes
                0x00000000000003e6       0x39 src/gpio.o
 .ARM.attributes
                0x000000000000041f       0x39 src/main.o
 .ARM.attributes
                0x0000000000000458       0x39 src/syscalls.o
 .ARM.attributes
                0x0000000000000491       0x39 src/system_stm32f4xx.o
 .ARM.attributes
                0x00000000000004ca       0x39 src/timer.o
 .ARM.attributes
                0x0000000000000503       0x39 src/uart.o
 .ARM.attributes
                0x000000000000053c       0x39 src/upconv_data.o
 .ARM.attributes
                0x0000000000000575       0x21 startup/startup_stm32.o
 .ARM.attributes
                0x0000000000000596       0x22 /home/kurt/Ac6/SystemWorkbench/plugins/fr.ac6.mcu.externaltools.arm-none.linux64_1.17.0.201812190825/tools/compiler/bin/../lib/gcc/arm-none-eabi/7.3.1/thumb/v7e-m/fpv4-sp/hard/libgcc.a(_arm_addsubdf3.o)
 .ARM.attributes
                0x00000000000005b8       0x22 /home/kurt/Ac6/SystemWorkbench/plugins/fr.ac6.mcu.externaltools.arm-none.linux64_1.17.0.201812190825/tools/compiler/bin/../lib/gcc/arm-none-eabi/7.3.1/thumb/v7e-m/fpv4-sp/hard/libgcc.a(_arm_muldivdf3.o)
 .ARM.attributes
                0x00000000000005da       0x22 /home/kurt/Ac6/SystemWorkbench/plugins/fr.ac6.mcu.externaltools.arm-none.linux64_1.17.0.201812190825/tools/compiler/bin/../lib/gcc/arm-none-eabi/7.3.1/thumb/v7e-m/fpv4-sp/hard/libgcc.a(_arm_fixdfsi.o)
 .ARM.attributes
                0x00000000000005fc       0x22 /home/kurt/Ac6/SystemWorkbench/plugins/fr.ac6.mcu.externaltools.arm-none.linux64_1.17.0.201812190825/tools/compiler/bin/../lib/gcc/arm-none-eabi/7.3.1/thumb/v7e-m/fpv4-sp/hard/libgcc.a(_arm_truncdfsf2.o)
 .ARM.attributes
                0x000000000000061e       0x34 /home/kurt/Ac6/SystemWorkbench/plugins/fr.ac6.mcu.externaltools.arm-none.linux64_1.17.0.201812190825/tools/compiler/bin/../lib/gcc/arm-none-eabi/7.3.1/../../../../arm-none-eabi/lib/thumb/v7e-m/fpv4-sp/hard/libc.a(lib_a-errno.o)
 .ARM.attributes
                0x0000000000000652       0x34 /home/kurt/Ac6/SystemWorkbench/plugins/fr.ac6.mcu.externaltools.arm-none.linux64_1.17.0.201812190825/tools/compiler/bin/../lib/gcc/arm-none-eabi/7.3.1/../../../../arm-none-eabi/lib/thumb/v7e-m/fpv4-sp/hard/libc.a(lib_a-impure.o)
 .ARM.attributes
                0x0000000000000686       0x34 /home/kurt/Ac6/SystemWorkbench/plugins/fr.ac6.mcu.externaltools.arm-none.linux64_1.17.0.201812190825/tools/compiler/bin/../lib/gcc/arm-none-eabi/7.3.1/../../../../arm-none-eabi/lib/thumb/v7e-m/fpv4-sp/hard/libc.a(lib_a-init.o)
 .ARM.attributes
                0x00000000000006ba       0x34 /home/kurt/Ac6/SystemWorkbench/plugins/fr.ac6.mcu.externaltools.arm-none.linux64_1.17.0.201812190825/tools/compiler/bin/../lib/gcc/arm-none-eabi/7.3.1/../../../../arm-none-eabi/lib/thumb/v7e-m/fpv4-sp/hard/libc.a(lib_a-memcmp.o)
 .ARM.attributes
                0x00000000000006ee       0x20 /home/kurt/Ac6/SystemWorkbench/plugins/fr.ac6.mcu.externaltools.arm-none.linux64_1.17.0.201812190825/tools/compiler/bin/../lib/gcc/arm-none-eabi/7.3.1/../../../../arm-none-eabi/lib/thumb/v7e-m/fpv4-sp/hard/libc.a(lib_a-memcpy.o)
 .ARM.attributes
                0x000000000000070e       0x34 /home/kurt/Ac6/SystemWorkbench/plugins/fr.ac6.mcu.externaltools.arm-none.linux64_1.17.0.201812190825/tools/compiler/bin/../lib/gcc/arm-none-eabi/7.3.1/../../../../arm-none-eabi/lib/thumb/v7e-m/fpv4-sp/hard/libc.a(lib_a-memset.o)
 .ARM.attributes
                0x0000000000000742       0x34 /home/kurt/Ac6/SystemWorkbench/plugins/fr.ac6.mcu.externaltools.arm-none.linux64_1.17.0.201812190825/tools/compiler/bin/../lib/gcc/arm-none-eabi/7.3.1/../../../../arm-none-eabi/lib/thumb/v7e-m/fpv4-sp/hard/libc.a(lib_a-sprintf.o)
 .ARM.attributes
                0x0000000000000776       0x20 /home/kurt/Ac6/SystemWorkbench/plugins/fr.ac6.mcu.externaltools.arm-none.linux64_1.17.0.201812190825/tools/compiler/bin/../lib/gcc/arm-none-eabi/7.3.1/../../../../arm-none-eabi/lib/thumb/v7e-m/fpv4-sp/hard/libc.a(lib_a-strlen.o)
 .ARM.attributes
                0x0000000000000796       0x34 /home/kurt/Ac6/SystemWorkbench/plugins/fr.ac6.mcu.externaltools.arm-none.linux64_1.17.0.201812190825/tools/compiler/bin/../lib/gcc/arm-none-eabi/7.3.1/../../../../arm-none-eabi/lib/thumb/v7e-m/fpv4-sp/hard/libc.a(lib_a-svfprintf.o)
 .ARM.attributes
                0x00000000000007ca       0x34 /home/kurt/Ac6/SystemWorkbench/plugins/fr.ac6.mcu.externaltools.arm-none.linux64_1.17.0.201812190825/tools/compiler/bin/../lib/gcc/arm-none-eabi/7.3.1/../../../../arm-none-eabi/lib/thumb/v7e-m/fpv4-sp/hard/libc.a(lib_a-vsprintf.o)
 .ARM.attributes
                0x00000000000007fe       0x34 /home/kurt/Ac6/SystemWorkbench/plugins/fr.ac6.mcu.externaltools.arm-none.linux64_1.17.0.201812190825/tools/compiler/bin/../lib/gcc/arm-none-eabi/7.3.1/../../../../arm-none-eabi/lib/thumb/v7e-m/fpv4-sp/hard/libc.a(lib_a-__call_atexit.o)
 .ARM.attributes
                0x0000000000000832       0x34 /home/kurt/Ac6/SystemWorkbench/plugins/fr.ac6.mcu.externaltools.arm-none.linux64_1.17.0.201812190825/tools/compiler/bin/../lib/gcc/arm-none-eabi/7.3.1/../../../../arm-none-eabi/lib/thumb/v7e-m/fpv4-sp/hard/libc.a(lib_a-atexit.o)
 .ARM.attributes
                0x0000000000000866       0x34 /home/kurt/Ac6/SystemWorkbench/plugins/fr.ac6.mcu.externaltools.arm-none.linux64_1.17.0.201812190825/tools/compiler/bin/../lib/gcc/arm-none-eabi/7.3.1/../../../../arm-none-eabi/lib/thumb/v7e-m/fpv4-sp/hard/libc.a(lib_a-dtoa.o)
 .ARM.attributes
                0x000000000000089a       0x34 /home/kurt/Ac6/SystemWorkbench/plugins/fr.ac6.mcu.externaltools.arm-none.linux64_1.17.0.201812190825/tools/compiler/bin/../lib/gcc/arm-none-eabi/7.3.1/../../../../arm-none-eabi/lib/thumb/v7e-m/fpv4-sp/hard/libc.a(lib_a-fini.o)
 .ARM.attributes
                0x00000000000008ce       0x34 /home/kurt/Ac6/SystemWorkbench/plugins/fr.ac6.mcu.externaltools.arm-none.linux64_1.17.0.201812190825/tools/compiler/bin/../lib/gcc/arm-none-eabi/7.3.1/../../../../arm-none-eabi/lib/thumb/v7e-m/fpv4-sp/hard/libc.a(lib_a-freer.o)
 .ARM.attributes
                0x0000000000000902       0x34 /home/kurt/Ac6/SystemWorkbench/plugins/fr.ac6.mcu.externaltools.arm-none.linux64_1.17.0.201812190825/tools/compiler/bin/../lib/gcc/arm-none-eabi/7.3.1/../../../../arm-none-eabi/lib/thumb/v7e-m/fpv4-sp/hard/libc.a(lib_a-localeconv.o)
 .ARM.attributes
                0x0000000000000936       0x34 /home/kurt/Ac6/SystemWorkbench/plugins/fr.ac6.mcu.externaltools.arm-none.linux64_1.17.0.201812190825/tools/compiler/bin/../lib/gcc/arm-none-eabi/7.3.1/../../../../arm-none-eabi/lib/thumb/v7e-m/fpv4-sp/hard/libc.a(lib_a-lock.o)
 .ARM.attributes
                0x000000000000096a       0x34 /home/kurt/Ac6/SystemWorkbench/plugins/fr.ac6.mcu.externaltools.arm-none.linux64_1.17.0.201812190825/tools/compiler/bin/../lib/gcc/arm-none-eabi/7.3.1/../../../../arm-none-eabi/lib/thumb/v7e-m/fpv4-sp/hard/libc.a(lib_a-mallocr.o)
 .ARM.attributes
                0x000000000000099e       0x20 /home/kurt/Ac6/SystemWorkbench/plugins/fr.ac6.mcu.externaltools.arm-none.linux64_1.17.0.201812190825/tools/compiler/bin/../lib/gcc/arm-none-eabi/7.3.1/../../../../arm-none-eabi/lib/thumb/v7e-m/fpv4-sp/hard/libc.a(lib_a-memchr.o)
 .ARM.attributes
                0x00000000000009be       0x34 /home/kurt/Ac6/SystemWorkbench/plugins/fr.ac6.mcu.externaltools.arm-none.linux64_1.17.0.201812190825/tools/compiler/bin/../lib/gcc/arm-none-eabi/7.3.1/../../../../arm-none-eabi/lib/thumb/v7e-m/fpv4-sp/hard/libc.a(lib_a-mlock.o)
 .ARM.attributes
                0x00000000000009f2       0x34 /home/kurt/Ac6/SystemWorkbench/plugins/fr.ac6.mcu.externaltools.arm-none.linux64_1.17.0.201812190825/tools/compiler/bin/../lib/gcc/arm-none-eabi/7.3.1/../../../../arm-none-eabi/lib/thumb/v7e-m/fpv4-sp/hard/libc.a(lib_a-mprec.o)
 .ARM.attributes
                0x0000000000000a26       0x34 /home/kurt/Ac6/SystemWorkbench/plugins/fr.ac6.mcu.externaltools.arm-none.linux64_1.17.0.201812190825/tools/compiler/bin/../lib/gcc/arm-none-eabi/7.3.1/../../../../arm-none-eabi/lib/thumb/v7e-m/fpv4-sp/hard/libc.a(lib_a-s_frexp.o)
 .ARM.attributes
                0x0000000000000a5a       0x34 /home/kurt/Ac6/SystemWorkbench/plugins/fr.ac6.mcu.externaltools.arm-none.linux64_1.17.0.201812190825/tools/compiler/bin/../lib/gcc/arm-none-eabi/7.3.1/../../../../arm-none-eabi/lib/thumb/v7e-m/fpv4-sp/hard/libc.a(lib_a-sbrkr.o)
 .ARM.attributes
                0x0000000000000a8e       0x34 /home/kurt/Ac6/SystemWorkbench/plugins/fr.ac6.mcu.externaltools.arm-none.linux64_1.17.0.201812190825/tools/compiler/bin/../lib/gcc/arm-none-eabi/7.3.1/../../../../arm-none-eabi/lib/thumb/v7e-m/fpv4-sp/hard/libc.a(lib_a-strncpy.o)
 .ARM.attributes
                0x0000000000000ac2       0x34 /home/kurt/Ac6/SystemWorkbench/plugins/fr.ac6.mcu.externaltools.arm-none.linux64_1.17.0.201812190825/tools/compiler/bin/../lib/gcc/arm-none-eabi/7.3.1/../../../../arm-none-eabi/lib/thumb/v7e-m/fpv4-sp/hard/libc.a(lib_a-svfiprintf.o)
 .ARM.attributes
                0x0000000000000af6       0x34 /home/kurt/Ac6/SystemWorkbench/plugins/fr.ac6.mcu.externaltools.arm-none.linux64_1.17.0.201812190825/tools/compiler/bin/../lib/gcc/arm-none-eabi/7.3.1/../../../../arm-none-eabi/lib/thumb/v7e-m/fpv4-sp/hard/libc.a(lib_a-__atexit.o)
 .ARM.attributes
                0x0000000000000b2a       0x34 /home/kurt/Ac6/SystemWorkbench/plugins/fr.ac6.mcu.externaltools.arm-none.linux64_1.17.0.201812190825/tools/compiler/bin/../lib/gcc/arm-none-eabi/7.3.1/../../../../arm-none-eabi/lib/thumb/v7e-m/fpv4-sp/hard/libc.a(lib_a-callocr.o)
 .ARM.attributes
                0x0000000000000b5e       0x34 /home/kurt/Ac6/SystemWorkbench/plugins/fr.ac6.mcu.externaltools.arm-none.linux64_1.17.0.201812190825/tools/compiler/bin/../lib/gcc/arm-none-eabi/7.3.1/../../../../arm-none-eabi/lib/thumb/v7e-m/fpv4-sp/hard/libc.a(lib_a-locale.o)
 .ARM.attributes
                0x0000000000000b92       0x34 /home/kurt/Ac6/SystemWorkbench/plugins/fr.ac6.mcu.externaltools.arm-none.linux64_1.17.0.201812190825/tools/compiler/bin/../lib/gcc/arm-none-eabi/7.3.1/../../../../arm-none-eabi/lib/thumb/v7e-m/fpv4-sp/hard/libc.a(lib_a-mbtowc_r.o)
 .ARM.attributes
                0x0000000000000bc6       0x34 /home/kurt/Ac6/SystemWorkbench/plugins/fr.ac6.mcu.externaltools.arm-none.linux64_1.17.0.201812190825/tools/compiler/bin/../lib/gcc/arm-none-eabi/7.3.1/../../../../arm-none-eabi/lib/thumb/v7e-m/fpv4-sp/hard/libc.a(lib_a-memmove.o)
 .ARM.attributes
                0x0000000000000bfa       0x34 /home/kurt/Ac6/SystemWorkbench/plugins/fr.ac6.mcu.externaltools.arm-none.linux64_1.17.0.201812190825/tools/compiler/bin/../lib/gcc/arm-none-eabi/7.3.1/../../../../arm-none-eabi/lib/thumb/v7e-m/fpv4-sp/hard/libc.a(lib_a-reallocr.o)
 .ARM.attributes
                0x0000000000000c2e       0x34 /home/kurt/Ac6/SystemWorkbench/plugins/fr.ac6.mcu.externaltools.arm-none.linux64_1.17.0.201812190825/tools/compiler/bin/../lib/gcc/arm-none-eabi/7.3.1/../../../../arm-none-eabi/lib/thumb/v7e-m/fpv4-sp/hard/libc.a(lib_a-reent.o)
 .ARM.attributes
                0x0000000000000c62       0x34 /home/kurt/Ac6/SystemWorkbench/plugins/fr.ac6.mcu.externaltools.arm-none.linux64_1.17.0.201812190825/tools/compiler/bin/../lib/gcc/arm-none-eabi/7.3.1/../../../../arm-none-eabi/lib/thumb/v7e-m/fpv4-sp/hard/libc.a(lib_a-wctomb_r.o)
 .ARM.attributes
                0x0000000000000c96       0x34 /home/kurt/Ac6/SystemWorkbench/plugins/fr.ac6.mcu.externaltools.arm-none.linux64_1.17.0.201812190825/tools/compiler/bin/../lib/gcc/arm-none-eabi/7.3.1/../../../../arm-none-eabi/lib/thumb/v7e-m/fpv4-sp/hard/libc.a(lib_a-ctype_.o)
 .ARM.attributes
                0x0000000000000cca       0x22 /home/kurt/Ac6/SystemWorkbench/plugins/fr.ac6.mcu.externaltools.arm-none.linux64_1.17.0.201812190825/tools/compiler/bin/../lib/gcc/arm-none-eabi/7.3.1/thumb/v7e-m/fpv4-sp/hard/libgcc.a(_arm_cmpdf2.o)
 .ARM.attributes
                0x0000000000000cec       0x22 /home/kurt/Ac6/SystemWorkbench/plugins/fr.ac6.mcu.externaltools.arm-none.linux64_1.17.0.201812190825/tools/compiler/bin/../lib/gcc/arm-none-eabi/7.3.1/thumb/v7e-m/fpv4-sp/hard/libgcc.a(_arm_unorddf2.o)
 .ARM.attributes
                0x0000000000000d0e       0x22 /home/kurt/Ac6/SystemWorkbench/plugins/fr.ac6.mcu.externaltools.arm-none.linux64_1.17.0.201812190825/tools/compiler/bin/../lib/gcc/arm-none-eabi/7.3.1/thumb/v7e-m/fpv4-sp/hard/libgcc.a(_aeabi_uldivmod.o)
 .ARM.attributes
                0x0000000000000d30       0x34 /home/kurt/Ac6/SystemWorkbench/plugins/fr.ac6.mcu.externaltools.arm-none.linux64_1.17.0.201812190825/tools/compiler/bin/../lib/gcc/arm-none-eabi/7.3.1/thumb/v7e-m/fpv4-sp/hard/libgcc.a(_udivmoddi4.o)
 .ARM.attributes
                0x0000000000000d64       0x22 /home/kurt/Ac6/SystemWorkbench/plugins/fr.ac6.mcu.externaltools.arm-none.linux64_1.17.0.201812190825/tools/compiler/bin/../lib/gcc/arm-none-eabi/7.3.1/thumb/v7e-m/fpv4-sp/hard/libgcc.a(_dvmd_tls.o)
 .ARM.attributes
                0x0000000000000d86       0x22 /home/kurt/Ac6/SystemWorkbench/plugins/fr.ac6.mcu.externaltools.arm-none.linux64_1.17.0.201812190825/tools/compiler/bin/../lib/gcc/arm-none-eabi/7.3.1/thumb/v7e-m/fpv4-sp/hard/crtn.o
OUTPUT(pa250ctrl.elf elf32-littlearm)

.comment        0x0000000000000000       0x7f
 .comment       0x0000000000000000       0x7f StdPeriph_Driver/src/misc.o
                                         0x80 (size before relaxing)
 .comment       0x000000000000007f       0x80 StdPeriph_Driver/src/stm32f4xx_adc.o
 .comment       0x000000000000007f       0x80 StdPeriph_Driver/src/stm32f4xx_dma.o
 .comment       0x000000000000007f       0x80 StdPeriph_Driver/src/stm32f4xx_gpio.o
 .comment       0x000000000000007f       0x80 StdPeriph_Driver/src/stm32f4xx_rcc.o
 .comment       0x000000000000007f       0x80 StdPeriph_Driver/src/stm32f4xx_spi.o
 .comment       0x000000000000007f       0x80 StdPeriph_Driver/src/stm32f4xx_tim.o
 .comment       0x000000000000007f       0x80 StdPeriph_Driver/src/stm32f4xx_usart.o
 .comment       0x000000000000007f       0x80 src/adc.o
 .comment       0x000000000000007f       0x80 src/controller.o
 .comment       0x000000000000007f       0x80 src/dht11.o
 .comment       0x000000000000007f       0x80 src/display.o
 .comment       0x000000000000007f       0x80 src/display_highlevel.o
 .comment       0x000000000000007f       0x80 src/downconv_data.o
 .comment       0x000000000000007f       0x80 src/fan_pump.o
 .comment       0x000000000000007f       0x80 src/font8x8.o
 .comment       0x000000000000007f       0x80 src/gpio.o
 .comment       0x000000000000007f       0x80 src/main.o
 .comment       0x000000000000007f       0x80 src/syscalls.o
 .comment       0x000000000000007f       0x80 src/system_stm32f4xx.o
 .comment       0x000000000000007f       0x80 src/timer.o
 .comment       0x000000000000007f       0x80 src/uart.o
 .comment       0x000000000000007f       0x80 src/upconv_data.o

.debug_frame    0x0000000000000000      0xd28
 .debug_frame   0x0000000000000000       0xac /home/kurt/Ac6/SystemWorkbench/plugins/fr.ac6.mcu.externaltools.arm-none.linux64_1.17.0.201812190825/tools/compiler/bin/../lib/gcc/arm-none-eabi/7.3.1/thumb/v7e-m/fpv4-sp/hard/libgcc.a(_arm_addsubdf3.o)
 .debug_frame   0x00000000000000ac       0x50 /home/kurt/Ac6/SystemWorkbench/plugins/fr.ac6.mcu.externaltools.arm-none.linux64_1.17.0.201812190825/tools/compiler/bin/../lib/gcc/arm-none-eabi/7.3.1/thumb/v7e-m/fpv4-sp/hard/libgcc.a(_arm_muldivdf3.o)
 .debug_frame   0x00000000000000fc       0x24 /home/kurt/Ac6/SystemWorkbench/plugins/fr.ac6.mcu.externaltools.arm-none.linux64_1.17.0.201812190825/tools/compiler/bin/../lib/gcc/arm-none-eabi/7.3.1/thumb/v7e-m/fpv4-sp/hard/libgcc.a(_arm_fixdfsi.o)
 .debug_frame   0x0000000000000120       0x24 /home/kurt/Ac6/SystemWorkbench/plugins/fr.ac6.mcu.externaltools.arm-none.linux64_1.17.0.201812190825/tools/compiler/bin/../lib/gcc/arm-none-eabi/7.3.1/thumb/v7e-m/fpv4-sp/hard/libgcc.a(_arm_truncdfsf2.o)
 .debug_frame   0x0000000000000144       0x20 /home/kurt/Ac6/SystemWorkbench/plugins/fr.ac6.mcu.externaltools.arm-none.linux64_1.17.0.201812190825/tools/compiler/bin/../lib/gcc/arm-none-eabi/7.3.1/../../../../arm-none-eabi/lib/thumb/v7e-m/fpv4-sp/hard/libc.a(lib_a-errno.o)
 .debug_frame   0x0000000000000164       0x2c /home/kurt/Ac6/SystemWorkbench/plugins/fr.ac6.mcu.externaltools.arm-none.linux64_1.17.0.201812190825/tools/compiler/bin/../lib/gcc/arm-none-eabi/7.3.1/../../../../arm-none-eabi/lib/thumb/v7e-m/fpv4-sp/hard/libc.a(lib_a-init.o)
 .debug_frame   0x0000000000000190       0x38 /home/kurt/Ac6/SystemWorkbench/plugins/fr.ac6.mcu.externaltools.arm-none.linux64_1.17.0.201812190825/tools/compiler/bin/../lib/gcc/arm-none-eabi/7.3.1/../../../../arm-none-eabi/lib/thumb/v7e-m/fpv4-sp/hard/libc.a(lib_a-memcmp.o)
 .debug_frame   0x00000000000001c8       0x38 /home/kurt/Ac6/SystemWorkbench/plugins/fr.ac6.mcu.externaltools.arm-none.linux64_1.17.0.201812190825/tools/compiler/bin/../lib/gcc/arm-none-eabi/7.3.1/../../../../arm-none-eabi/lib/thumb/v7e-m/fpv4-sp/hard/libc.a(lib_a-memset.o)
 .debug_frame   0x0000000000000200       0x80 /home/kurt/Ac6/SystemWorkbench/plugins/fr.ac6.mcu.externaltools.arm-none.linux64_1.17.0.201812190825/tools/compiler/bin/../lib/gcc/arm-none-eabi/7.3.1/../../../../arm-none-eabi/lib/thumb/v7e-m/fpv4-sp/hard/libc.a(lib_a-sprintf.o)
 .debug_frame   0x0000000000000280       0x40 /home/kurt/Ac6/SystemWorkbench/plugins/fr.ac6.mcu.externaltools.arm-none.linux64_1.17.0.201812190825/tools/compiler/bin/../lib/gcc/arm-none-eabi/7.3.1/../../../../arm-none-eabi/lib/thumb/v7e-m/fpv4-sp/hard/libc.a(lib_a-svfprintf.o)
 .debug_frame   0x00000000000002c0       0x4c /home/kurt/Ac6/SystemWorkbench/plugins/fr.ac6.mcu.externaltools.arm-none.linux64_1.17.0.201812190825/tools/compiler/bin/../lib/gcc/arm-none-eabi/7.3.1/../../../../arm-none-eabi/lib/thumb/v7e-m/fpv4-sp/hard/libc.a(lib_a-vsprintf.o)
 .debug_frame   0x000000000000030c       0x5c /home/kurt/Ac6/SystemWorkbench/plugins/fr.ac6.mcu.externaltools.arm-none.linux64_1.17.0.201812190825/tools/compiler/bin/../lib/gcc/arm-none-eabi/7.3.1/../../../../arm-none-eabi/lib/thumb/v7e-m/fpv4-sp/hard/libc.a(lib_a-__call_atexit.o)
 .debug_frame   0x0000000000000368       0x20 /home/kurt/Ac6/SystemWorkbench/plugins/fr.ac6.mcu.externaltools.arm-none.linux64_1.17.0.201812190825/tools/compiler/bin/../lib/gcc/arm-none-eabi/7.3.1/../../../../arm-none-eabi/lib/thumb/v7e-m/fpv4-sp/hard/libc.a(lib_a-atexit.o)
 .debug_frame   0x0000000000000388       0x88 /home/kurt/Ac6/SystemWorkbench/plugins/fr.ac6.mcu.externaltools.arm-none.linux64_1.17.0.201812190825/tools/compiler/bin/../lib/gcc/arm-none-eabi/7.3.1/../../../../arm-none-eabi/lib/thumb/v7e-m/fpv4-sp/hard/libc.a(lib_a-dtoa.o)
 .debug_frame   0x0000000000000410       0x34 /home/kurt/Ac6/SystemWorkbench/plugins/fr.ac6.mcu.externaltools.arm-none.linux64_1.17.0.201812190825/tools/compiler/bin/../lib/gcc/arm-none-eabi/7.3.1/../../../../arm-none-eabi/lib/thumb/v7e-m/fpv4-sp/hard/libc.a(lib_a-fini.o)
 .debug_frame   0x0000000000000444       0x80 /home/kurt/Ac6/SystemWorkbench/plugins/fr.ac6.mcu.externaltools.arm-none.linux64_1.17.0.201812190825/tools/compiler/bin/../lib/gcc/arm-none-eabi/7.3.1/../../../../arm-none-eabi/lib/thumb/v7e-m/fpv4-sp/hard/libc.a(lib_a-freer.o)
 .debug_frame   0x00000000000004c4       0x40 /home/kurt/Ac6/SystemWorkbench/plugins/fr.ac6.mcu.externaltools.arm-none.linux64_1.17.0.201812190825/tools/compiler/bin/../lib/gcc/arm-none-eabi/7.3.1/../../../../arm-none-eabi/lib/thumb/v7e-m/fpv4-sp/hard/libc.a(lib_a-localeconv.o)
 .debug_frame   0x0000000000000504       0xb0 /home/kurt/Ac6/SystemWorkbench/plugins/fr.ac6.mcu.externaltools.arm-none.linux64_1.17.0.201812190825/tools/compiler/bin/../lib/gcc/arm-none-eabi/7.3.1/../../../../arm-none-eabi/lib/thumb/v7e-m/fpv4-sp/hard/libc.a(lib_a-lock.o)
 .debug_frame   0x00000000000005b4       0x54 /home/kurt/Ac6/SystemWorkbench/plugins/fr.ac6.mcu.externaltools.arm-none.linux64_1.17.0.201812190825/tools/compiler/bin/../lib/gcc/arm-none-eabi/7.3.1/../../../../arm-none-eabi/lib/thumb/v7e-m/fpv4-sp/hard/libc.a(lib_a-mallocr.o)
 .debug_frame   0x0000000000000608       0x30 /home/kurt/Ac6/SystemWorkbench/plugins/fr.ac6.mcu.externaltools.arm-none.linux64_1.17.0.201812190825/tools/compiler/bin/../lib/gcc/arm-none-eabi/7.3.1/../../../../arm-none-eabi/lib/thumb/v7e-m/fpv4-sp/hard/libc.a(lib_a-mlock.o)
 .debug_frame   0x0000000000000638      0x25c /home/kurt/Ac6/SystemWorkbench/plugins/fr.ac6.mcu.externaltools.arm-none.linux64_1.17.0.201812190825/tools/compiler/bin/../lib/gcc/arm-none-eabi/7.3.1/../../../../arm-none-eabi/lib/thumb/v7e-m/fpv4-sp/hard/libc.a(lib_a-mprec.o)
 .debug_frame   0x0000000000000894       0x2c /home/kurt/Ac6/SystemWorkbench/plugins/fr.ac6.mcu.externaltools.arm-none.linux64_1.17.0.201812190825/tools/compiler/bin/../lib/gcc/arm-none-eabi/7.3.1/../../../../arm-none-eabi/lib/thumb/v7e-m/fpv4-sp/hard/libc.a(lib_a-s_frexp.o)
 .debug_frame   0x00000000000008c0       0x2c /home/kurt/Ac6/SystemWorkbench/plugins/fr.ac6.mcu.externaltools.arm-none.linux64_1.17.0.201812190825/tools/compiler/bin/../lib/gcc/arm-none-eabi/7.3.1/../../../../arm-none-eabi/lib/thumb/v7e-m/fpv4-sp/hard/libc.a(lib_a-sbrkr.o)
 .debug_frame   0x00000000000008ec       0x34 /home/kurt/Ac6/SystemWorkbench/plugins/fr.ac6.mcu.externaltools.arm-none.linux64_1.17.0.201812190825/tools/compiler/bin/../lib/gcc/arm-none-eabi/7.3.1/../../../../arm-none-eabi/lib/thumb/v7e-m/fpv4-sp/hard/libc.a(lib_a-strncpy.o)
 .debug_frame   0x0000000000000920       0x74 /home/kurt/Ac6/SystemWorkbench/plugins/fr.ac6.mcu.externaltools.arm-none.linux64_1.17.0.201812190825/tools/compiler/bin/../lib/gcc/arm-none-eabi/7.3.1/../../../../arm-none-eabi/lib/thumb/v7e-m/fpv4-sp/hard/libc.a(lib_a-svfiprintf.o)
 .debug_frame   0x0000000000000994       0x34 /home/kurt/Ac6/SystemWorkbench/plugins/fr.ac6.mcu.externaltools.arm-none.linux64_1.17.0.201812190825/tools/compiler/bin/../lib/gcc/arm-none-eabi/7.3.1/../../../../arm-none-eabi/lib/thumb/v7e-m/fpv4-sp/hard/libc.a(lib_a-__atexit.o)
 .debug_frame   0x00000000000009c8       0x28 /home/kurt/Ac6/SystemWorkbench/plugins/fr.ac6.mcu.externaltools.arm-none.linux64_1.17.0.201812190825/tools/compiler/bin/../lib/gcc/arm-none-eabi/7.3.1/../../../../arm-none-eabi/lib/thumb/v7e-m/fpv4-sp/hard/libc.a(lib_a-callocr.o)
 .debug_frame   0x00000000000009f0       0x6c /home/kurt/Ac6/SystemWorkbench/plugins/fr.ac6.mcu.externaltools.arm-none.linux64_1.17.0.201812190825/tools/compiler/bin/../lib/gcc/arm-none-eabi/7.3.1/../../../../arm-none-eabi/lib/thumb/v7e-m/fpv4-sp/hard/libc.a(lib_a-locale.o)
 .debug_frame   0x0000000000000a5c       0x4c /home/kurt/Ac6/SystemWorkbench/plugins/fr.ac6.mcu.externaltools.arm-none.linux64_1.17.0.201812190825/tools/compiler/bin/../lib/gcc/arm-none-eabi/7.3.1/../../../../arm-none-eabi/lib/thumb/v7e-m/fpv4-sp/hard/libc.a(lib_a-mbtowc_r.o)
 .debug_frame   0x0000000000000aa8       0x40 /home/kurt/Ac6/SystemWorkbench/plugins/fr.ac6.mcu.externaltools.arm-none.linux64_1.17.0.201812190825/tools/compiler/bin/../lib/gcc/arm-none-eabi/7.3.1/../../../../arm-none-eabi/lib/thumb/v7e-m/fpv4-sp/hard/libc.a(lib_a-memmove.o)
 .debug_frame   0x0000000000000ae8       0x58 /home/kurt/Ac6/SystemWorkbench/plugins/fr.ac6.mcu.externaltools.arm-none.linux64_1.17.0.201812190825/tools/compiler/bin/../lib/gcc/arm-none-eabi/7.3.1/../../../../arm-none-eabi/lib/thumb/v7e-m/fpv4-sp/hard/libc.a(lib_a-reallocr.o)
 .debug_frame   0x0000000000000b40       0x68 /home/kurt/Ac6/SystemWorkbench/plugins/fr.ac6.mcu.externaltools.arm-none.linux64_1.17.0.201812190825/tools/compiler/bin/../lib/gcc/arm-none-eabi/7.3.1/../../../../arm-none-eabi/lib/thumb/v7e-m/fpv4-sp/hard/libc.a(lib_a-reent.o)
 .debug_frame   0x0000000000000ba8       0x3c /home/kurt/Ac6/SystemWorkbench/plugins/fr.ac6.mcu.externaltools.arm-none.linux64_1.17.0.201812190825/tools/compiler/bin/../lib/gcc/arm-none-eabi/7.3.1/../../../../arm-none-eabi/lib/thumb/v7e-m/fpv4-sp/hard/libc.a(lib_a-wctomb_r.o)
 .debug_frame   0x0000000000000be4       0xc4 /home/kurt/Ac6/SystemWorkbench/plugins/fr.ac6.mcu.externaltools.arm-none.linux64_1.17.0.201812190825/tools/compiler/bin/../lib/gcc/arm-none-eabi/7.3.1/thumb/v7e-m/fpv4-sp/hard/libgcc.a(_arm_cmpdf2.o)
 .debug_frame   0x0000000000000ca8       0x20 /home/kurt/Ac6/SystemWorkbench/plugins/fr.ac6.mcu.externaltools.arm-none.linux64_1.17.0.201812190825/tools/compiler/bin/../lib/gcc/arm-none-eabi/7.3.1/thumb/v7e-m/fpv4-sp/hard/libgcc.a(_arm_unorddf2.o)
 .debug_frame   0x0000000000000cc8       0x2c /home/kurt/Ac6/SystemWorkbench/plugins/fr.ac6.mcu.externaltools.arm-none.linux64_1.17.0.201812190825/tools/compiler/bin/../lib/gcc/arm-none-eabi/7.3.1/thumb/v7e-m/fpv4-sp/hard/libgcc.a(_aeabi_uldivmod.o)
 .debug_frame   0x0000000000000cf4       0x34 /home/kurt/Ac6/SystemWorkbench/plugins/fr.ac6.mcu.externaltools.arm-none.linux64_1.17.0.201812190825/tools/compiler/bin/../lib/gcc/arm-none-eabi/7.3.1/thumb/v7e-m/fpv4-sp/hard/libgcc.a(_udivmoddi4.o)