Archive member included to satisfy reference by file (symbol)

/home/kurt/Ac6/SystemWorkbench/plugins/fr.ac6.mcu.externaltools.arm-none.linux64_1.17.0.201812190825/tools/compiler/bin/../lib/gcc/arm-none-eabi/7.3.1/thumb/v7e-m/fpv4-sp/hard/libgcc.a(_arm_addsubdf3.o)
                              src/adc.o (__aeabi_dsub)
/home/kurt/Ac6/SystemWorkbench/plugins/fr.ac6.mcu.externaltools.arm-none.linux64_1.17.0.201812190825/tools/compiler/bin/../lib/gcc/arm-none-eabi/7.3.1/thumb/v7e-m/fpv4-sp/hard/libgcc.a(_arm_muldivdf3.o)
                              src/adc.o (__aeabi_dmul)
/home/kurt/Ac6/SystemWorkbench/plugins/fr.ac6.mcu.externaltools.arm-none.linux64_1.17.0.201812190825/tools/compiler/bin/../lib/gcc/arm-none-eabi/7.3.1/thumb/v7e-m/fpv4-sp/hard/libgcc.a(_arm_fixdfsi.o)
                              src/adc.o (__aeabi_d2iz)
/home/kurt/Ac6/SystemWorkbench/plugins/fr.ac6.mcu.externaltools.arm-none.linux64_1.17.0.201812190825/tools/compiler/bin/../lib/gcc/arm-none-eabi/7.3.1/thumb/v7e-m/fpv4-sp/hard/libgcc.a(_arm_truncdfsf2.o)
                              src/adc.o (__aeabi_d2f)
/home/kurt/Ac6/SystemWorkbench/plugins/fr.ac6.mcu.externaltools.arm-none.linux64_1.17.0.201812190825/tools/compiler/bin/../lib/gcc/arm-none-eabi/7.3.1/../../../../arm-none-eabi/lib/thumb/v7e-m/fpv4-sp/hard/libc.a(lib_a-errno.o)
                              src/syscalls.o (__errno)
/home/kurt/Ac6/SystemWorkbench/plugins/fr.ac6.mcu.externaltools.arm-none.linux64_1.17.0.201812190825/tools/compiler/bin/../lib/gcc/arm-none-eabi/7.3.1/../../../../arm-none-eabi/lib/thumb/v7e-m/fpv4-sp/hard/libc.a(lib_a-exit.o)
                              /home/kurt/Ac6/SystemWorkbench/plugins/fr.ac6.mcu.externaltools.arm-none.linux64_1.17.0.201812190825/tools/compiler/bin/../lib/gcc/arm-none-eabi/7.3.1/../../../../arm-none-eabi/lib/thumb/v7e-m/fpv4-sp/hard/crt0.o (exit)
/home/kurt/Ac6/SystemWorkbench/plugins/fr.ac6.mcu.externaltools.arm-none.linux64_1.17.0.201812190825/tools/compiler/bin/../lib/gcc/arm-none-eabi/7.3.1/../../../../arm-none-eabi/lib/thumb/v7e-m/fpv4-sp/hard/libc.a(lib_a-impure.o)
                              /home/kurt/Ac6/SystemWorkbench/plugins/fr.ac6.mcu.externaltools.arm-none.linux64_1.17.0.201812190825/tools/compiler/bin/../lib/gcc/arm-none-eabi/7.3.1/../../../../arm-none-eabi/lib/thumb/v7e-m/fpv4-sp/hard/libc.a(lib_a-exit.o) (_global_impure_ptr)
/home/kurt/Ac6/SystemWorkbench/plugins/fr.ac6.mcu.externaltools.arm-none.linux64_1.17.0.201812190825/tools/compiler/bin/../lib/gcc/arm-none-eabi/7.3.1/../../../../arm-none-eabi/lib/thumb/v7e-m/fpv4-sp/hard/libc.a(lib_a-init.o)
                              /home/kurt/Ac6/SystemWorkbench/plugins/fr.ac6.mcu.externaltools.arm-none.linux64_1.17.0.201812190825/tools/compiler/bin/../lib/gcc/arm-none-eabi/7.3.1/../../../../arm-none-eabi/lib/thumb/v7e-m/fpv4-sp/hard/crt0.o (__libc_init_array)
/home/kurt/Ac6/SystemWorkbench/plugins/fr.ac6.mcu.externaltools.arm-none.linux64_1.17.0.201812190825/tools/compiler/bin/../lib/gcc/arm-none-eabi/7.3.1/../../../../arm-none-eabi/lib/thumb/v7e-m/fpv4-sp/hard/libc.a(lib_a-memcmp.o)
                              src/display_highlevel.o (memcmp)
/home/kurt/Ac6/SystemWorkbench/plugins/fr.ac6.mcu.externaltools.arm-none.linux64_1.17.0.201812190825/tools/compiler/bin/../lib/gcc/arm-none-eabi/7.3.1/../../../../arm-none-eabi/lib/thumb/v7e-m/fpv4-sp/hard/libc.a(lib_a-memcpy.o)
                              src/display_highlevel.o (memcpy)
/home/kurt/Ac6/SystemWorkbench/plugins/fr.ac6.mcu.externaltools.arm-none.linux64_1.17.0.201812190825/tools/compiler/bin/../lib/gcc/arm-none-eabi/7.3.1/../../../../arm-none-eabi/lib/thumb/v7e-m/fpv4-sp/hard/libc.a(lib_a-memset.o)
                              /home/kurt/Ac6/SystemWorkbench/plugins/fr.ac6.mcu.externaltools.arm-none.linux64_1.17.0.201812190825/tools/compiler/bin/../lib/gcc/arm-none-eabi/7.3.1/../../../../arm-none-eabi/lib/thumb/v7e-m/fpv4-sp/hard/crt0.o (memset)
/home/kurt/Ac6/SystemWorkbench/plugins/fr.ac6.mcu.externaltools.arm-none.linux64_1.17.0.201812190825/tools/compiler/bin/../lib/gcc/arm-none-eabi/7.3.1/../../../../arm-none-eabi/lib/thumb/v7e-m/fpv4-sp/hard/libc.a(lib_a-sprintf.o)
                              src/dht11.o (sprintf)
/home/kurt/Ac6/SystemWorkbench/plugins/fr.ac6.mcu.externaltools.arm-none.linux64_1.17.0.201812190825/tools/compiler/bin/../lib/gcc/arm-none-eabi/7.3.1/../../../../arm-none-eabi/lib/thumb/v7e-m/fpv4-sp/hard/libc.a(lib_a-strlen.o)
                              src/display.o (strlen)
/home/kurt/Ac6/SystemWorkbench/plugins/fr.ac6.mcu.externaltools.arm-none.linux64_1.17.0.201812190825/tools/compiler/bin/../lib/gcc/arm-none-eabi/7.3.1/../../../../arm-none-eabi/lib/thumb/v7e-m/fpv4-sp/hard/libc.a(lib_a-svfprintf.o)
                              /home/kurt/Ac6/SystemWorkbench/plugins/fr.ac6.mcu.externaltools.arm-none.linux64_1.17.0.201812190825/tools/compiler/bin/../lib/gcc/arm-none-eabi/7.3.1/../../../../arm-none-eabi/lib/thumb/v7e-m/fpv4-sp/hard/libc.a(lib_a-sprintf.o) (_svfprintf_r)
[...]
Memory Configuration

Name             Origin             Length             Attributes
RAM              0x0000000020000000 0x0000000000020000 xrw
ROM              0x0000000008000000 0x0000000000080000 xr
*default*        0x0000000000000000 0xffffffffffffffff

Linker script and memory map

LOAD /home/kurt/Ac6/SystemWorkbench/plugins/fr.ac6.mcu.externaltools.arm-none.linux64_1.17.0.201812190825/tools/compiler/bin/../lib/gcc/arm-none-eabi/7.3.1/thumb/v7e-m/fpv4-sp/hard/crti.o
LOAD /home/kurt/Ac6/SystemWorkbench/plugins/fr.ac6.mcu.externaltools.arm-none.linux64_1.17.0.201812190825/tools/compiler/bin/../lib/gcc/arm-none-eabi/7.3.1/thumb/v7e-m/fpv4-sp/hard/crtbegin.o
LOAD /home/kurt/Ac6/SystemWorkbench/plugins/fr.ac6.mcu.externaltools.arm-none.linux64_1.17.0.201812190825/tools/compiler/bin/../lib/gcc/arm-none-eabi/7.3.1/../../../../arm-none-eabi/lib/thumb/v7e-m/fpv4-sp/hard/crt0.o
LOAD StdPeriph_Driver/src/misc.o
LOAD StdPeriph_Driver/src/stm32f4xx_adc.o
LOAD StdPeriph_Driver/src/stm32f4xx_can.o
LOAD StdPeriph_Driver/src/stm32f4xx_cec.o
LOAD StdPeriph_Driver/src/stm32f4xx_crc.o
LOAD StdPeriph_Driver/src/stm32f4xx_cryp.o
LOAD StdPeriph_Driver/src/stm32f4xx_cryp_aes.o
LOAD StdPeriph_Driver/src/stm32f4xx_cryp_des.o
LOAD StdPeriph_Driver/src/stm32f4xx_cryp_tdes.o
LOAD StdPeriph_Driver/src/stm32f4xx_dac.o
LOAD StdPeriph_Driver/src/stm32f4xx_dbgmcu.o
LOAD StdPeriph_Driver/src/stm32f4xx_dcmi.o
LOAD StdPeriph_Driver/src/stm32f4xx_dfsdm.o
LOAD StdPeriph_Driver/src/stm32f4xx_dma.o
LOAD StdPeriph_Driver/src/stm32f4xx_dma2d.o
LOAD StdPeriph_Driver/src/stm32f4xx_dsi.o
LOAD StdPeriph_Driver/src/stm32f4xx_exti.o
LOAD StdPeriph_Driver/src/stm32f4xx_flash.o
LOAD StdPeriph_Driver/src/stm32f4xx_flash_ramfunc.o
LOAD StdPeriph_Driver/src/stm32f4xx_fmc.o
LOAD StdPeriph_Driver/src/stm32f4xx_fmip2c.o
LOAD StdPeriph_Driver/src/stm32f4xx_fsmc.o
LOAD StdPeriph_Driver/src/stm32f4xx_gpio.o
LOAD StdPeriph_Driver/src/stm32f4xx_hash.o
LOAD StdPeriph_Driver/src/stm32f4xx_hash_md5.o
LOAD StdPeriph_Driver/src/stm32f4xx_hash_sha1.o
LOAD StdPeriph_Driver/src/stm32f4xx_i2c.o
LOAD StdPeriph_Driver/src/stm32f4xx_iwdg.o
LOAD StdPeriph_Driver/src/stm32f4xx_lptim.o
LOAD StdPeriph_Driver/src/stm32f4xx_ltdc.o
LOAD StdPeriph_Driver/src/stm32f4xx_pwr.o
LOAD StdPeriph_Driver/src/stm32f4xx_qspi.o
LOAD StdPeriph_Driver/src/stm32f4xx_rcc.o
LOAD StdPeriph_Driver/src/stm32f4xx_rng.o
LOAD StdPeriph_Driver/src/stm32f4xx_rtc.o
LOAD StdPeriph_Driver/src/stm32f4xx_sai.o
LOAD StdPeriph_Driver/src/stm32f4xx_sdio.o
LOAD StdPeriph_Driver/src/stm32f4xx_spdifrx.o
LOAD StdPeriph_Driver/src/stm32f4xx_spi.o
LOAD StdPeriph_Driver/src/stm32f4xx_syscfg.o
LOAD StdPeriph_Driver/src/stm32f4xx_tim.o
LOAD StdPeriph_Driver/src/stm32f4xx_usart.o
LOAD StdPeriph_Driver/src/stm32f4xx_wwdg.o
LOAD src/adc.o
LOAD src/controller.o
LOAD src/dht11.o
LOAD src/display.o
LOAD src/display_highlevel.o
LOAD src/downconv_data.o
LOAD src/fan_pump.o
LOAD src/font8x8.o
LOAD src/gpio.o
LOAD src/main.o
LOAD src/syscalls.o
LOAD src/system_stm32f4xx.o
LOAD src/timer.o
LOAD src/uart.o
LOAD src/upconv_data.o
LOAD startup/startup_stm32.o
LOAD /home/kurt/Ac6/SystemWorkbench/plugins/fr.ac6.mcu.externaltools.arm-none.linux64_1.17.0.201812190825/tools/compiler/bin/../lib/gcc/arm-none-eabi/7.3.1/../../../../arm-none-eabi/lib/thumb/v7e-m/fpv4-sp/hard/libm.a
START GROUP
LOAD /home/kurt/Ac6/SystemWorkbench/plugins/fr.ac6.mcu.externaltools.arm-none.linux64_1.17.0.201812190825/tools/compiler/bin/../lib/gcc/arm-none-eabi/7.3.1/thumb/v7e-m/fpv4-sp/hard/libgcc.a
LOAD /home/kurt/Ac6/SystemWorkbench/plugins/fr.ac6.mcu.externaltools.arm-none.linux64_1.17.0.201812190825/tools/compiler/bin/../lib/gcc/arm-none-eabi/7.3.1/../../../../arm-none-eabi/lib/thumb/v7e-m/fpv4-sp/hard/libc.a
END GROUP
LOAD /home/kurt/Ac6/SystemWorkbench/plugins/fr.ac6.mcu.externaltools.arm-none.linux64_1.17.0.201812190825/tools/compiler/bin/../lib/gcc/arm-none-eabi/7.3.1/thumb/v7e-m/fpv4-sp/hard/crtend.o
LOAD /home/kurt/Ac6/SystemWorkbench/plugins/fr.ac6.mcu.externaltools.arm-none.linux64_1.17.0.201812190825/tools/compiler/bin/../lib/gcc/arm-none-eabi/7.3.1/thumb/v7e-m/fpv4-sp/hard/crtn.o
                0x0000000020020000                _estack = 0x20020000
                0x0000000000000000                _Min_Heap_Size = 0x0
                0x0000000000000400                _Min_Stack_Size = 0x400

.isr_vector     0x0000000008000000      0x1c4
                0x0000000008000000                . = ALIGN (0x4)
 *(.isr_vector)
 .isr_vector    0x0000000008000000      0x1c4 startup/startup_stm32.o
                0x0000000008000000                g_pfnVectors
                0x00000000080001c4                . = ALIGN (0x4)

.text           0x0000000008000200     0x8b9c
                0x0000000008000200                . = ALIGN (0x4)
 *(.text)
 .text          0x0000000008000200       0x40 /home/kurt/Ac6/SystemWorkbench/plugins/fr.ac6.mcu.externaltools.arm-none.linux64_1.17.0.201812190825/tools/compiler/bin/../lib/gcc/arm-none-eabi/7.3.1/thumb/v7e-m/fpv4-sp/hard/crtbegin.o
 .text          0x0000000008000240      0x378 /home/kurt/Ac6/SystemWorkbench/plugins/fr.ac6.mcu.externaltools.arm-none.linux64_1.17.0.201812190825/tools/compiler/bin/../lib/gcc/arm-none-eabi/7.3.1/thumb/v7e-m/fpv4-sp/hard/libgcc.a(_arm_addsubdf3.o)
                0x0000000008000240                __aeabi_drsub
                0x0000000008000248                __aeabi_dsub
                0x0000000008000248                __subdf3
                0x000000000800024c                __adddf3
                0x000000000800024c                __aeabi_dadd
                0x00000000080004c4                __aeabi_ui2d
                0x00000000080004c4                __floatunsidf
                0x00000000080004e4                __floatsidf
                0x00000000080004e4                __aeabi_i2d
                0x0000000008000508                __extendsfdf2
                0x0000000008000508                __aeabi_f2d
                0x000000000800054c                __aeabi_ul2d
                0x000000000800054c                __floatundidf
                0x000000000800055c                __floatdidf
                0x000000000800055c                __aeabi_l2d
 .text          0x00000000080005b8      0x424 /home/kurt/Ac6/SystemWorkbench/plugins/fr.ac6.mcu.externaltools.arm-none.linux64_1.17.0.201812190825/tools/compiler/bin/../lib/gcc/arm-none-eabi/7.3.1/thumb/v7e-m/fpv4-sp/hard/libgcc.a(_arm_muldivdf3.o)
                0x00000000080005b8                __aeabi_dmul
                0x00000000080005b8                __muldf3
                0x000000000800080c                __aeabi_ddiv
                0x000000000800080c                __divdf3
 .text          0x00000000080009dc       0x50 /home/kurt/Ac6/SystemWorkbench/plugins/fr.ac6.mcu.externaltools.arm-none.linux64_1.17.0.201812190825/tools/compiler/bin/../lib/gcc/arm-none-eabi/7.3.1/thumb/v7e-m/fpv4-sp/hard/libgcc.a(_arm_fixdfsi.o)
                0x00000000080009dc                __fixdfsi
                0x00000000080009dc                __aeabi_d2iz
 .text          0x0000000008000a2c       0xa0 /home/kurt/Ac6/SystemWorkbench/plugins/fr.ac6.mcu.externaltools.arm-none.linux64_1.17.0.201812190825/tools/compiler/bin/../lib/gcc/arm-none-eabi/7.3.1/thumb/v7e-m/fpv4-sp/hard/libgcc.a(_arm_truncdfsf2.o)
                0x0000000008000a2c                __aeabi_d2f
                0x0000000008000a2c                __truncdfsf2
 .text          0x0000000008000acc      0x134 /home/kurt/Ac6/SystemWorkbench/plugins/fr.ac6.mcu.externaltools.arm-none.linux64_1.17.0.201812190825/tools/compiler/bin/../lib/gcc/arm-none-eabi/7.3.1/../../../../arm-none-eabi/lib/thumb/v7e-m/fpv4-sp/hard/libc.a(lib_a-memcpy.o)
                0x0000000008000acc                memcpy
 .text          0x0000000008000c00       0xdc /home/kurt/Ac6/SystemWorkbench/plugins/fr.ac6.mcu.externaltools.arm-none.linux64_1.17.0.201812190825/tools/compiler/bin/../lib/gcc/arm-none-eabi/7.3.1/../../../../arm-none-eabi/lib/thumb/v7e-m/fpv4-sp/hard/libc.a(lib_a-strlen.o)
                0x0000000008000c00                strlen
 *fill*         0x0000000008000cdc        0x4 
 .text          0x0000000008000ce0       0xa0 /home/kurt/Ac6/SystemWorkbench/plugins/fr.ac6.mcu.externaltools.arm-none.linux64_1.17.0.201812190825/tools/compiler/bin/../lib/gcc/arm-none-eabi/7.3.1/../../../../arm-none-eabi/lib/thumb/v7e-m/fpv4-sp/hard/libc.a(lib_a-memchr.o)
                0x0000000008000ce0                memchr
 .text          0x0000000008000d80      0x110 /home/kurt/Ac6/SystemWorkbench/plugins/fr.ac6.mcu.externaltools.arm-none.linux64_1.17.0.201812190825/tools/compiler/bin/../lib/gcc/arm-none-eabi/7.3.1/thumb/v7e-m/fpv4-sp/hard/libgcc.a(_arm_cmpdf2.o)
                0x0000000008000d80                __gtdf2
                0x0000000008000d80                __gedf2
                0x0000000008000d88                __ltdf2
                0x0000000008000d88                __ledf2
                0x0000000008000d90                __cmpdf2
                0x0000000008000d90                __eqdf2
                0x0000000008000d90                __nedf2
                0x0000000008000e0c                __aeabi_cdrcmple
                0x0000000008000e1c                __aeabi_cdcmple
                0x0000000008000e1c                __aeabi_cdcmpeq
                0x0000000008000e2c                __aeabi_dcmpeq
                0x0000000008000e40                __aeabi_dcmplt
                0x0000000008000e54                __aeabi_dcmple
                0x0000000008000e68                __aeabi_dcmpge
                0x0000000008000e7c                __aeabi_dcmpgt
 .text          0x0000000008000e90       0x2c /home/kurt/Ac6/SystemWorkbench/plugins/fr.ac6.mcu.externaltools.arm-none.linux64_1.17.0.201812190825/tools/compiler/bin/../lib/gcc/arm-none-eabi/7.3.1/thumb/v7e-m/fpv4-sp/hard/libgcc.a(_arm_unorddf2.o)
                0x0000000008000e90                __aeabi_dcmpun
                0x0000000008000e90                __unorddf2
 .text          0x0000000008000ebc       0x30 /home/kurt/Ac6/SystemWorkbench/plugins/fr.ac6.mcu.externaltools.arm-none.linux64_1.17.0.201812190825/tools/compiler/bin/../lib/gcc/arm-none-eabi/7.3.1/thumb/v7e-m/fpv4-sp/hard/libgcc.a(_aeabi_uldivmod.o)
                0x0000000008000ebc                __aeabi_uldivmod
 .text          0x0000000008000eec      0x2cc /home/kurt/Ac6/SystemWorkbench/plugins/fr.ac6.mcu.externaltools.arm-none.linux64_1.17.0.201812190825/tools/compiler/bin/../lib/gcc/arm-none-eabi/7.3.1/thumb/v7e-m/fpv4-sp/hard/libgcc.a(_udivmoddi4.o)
                0x0000000008000eec                __udivmoddi4
 .text          0x00000000080011b8        0x4 /home/kurt/Ac6/SystemWorkbench/plugins/fr.ac6.mcu.externaltools.arm-none.linux64_1.17.0.201812190825/tools/compiler/bin/../lib/gcc/arm-none-eabi/7.3.1/thumb/v7e-m/fpv4-sp/hard/libgcc.a(_dvmd_tls.o)
                0x00000000080011b8                __aeabi_ldiv0
                0x00000000080011b8                __aeabi_idiv0
 *(.text*)
 .text.NVIC_Init
                0x00000000080011bc       0xc4 StdPeriph_Driver/src/misc.o
                0x00000000080011bc                NVIC_Init
 .text.ADC_Init
                0x0000000008001280       0xac StdPeriph_Driver/src/stm32f4xx_adc.o
                0x0000000008001280                ADC_Init
 .text.ADC_CommonInit
                0x000000000800132c       0x50 StdPeriph_Driver/src/stm32f4xx_adc.o
                0x000000000800132c                ADC_CommonInit
 .text.ADC_Cmd  0x000000000800137c       0x38 StdPeriph_Driver/src/stm32f4xx_adc.o
                0x000000000800137c                ADC_Cmd
 .text.ADC_RegularChannelConfig
                0x00000000080013b4      0x194 StdPeriph_Driver/src/stm32f4xx_adc.o
                0x00000000080013b4                ADC_RegularChannelConfig
 .text.ADC_SoftwareStartConv
                0x0000000008001548       0x20 StdPeriph_Driver/src/stm32f4xx_adc.o
                0x0000000008001548                ADC_SoftwareStartConv
 .text.ADC_DMACmd
                0x0000000008001568       0x38 StdPeriph_Driver/src/stm32f4xx_adc.o
                0x0000000008001568                ADC_DMACmd
 .text.ADC_DMARequestAfterLastTransferCmd
                0x00000000080015a0       0x38 StdPeriph_Driver/src/stm32f4xx_adc.o
                0x00000000080015a0                ADC_DMARequestAfterLastTransferCmd
 .text.DMA_Init
                0x00000000080015d8       0xb0 StdPeriph_Driver/src/stm32f4xx_dma.o
                0x00000000080015d8                DMA_Init
 .text.DMA_Cmd  0x0000000008001688       0x38 StdPeriph_Driver/src/stm32f4xx_dma.o
                0x0000000008001688                DMA_Cmd
 .text.DMA_ITConfig
                0x00000000080016c0       0x74 StdPeriph_Driver/src/stm32f4xx_dma.o
                0x00000000080016c0                DMA_ITConfig
 .text.DMA_GetITStatus
                0x0000000008001734       0xb0 StdPeriph_Driver/src/stm32f4xx_dma.o
                0x0000000008001734                DMA_GetITStatus
 .text.DMA_ClearITPendingBit
                0x00000000080017e4       0x5c StdPeriph_Driver/src/stm32f4xx_dma.o
                0x00000000080017e4                DMA_ClearITPendingBit
 .text.GPIO_Init
                0x0000000008001840      0x11c StdPeriph_Driver/src/stm32f4xx_gpio.o
                0x0000000008001840                GPIO_Init
 .text.GPIO_ReadInputDataBit
                0x000000000800195c       0x34 StdPeriph_Driver/src/stm32f4xx_gpio.o
                0x000000000800195c                GPIO_ReadInputDataBit
 .text.GPIO_WriteBit
                0x0000000008001990       0x30 StdPeriph_Driver/src/stm32f4xx_gpio.o
                0x0000000008001990                GPIO_WriteBit
 .text.GPIO_PinAFConfig
                0x00000000080019c0       0x92 StdPeriph_Driver/src/stm32f4xx_gpio.o
                0x00000000080019c0                GPIO_PinAFConfig
 *fill*         0x0000000008001a52        0x2 
 .text.RCC_GetClocksFreq
                0x0000000008001a54      0x1f4 StdPeriph_Driver/src/stm32f4xx_rcc.o
                0x0000000008001a54                RCC_GetClocksFreq
 .text.RCC_AHB1PeriphClockCmd
                0x0000000008001c48       0x40 StdPeriph_Driver/src/stm32f4xx_rcc.o
                0x0000000008001c48                RCC_AHB1PeriphClockCmd
 .text.RCC_APB1PeriphClockCmd
                0x0000000008001c88       0x40 StdPeriph_Driver/src/stm32f4xx_rcc.o
                0x0000000008001c88                RCC_APB1PeriphClockCmd
 .text.RCC_APB2PeriphClockCmd
                0x0000000008001cc8       0x40 StdPeriph_Driver/src/stm32f4xx_rcc.o
                0x0000000008001cc8                RCC_APB2PeriphClockCmd
 .text.SPI_Init
                0x0000000008001d08       0x88 StdPeriph_Driver/src/stm32f4xx_spi.o
                0x0000000008001d08                SPI_Init
 .text.SPI_Cmd  0x0000000008001d90       0x40 StdPeriph_Driver/src/stm32f4xx_spi.o
                0x0000000008001d90                SPI_Cmd
 .text.SPI_I2S_ReceiveData
                0x0000000008001dd0       0x1a StdPeriph_Driver/src/stm32f4xx_spi.o
                0x0000000008001dd0                SPI_I2S_ReceiveData
 .text.SPI_I2S_SendData
                0x0000000008001dea       0x1e StdPeriph_Driver/src/stm32f4xx_spi.o
                0x0000000008001dea                SPI_I2S_SendData
 .text.SPI_I2S_ITConfig
                0x0000000008001e08       0x62 StdPeriph_Driver/src/stm32f4xx_spi.o
                0x0000000008001e08                SPI_I2S_ITConfig
 .text.SPI_I2S_GetFlagStatus
                0x0000000008001e6a       0x38 StdPeriph_Driver/src/stm32f4xx_spi.o
                0x0000000008001e6a                SPI_I2S_GetFlagStatus
 *fill*         0x0000000008001ea2        0x2 
 .text.TIM_TimeBaseInit
                0x0000000008001ea4       0xd8 StdPeriph_Driver/src/stm32f4xx_tim.o
                0x0000000008001ea4                TIM_TimeBaseInit
 .text.TIM_Cmd  0x0000000008001f7c       0x40 StdPeriph_Driver/src/stm32f4xx_tim.o
                0x0000000008001f7c                TIM_Cmd
 .text.TIM_OC1Init
                0x0000000008001fbc       0xf4 StdPeriph_Driver/src/stm32f4xx_tim.o
                0x0000000008001fbc                TIM_OC1Init
 .text.TIM_OC1PreloadConfig
                0x00000000080020b0       0x38 StdPeriph_Driver/src/stm32f4xx_tim.o
                0x00000000080020b0                TIM_OC1PreloadConfig
 .text.TIM_ITConfig
                0x00000000080020e8       0x48 StdPeriph_Driver/src/stm32f4xx_tim.o
                0x00000000080020e8                TIM_ITConfig
 .text.TIM_GetITStatus
                0x0000000008002130       0x54 StdPeriph_Driver/src/stm32f4xx_tim.o
                0x0000000008002130                TIM_GetITStatus
 .text.TIM_ClearITPendingBit
                0x0000000008002184       0x22 StdPeriph_Driver/src/stm32f4xx_tim.o
                0x0000000008002184                TIM_ClearITPendingBit
 *fill*         0x00000000080021a6        0x2 
 .text.USART_Init
                0x00000000080021a8      0x174 StdPeriph_Driver/src/stm32f4xx_usart.o
                0x00000000080021a8                USART_Init
 .text.USART_Cmd
                0x000000000800231c       0x40 StdPeriph_Driver/src/stm32f4xx_usart.o
                0x000000000800231c                USART_Cmd
 .text.USART_ReceiveData
                0x000000000800235c       0x20 StdPeriph_Driver/src/stm32f4xx_usart.o
                0x000000000800235c                USART_ReceiveData
 .text.USART_DMACmd
                0x000000000800237c       0x48 StdPeriph_Driver/src/stm32f4xx_usart.o
                0x000000000800237c                USART_DMACmd
 .text.USART_ITConfig
                0x00000000080023c4       0x90 StdPeriph_Driver/src/stm32f4xx_usart.o
                0x00000000080023c4                USART_ITConfig
 .text.USART_ClearFlag
                0x0000000008002454       0x22 StdPeriph_Driver/src/stm32f4xx_usart.o
                0x0000000008002454                USART_ClearFlag
 *fill*         0x0000000008002476        0x2 
 .text.init_adc
                0x0000000008002478      0x130 src/adc.o
                0x0000000008002478                init_adc
 .text.DMA2_Stream1_IRQHandler
                0x00000000080025a8       0x30 src/adc.o
                0x00000000080025a8                DMA2_Stream1_IRQHandler
 .text.isAdcConvReady
                0x00000000080025d8       0x28 src/adc.o
                0x00000000080025d8                isAdcConvReady
 .text.ui16_Read_ADC3_ConvertedValue
                0x0000000008002600       0xa0 src/adc.o
                0x0000000008002600                ui16_Read_ADC3_ConvertedValue
 .text.read_adc
                0x00000000080026a0       0x7c src/adc.o
                0x00000000080026a0                read_adc
 *fill*         0x000000000800271c        0x4 
 .text.cf_calc_temp
                0x0000000008002720      0x178 src/adc.o
                0x0000000008002720                cf_calc_temp
 .text.controller
                0x0000000008002898       0x44 src/controller.o
                0x0000000008002898                controller
 .text.switch_PTT
                0x00000000080028dc      0x160 src/controller.o
                0x00000000080028dc                switch_PTT
 .text.emergency_off
                0x0000000008002a3c       0xa8 src/controller.o
                0x0000000008002a3c                emergency_off
 .text.wait_for_low
                0x0000000008002ae4       0x40 src/dht11.o
                0x0000000008002ae4                wait_for_low
 .text.wait_for_high
                0x0000000008002b24       0x40 src/dht11.o
                0x0000000008002b24                wait_for_high
 .text._readDHT11
                0x0000000008002b64      0x1ec src/dht11.o
                0x0000000008002b64                _readDHT11
 .text.readDHT11
                0x0000000008002d50       0x40 src/dht11.o
                0x0000000008002d50                readDHT11
 .text.spi_chipSelect
                0x0000000008002d90       0x18 src/display.o
                0x0000000008002d90                spi_chipSelect
 .text.spi_chipDeselect
                0x0000000008002da8       0x18 src/display.o
                0x0000000008002da8                spi_chipDeselect
 .text.SPI2_IRQHandler
                0x0000000008002dc0       0xac src/display.o
                0x0000000008002dc0                SPI2_IRQHandler
 .text.init_SPI
                0x0000000008002e6c       0x7c src/display.o
                0x0000000008002e6c                init_SPI
 .text.spi_writeBytes
                0x0000000008002ee8       0xd8 src/display.o
                0x0000000008002ee8                spi_writeBytes
 .text.ssd1322_command
                0x0000000008002fc0       0x1e src/display.o
                0x0000000008002fc0                ssd1322_command
 .text.ssd1322_data
                0x0000000008002fde       0x1e src/display.o
                0x0000000008002fde                ssd1322_data
 .text.ssd1322_dataBytes
                0x0000000008002ffc       0x1c src/display.o
                0x0000000008002ffc                ssd1322_dataBytes
 .text.init_display
                0x0000000008003018      0x12c src/display.o
                0x0000000008003018                init_display
 .text.display_bright
                0x0000000008003144       0x2a src/display.o
                0x0000000008003144                display_bright
 .text.display_fill
                0x000000000800316e       0x86 src/display.o
                0x000000000800316e                display_fill
 .text.display_setpos
                0x00000000080031f4       0x64 src/display.o
                0x00000000080031f4                display_setpos
 .text.display_draw8x8
                0x0000000008003258       0x32 src/display.o
                0x0000000008003258                display_draw8x8
 *fill*         0x000000000800328a        0x2 
 .text.print_char
                0x000000000800328c      0x148 src/display.o
                0x000000000800328c                print_char
 .text.print_string
                0x00000000080033d4       0xac src/display.o
                0x00000000080033d4                print_string
 .text.display_greeting
                0x0000000008003480      0x110 src/display_highlevel.o
                0x0000000008003480                display_greeting
 .text.display  0x0000000008003590      0x484 src/display_highlevel.o
                0x0000000008003590                display
 .text.receive_downconverter_data
                0x0000000008003a14      0x10c src/downconv_data.o
                0x0000000008003a14                receive_downconverter_data
 .text.eval_downconverter_data
                0x0000000008003b20      0x1d0 src/downconv_data.o
                0x0000000008003b20                eval_downconverter_data
 .text.fan_pump_running
                0x0000000008003cf0      0x154 src/fan_pump.o
                0x0000000008003cf0                fan_pump_running
 .text.restartFanPumpTimer
                0x0000000008003e44       0x28 src/fan_pump.o
                0x0000000008003e44                restartFanPumpTimer
 .text.switch_fan_pump
                0x0000000008003e6c       0x38 src/fan_pump.o
                0x0000000008003e6c                switch_fan_pump
 .text.fan_speed_control
                0x0000000008003ea4       0xec src/fan_pump.o
                0x0000000008003ea4                fan_speed_control
 .text.init_gpio
                0x0000000008003f90      0x1e8 src/gpio.o
                0x0000000008003f90                init_gpio
 .text.toggle   0x0000000008004178       0x30 src/gpio.o
                0x0000000008004178                toggle
 .text.read_user_PTTs
                0x00000000080041a8       0x4c src/gpio.o
                0x00000000080041a8                read_user_PTTs
 .text.read_TAST
                0x00000000080041f4       0x30 src/gpio.o
                0x00000000080041f4                read_TAST
 .text.switch_PTT1
                0x0000000008004224       0x28 src/gpio.o
                0x0000000008004224                switch_PTT1
 .text.switch_PTTPA
                0x000000000800424c       0x2c src/gpio.o
                0x000000000800424c                switch_PTTPA
 .text.switch_PTT2
                0x0000000008004278       0x28 src/gpio.o
                0x0000000008004278                switch_PTT2
 .text.switch_onair
                0x00000000080042a0       0x2c src/gpio.o
                0x00000000080042a0                switch_onair
 .text.switch_PTTDRIVER
                0x00000000080042cc       0x2c src/gpio.o
                0x00000000080042cc                switch_PTTDRIVER
 .text.main     0x00000000080042f8       0x22 src/main.o
                0x00000000080042f8                main
 *fill*         0x000000000800431a        0x2 
 .text._sbrk    0x000000000800431c       0x58 src/syscalls.o
                0x000000000800431c                _sbrk
 .text.SystemInit
                0x0000000008004374       0x6c src/system_stm32f4xx.o
                0x0000000008004374                SystemInit
 .text.SetSysClock
                0x00000000080043e0      0x12c src/system_stm32f4xx.o
 .text.init_timer
                0x000000000800450c       0xec src/timer.o
                0x000000000800450c                init_timer
 .text.calcPWM  0x00000000080045f8       0x38 src/timer.o
                0x00000000080045f8                calcPWM
 .text.setPWM   0x0000000008004630       0x38 src/timer.o
                0x0000000008004630                setPWM
 .text.TIM3_IRQHandler
                0x0000000008004668       0xf0 src/timer.o
                0x0000000008004668                TIM3_IRQHandler
 .text.TIM7_IRQHandler
                0x0000000008004758       0x40 src/timer.o
                0x0000000008004758                TIM7_IRQHandler
 .text.micros   0x0000000008004798       0x18 src/timer.o
                0x0000000008004798                micros
 .text.delay_1ms
                0x00000000080047b0       0x2c src/timer.o
                0x00000000080047b0                delay_1ms
 .text.delay_1us
                0x00000000080047dc       0x2c src/timer.o
                0x00000000080047dc                delay_1us
 .text.init_uart
                0x0000000008004808       0xf4 src/uart.o
                0x0000000008004808                init_uart
 .text.DMA2_Stream7_IRQHandler
                0x00000000080048fc       0x30 src/uart.o
                0x00000000080048fc                DMA2_Stream7_IRQHandler
 .text.usart3_rxirq
                0x000000000800492c       0x24 src/uart.o
                0x000000000800492c                usart3_rxirq
 .text.init_USART1_DMA_TX
                0x0000000008004950       0x6c src/uart.o
                0x0000000008004950                init_USART1_DMA_TX
 .text.USART2_IRQHandler
                0x00000000080049bc       0x54 src/uart.o
                0x00000000080049bc                USART2_IRQHandler
 .text.USART3_IRQHandler
                0x0000000008004a10       0x78 src/uart.o
                0x0000000008004a10                USART3_IRQHandler
 .text.getdata3
                0x0000000008004a88       0x68 src/uart.o
                0x0000000008004a88                getdata3
 .text.UART4_IRQHandler
                0x0000000008004af0       0x54 src/uart.o
                0x0000000008004af0                UART4_IRQHandler
 .text.send_PC  0x0000000008004b44       0x84 src/uart.o
                0x0000000008004b44                send_PC
 .text.deb_printf
                0x0000000008004bc8       0x80 src/uart.o
                0x0000000008004bc8                deb_printf
 .text.eval_Upconverter_data
                0x0000000008004c48       0x1c src/upconv_data.o
                0x0000000008004c48                eval_Upconverter_data
 .text.Reset_Handler
                0x0000000008004c64       0x50 startup/startup_stm32.o
                0x0000000008004c64                Reset_Handler
 .text.Default_Handler
                0x0000000008004cb4        0x2 startup/startup_stm32.o
                0x0000000008004cb4                RTC_Alarm_IRQHandler
                0x0000000008004cb4                EXTI2_IRQHandler
                0x0000000008004cb4                TIM8_CC_IRQHandler
                0x0000000008004cb4                SPDIF_Rx_IRQHandler
                0x0000000008004cb4                DebugMon_Handler
                0x0000000008004cb4                SPI4_IRQHandler
                0x0000000008004cb4                TIM1_CC_IRQHandler
                0x0000000008004cb4                QuadSPI_IRQHandler
                0x0000000008004cb4                DMA2_Stream5_IRQHandler
                0x0000000008004cb4                HardFault_Handler
                0x0000000008004cb4                DMA1_Stream5_IRQHandler
                0x0000000008004cb4                SysTick_Handler
                0x0000000008004cb4                PVD_IRQHandler
                0x0000000008004cb4                SDIO_IRQHandler
                0x0000000008004cb4                TAMP_STAMP_IRQHandler
                0x0000000008004cb4                PendSV_Handler
                0x0000000008004cb4                NMI_Handler
                0x0000000008004cb4                CAN2_RX1_IRQHandler
                0x0000000008004cb4                EXTI3_IRQHandler
                0x0000000008004cb4                TIM8_TRG_COM_TIM14_IRQHandler
                0x0000000008004cb4                TIM1_UP_TIM10_IRQHandler
                0x0000000008004cb4                FMPI2C1_error_IRQHandler
                0x0000000008004cb4                TIM8_UP_TIM13_IRQHandler
                0x0000000008004cb4                I2C3_ER_IRQHandler
                0x0000000008004cb4                EXTI0_IRQHandler
                0x0000000008004cb4                I2C2_EV_IRQHandler
                0x0000000008004cb4                DMA1_Stream2_IRQHandler
                0x0000000008004cb4                CAN1_RX0_IRQHandler
                0x0000000008004cb4                FPU_IRQHandler
                0x0000000008004cb4                OTG_HS_WKUP_IRQHandler
                0x0000000008004cb4                UsageFault_Handler
                0x0000000008004cb4                CAN2_SCE_IRQHandler
                0x0000000008004cb4                DMA2_Stream2_IRQHandler
                0x0000000008004cb4                SPI1_IRQHandler
                0x0000000008004cb4                TIM6_DAC_IRQHandler
                0x0000000008004cb4                TIM1_BRK_TIM9_IRQHandler
                0x0000000008004cb4                DCMI_IRQHandler
                0x0000000008004cb4                CAN2_RX0_IRQHandler
                0x0000000008004cb4                DMA2_Stream3_IRQHandler
                0x0000000008004cb4                FMPI2C1_IRQHandler
                0x0000000008004cb4                SAI2_IRQHandler
                0x0000000008004cb4                USART6_IRQHandler
                0x0000000008004cb4                CAN1_RX1_IRQHandler
                0x0000000008004cb4                UART5_IRQHandler
                0x0000000008004cb4                DMA2_Stream0_IRQHandler
                0x0000000008004cb4                TIM4_IRQHandler
                0x0000000008004cb4                I2C1_EV_IRQHandler
                0x0000000008004cb4                HDMI_CEC_IRQHandler
                0x0000000008004cb4                DMA1_Stream6_IRQHandler
                0x0000000008004cb4                DMA1_Stream1_IRQHandler
                0x0000000008004cb4                RCC_IRQHandler
                0x0000000008004cb4                TIM8_BRK_TIM12_IRQHandler
                0x0000000008004cb4                Default_Handler
                0x0000000008004cb4                EXTI15_10_IRQHandler
                0x0000000008004cb4                ADC_IRQHandler
                0x0000000008004cb4                DMA1_Stream7_IRQHandler
                0x0000000008004cb4                CAN2_TX_IRQHandler
                0x0000000008004cb4                TIM5_IRQHandler
                0x0000000008004cb4                I2C3_EV_IRQHandler
                0x0000000008004cb4                EXTI9_5_IRQHandler
                0x0000000008004cb4                RTC_WKUP_IRQHandler
                0x0000000008004cb4                OTG_HS_EP1_IN_IRQHandler
                0x0000000008004cb4                MemManage_Handler
                0x0000000008004cb4                DMA1_Stream0_IRQHandler
                0x0000000008004cb4                CAN1_TX_IRQHandler
                0x0000000008004cb4                SVC_Handler
                0x0000000008004cb4                EXTI4_IRQHandler
                0x0000000008004cb4                OTG_HS_EP1_OUT_IRQHandler
                0x0000000008004cb4                WWDG_IRQHandler
                0x0000000008004cb4                TIM2_IRQHandler
                0x0000000008004cb4                OTG_FS_WKUP_IRQHandler
                0x0000000008004cb4                TIM1_TRG_COM_TIM11_IRQHandler
                0x0000000008004cb4                OTG_HS_IRQHandler
                0x0000000008004cb4                EXTI1_IRQHandler
                0x0000000008004cb4                I2C2_ER_IRQHandler
                0x0000000008004cb4                CAN1_SCE_IRQHandler
                0x0000000008004cb4                FLASH_IRQHandler
                0x0000000008004cb4                DMA2_Stream4_IRQHandler
                0x0000000008004cb4                BusFault_Handler
                0x0000000008004cb4                USART1_IRQHandler
                0x0000000008004cb4                OTG_FS_IRQHandler
                0x0000000008004cb4                SPI3_IRQHandler
                0x0000000008004cb4                DMA1_Stream4_IRQHandler
                0x0000000008004cb4                I2C1_ER_IRQHandler
                0x0000000008004cb4                FMC_IRQHandler
                0x0000000008004cb4                DMA2_Stream6_IRQHandler
                0x0000000008004cb4                SAI1_IRQHandler
                0x0000000008004cb4                DMA1_Stream3_IRQHandler
 *fill*         0x0000000008004cb6        0x2 
 .text.__errno  0x0000000008004cb8        0xc /home/kurt/Ac6/SystemWorkbench/plugins/fr.ac6.mcu.externaltools.arm-none.linux64_1.17.0.201812190825/tools/compiler/bin/../lib/gcc/arm-none-eabi/7.3.1/../../../../arm-none-eabi/lib/thumb/v7e-m/fpv4-sp/hard/libc.a(lib_a-errno.o)
                0x0000000008004cb8                __errno
 .text.__libc_init_array
                0x0000000008004cc4       0x48 /home/kurt/Ac6/SystemWorkbench/plugins/fr.ac6.mcu.externaltools.arm-none.linux64_1.17.0.201812190825/tools/compiler/bin/../lib/gcc/arm-none-eabi/7.3.1/../../../../arm-none-eabi/lib/thumb/v7e-m/fpv4-sp/hard/libc.a(lib_a-init.o)
                0x0000000008004cc4                __libc_init_array
 .text.memcmp   0x0000000008004d0c       0x64 /home/kurt/Ac6/SystemWorkbench/plugins/fr.ac6.mcu.externaltools.arm-none.linux64_1.17.0.201812190825/tools/compiler/bin/../lib/gcc/arm-none-eabi/7.3.1/../../../../arm-none-eabi/lib/thumb/v7e-m/fpv4-sp/hard/libc.a(lib_a-memcmp.o)
                0x0000000008004d0c                memcmp
 .text.memset   0x0000000008004d70       0x94 /home/kurt/Ac6/SystemWorkbench/plugins/fr.ac6.mcu.externaltools.arm-none.linux64_1.17.0.201812190825/tools/compiler/bin/../lib/gcc/arm-none-eabi/7.3.1/../../../../arm-none-eabi/lib/thumb/v7e-m/fpv4-sp/hard/libc.a(lib_a-memset.o)
                0x0000000008004d70                memset
 .text.sprintf  0x0000000008004e04       0x44 /home/kurt/Ac6/SystemWorkbench/plugins/fr.ac6.mcu.externaltools.arm-none.linux64_1.17.0.201812190825/tools/compiler/bin/../lib/gcc/arm-none-eabi/7.3.1/../../../../arm-none-eabi/lib/thumb/v7e-m/fpv4-sp/hard/libc.a(lib_a-sprintf.o)
                0x0000000008004e04                sprintf
 .text._svfprintf_r
                0x0000000008004e48     0x19cc /home/kurt/Ac6/SystemWorkbench/plugins/fr.ac6.mcu.externaltools.arm-none.linux64_1.17.0.201812190825/tools/compiler/bin/../lib/gcc/arm-none-eabi/7.3.1/../../../../arm-none-eabi/lib/thumb/v7e-m/fpv4-sp/hard/libc.a(lib_a-svfprintf.o)
                0x0000000008004e48                _svfprintf_r
 .text._vsprintf_r
                0x0000000008006814       0x28 /home/kurt/Ac6/SystemWorkbench/plugins/fr.ac6.mcu.externaltools.arm-none.linux64_1.17.0.201812190825/tools/compiler/bin/../lib/gcc/arm-none-eabi/7.3.1/../../../../arm-none-eabi/lib/thumb/v7e-m/fpv4-sp/hard/libc.a(lib_a-vsprintf.o)
                0x0000000008006814                _vsprintf_r
 .text.vsprintf
                0x000000000800683c       0x18 /home/kurt/Ac6/SystemWorkbench/plugins/fr.ac6.mcu.externaltools.arm-none.linux64_1.17.0.201812190825/tools/compiler/bin/../lib/gcc/arm-none-eabi/7.3.1/../../../../arm-none-eabi/lib/thumb/v7e-m/fpv4-sp/hard/libc.a(lib_a-vsprintf.o)
                0x000000000800683c                vsprintf
 .text.startup.register_fini
                0x0000000008006854       0x14 /home/kurt/Ac6/SystemWorkbench/plugins/fr.ac6.mcu.externaltools.arm-none.linux64_1.17.0.201812190825/tools/compiler/bin/../lib/gcc/arm-none-eabi/7.3.1/../../../../arm-none-eabi/lib/thumb/v7e-m/fpv4-sp/hard/libc.a(lib_a-__call_atexit.o)
 .text.atexit   0x0000000008006868        0xc /home/kurt/Ac6/SystemWorkbench/plugins/fr.ac6.mcu.externaltools.arm-none.linux64_1.17.0.201812190825/tools/compiler/bin/../lib/gcc/arm-none-eabi/7.3.1/../../../../arm-none-eabi/lib/thumb/v7e-m/fpv4-sp/hard/libc.a(lib_a-atexit.o)
                0x0000000008006868                atexit
 .text.quorem   0x0000000008006874      0x124 /home/kurt/Ac6/SystemWorkbench/plugins/fr.ac6.mcu.externaltools.arm-none.linux64_1.17.0.201812190825/tools/compiler/bin/../lib/gcc/arm-none-eabi/7.3.1/../../../../arm-none-eabi/lib/thumb/v7e-m/fpv4-sp/hard/libc.a(lib_a-dtoa.o)
 .text._dtoa_r  0x0000000008006998      0xe20 /home/kurt/Ac6/SystemWorkbench/plugins/fr.ac6.mcu.externaltools.arm-none.linux64_1.17.0.201812190825/tools/compiler/bin/../lib/gcc/arm-none-eabi/7.3.1/../../../../arm-none-eabi/lib/thumb/v7e-m/fpv4-sp/hard/libc.a(lib_a-dtoa.o)
                0x0000000008006998                _dtoa_r
 .text.__libc_fini_array
                0x00000000080077b8       0x34 /home/kurt/Ac6/SystemWorkbench/plugins/fr.ac6.mcu.externaltools.arm-none.linux64_1.17.0.201812190825/tools/compiler/bin/../lib/gcc/arm-none-eabi/7.3.1/../../../../arm-none-eabi/lib/thumb/v7e-m/fpv4-sp/hard/libc.a(lib_a-fini.o)
                0x00000000080077b8                __libc_fini_array
 .text._malloc_trim_r
                0x00000000080077ec       0xa0 /home/kurt/Ac6/SystemWorkbench/plugins/fr.ac6.mcu.externaltools.arm-none.linux64_1.17.0.201812190825/tools/compiler/bin/../lib/gcc/arm-none-eabi/7.3.1/../../../../arm-none-eabi/lib/thumb/v7e-m/fpv4-sp/hard/libc.a(lib_a-freer.o)
                0x00000000080077ec                _malloc_trim_r
 .text._free_r  0x000000000800788c      0x1e8 /home/kurt/Ac6/SystemWorkbench/plugins/fr.ac6.mcu.externaltools.arm-none.linux64_1.17.0.201812190825/tools/compiler/bin/../lib/gcc/arm-none-eabi/7.3.1/../../../../arm-none-eabi/lib/thumb/v7e-m/fpv4-sp/hard/libc.a(lib_a-freer.o)
                0x000000000800788c                _free_r
 .text._localeconv_r
                0x0000000008007a74       0x1c /home/kurt/Ac6/SystemWorkbench/plugins/fr.ac6.mcu.externaltools.arm-none.linux64_1.17.0.201812190825/tools/compiler/bin/../lib/gcc/arm-none-eabi/7.3.1/../../../../arm-none-eabi/lib/thumb/v7e-m/fpv4-sp/hard/libc.a(lib_a-localeconv.o)
                0x0000000008007a74                _localeconv_r
 .text.__retarget_lock_acquire_recursive
                0x0000000008007a90        0x4 /home/kurt/Ac6/SystemWorkbench/plugins/fr.ac6.mcu.externaltools.arm-none.linux64_1.17.0.201812190825/tools/compiler/bin/../lib/gcc/arm-none-eabi/7.3.1/../../../../arm-none-eabi/lib/thumb/v7e-m/fpv4-sp/hard/libc.a(lib_a-lock.o)
                0x0000000008007a90                __retarget_lock_acquire_recursive
 .text.__retarget_lock_release_recursive
                0x0000000008007a94        0x4 /home/kurt/Ac6/SystemWorkbench/plugins/fr.ac6.mcu.externaltools.arm-none.linux64_1.17.0.201812190825/tools/compiler/bin/../lib/gcc/arm-none-eabi/7.3.1/../../../../arm-none-eabi/lib/thumb/v7e-m/fpv4-sp/hard/libc.a(lib_a-lock.o)
                0x0000000008007a94                __retarget_lock_release_recursive
 .text._malloc_r
                0x0000000008007a98      0x548 /home/kurt/Ac6/SystemWorkbench/plugins/fr.ac6.mcu.externaltools.arm-none.linux64_1.17.0.201812190825/tools/compiler/bin/../lib/gcc/arm-none-eabi/7.3.1/../../../../arm-none-eabi/lib/thumb/v7e-m/fpv4-sp/hard/libc.a(lib_a-mallocr.o)
                0x0000000008007a98                _malloc_r
 .text.__malloc_lock
                0x0000000008007fe0        0xc /home/kurt/Ac6/SystemWorkbench/plugins/fr.ac6.mcu.externaltools.arm-none.linux64_1.17.0.201812190825/tools/compiler/bin/../lib/gcc/arm-none-eabi/7.3.1/../../../../arm-none-eabi/lib/thumb/v7e-m/fpv4-sp/hard/libc.a(lib_a-mlock.o)
                0x0000000008007fe0                __malloc_lock
 .text.__malloc_unlock
                0x0000000008007fec        0xc /home/kurt/Ac6/SystemWorkbench/plugins/fr.ac6.mcu.externaltools.arm-none.linux64_1.17.0.201812190825/tools/compiler/bin/../lib/gcc/arm-none-eabi/7.3.1/../../../../arm-none-eabi/lib/thumb/v7e-m/fpv4-sp/hard/libc.a(lib_a-mlock.o)
                0x0000000008007fec                __malloc_unlock
 .text._Balloc  0x0000000008007ff8       0x4c /home/kurt/Ac6/SystemWorkbench/plugins/fr.ac6.mcu.externaltools.arm-none.linux64_1.17.0.201812190825/tools/compiler/bin/../lib/gcc/arm-none-eabi/7.3.1/../../../../arm-none-eabi/lib/thumb/v7e-m/fpv4-sp/hard/libc.a(lib_a-mprec.o)
                0x0000000008007ff8                _Balloc
 .text._Bfree   0x0000000008008044       0x14 /home/kurt/Ac6/SystemWorkbench/plugins/fr.ac6.mcu.externaltools.arm-none.linux64_1.17.0.201812190825/tools/compiler/bin/../lib/gcc/arm-none-eabi/7.3.1/../../../../arm-none-eabi/lib/thumb/v7e-m/fpv4-sp/hard/libc.a(lib_a-mprec.o)
                0x0000000008008044                _Bfree
 .text.__multadd
                0x0000000008008058       0x80 /home/kurt/Ac6/SystemWorkbench/plugins/fr.ac6.mcu.externaltools.arm-none.linux64_1.17.0.201812190825/tools/compiler/bin/../lib/gcc/arm-none-eabi/7.3.1/../../../../arm-none-eabi/lib/thumb/v7e-m/fpv4-sp/hard/libc.a(lib_a-mprec.o)
                0x0000000008008058                __multadd
 .text.__hi0bits
                0x00000000080080d8       0x40 /home/kurt/Ac6/SystemWorkbench/plugins/fr.ac6.mcu.externaltools.arm-none.linux64_1.17.0.201812190825/tools/compiler/bin/../lib/gcc/arm-none-eabi/7.3.1/../../../../arm-none-eabi/lib/thumb/v7e-m/fpv4-sp/hard/libc.a(lib_a-mprec.o)
                0x00000000080080d8                __hi0bits
 .text.__lo0bits
                0x0000000008008118       0x60 /home/kurt/Ac6/SystemWorkbench/plugins/fr.ac6.mcu.externaltools.arm-none.linux64_1.17.0.201812190825/tools/compiler/bin/../lib/gcc/arm-none-eabi/7.3.1/../../../../arm-none-eabi/lib/thumb/v7e-m/fpv4-sp/hard/libc.a(lib_a-mprec.o)
                0x0000000008008118                __lo0bits
 .text.__i2b    0x0000000008008178       0x14 /home/kurt/Ac6/SystemWorkbench/plugins/fr.ac6.mcu.externaltools.arm-none.linux64_1.17.0.201812190825/tools/compiler/bin/../lib/gcc/arm-none-eabi/7.3.1/../../../../arm-none-eabi/lib/thumb/v7e-m/fpv4-sp/hard/libc.a(lib_a-mprec.o)
                0x0000000008008178                __i2b
 .text.__multiply
                0x000000000800818c      0x14c /home/kurt/Ac6/SystemWorkbench/plugins/fr.ac6.mcu.externaltools.arm-none.linux64_1.17.0.201812190825/tools/compiler/bin/../lib/gcc/arm-none-eabi/7.3.1/../../../../arm-none-eabi/lib/thumb/v7e-m/fpv4-sp/hard/libc.a(lib_a-mprec.o)
                0x000000000800818c                __multiply
 .text.__pow5mult
                0x00000000080082d8       0xa0 /home/kurt/Ac6/SystemWorkbench/plugins/fr.ac6.mcu.externaltools.arm-none.linux64_1.17.0.201812190825/tools/compiler/bin/../lib/gcc/arm-none-eabi/7.3.1/../../../../arm-none-eabi/lib/thumb/v7e-m/fpv4-sp/hard/libc.a(lib_a-mprec.o)
                0x00000000080082d8                __pow5mult
 .text.__lshift
                0x0000000008008378       0xac /home/kurt/Ac6/SystemWorkbench/plugins/fr.ac6.mcu.externaltools.arm-none.linux64_1.17.0.201812190825/tools/compiler/bin/../lib/gcc/arm-none-eabi/7.3.1/../../../../arm-none-eabi/lib/thumb/v7e-m/fpv4-sp/hard/libc.a(lib_a-mprec.o)
                0x0000000008008378                __lshift
 .text.__mcmp   0x0000000008008424       0x38 /home/kurt/Ac6/SystemWorkbench/plugins/fr.ac6.mcu.externaltools.arm-none.linux64_1.17.0.201812190825/tools/compiler/bin/../lib/gcc/arm-none-eabi/7.3.1/../../../../arm-none-eabi/lib/thumb/v7e-m/fpv4-sp/hard/libc.a(lib_a-mprec.o)
                0x0000000008008424                __mcmp
 .text.__mdiff  0x000000000800845c       0xec /home/kurt/Ac6/SystemWorkbench/plugins/fr.ac6.mcu.externaltools.arm-none.linux64_1.17.0.201812190825/tools/compiler/bin/../lib/gcc/arm-none-eabi/7.3.1/../../../../arm-none-eabi/lib/thumb/v7e-m/fpv4-sp/hard/libc.a(lib_a-mprec.o)
                0x000000000800845c                __mdiff
 .text.__d2b    0x0000000008008548       0xc4 /home/kurt/Ac6/SystemWorkbench/plugins/fr.ac6.mcu.externaltools.arm-none.linux64_1.17.0.201812190825/tools/compiler/bin/../lib/gcc/arm-none-eabi/7.3.1/../../../../arm-none-eabi/lib/thumb/v7e-m/fpv4-sp/hard/libc.a(lib_a-mprec.o)
                0x0000000008008548                __d2b
 .text.frexp    0x000000000800860c       0x68 /home/kurt/Ac6/SystemWorkbench/plugins/fr.ac6.mcu.externaltools.arm-none.linux64_1.17.0.201812190825/tools/compiler/bin/../lib/gcc/arm-none-eabi/7.3.1/../../../../arm-none-eabi/lib/thumb/v7e-m/fpv4-sp/hard/libc.a(lib_a-s_frexp.o)
                0x000000000800860c                frexp
 .text._sbrk_r  0x0000000008008674       0x24 /home/kurt/Ac6/SystemWorkbench/plugins/fr.ac6.mcu.externaltools.arm-none.linux64_1.17.0.201812190825/tools/compiler/bin/../lib/gcc/arm-none-eabi/7.3.1/../../../../arm-none-eabi/lib/thumb/v7e-m/fpv4-sp/hard/libc.a(lib_a-sbrkr.o)
                0x0000000008008674                _sbrk_r
 .text.strncpy  0x0000000008008698       0x64 /home/kurt/Ac6/SystemWorkbench/plugins/fr.ac6.mcu.externaltools.arm-none.linux64_1.17.0.201812190825/tools/compiler/bin/../lib/gcc/arm-none-eabi/7.3.1/../../../../arm-none-eabi/lib/thumb/v7e-m/fpv4-sp/hard/libc.a(lib_a-strncpy.o)
                0x0000000008008698                strncpy
 .text.__ssprint_r
                0x00000000080086fc       0xf4 /home/kurt/Ac6/SystemWorkbench/plugins/fr.ac6.mcu.externaltools.arm-none.linux64_1.17.0.201812190825/tools/compiler/bin/../lib/gcc/arm-none-eabi/7.3.1/../../../../arm-none-eabi/lib/thumb/v7e-m/fpv4-sp/hard/libc.a(lib_a-svfiprintf.o)
                0x00000000080086fc                __ssprint_r
 .text.__register_exitproc
                0x00000000080087f0       0xc0 /home/kurt/Ac6/SystemWorkbench/plugins/fr.ac6.mcu.externaltools.arm-none.linux64_1.17.0.201812190825/tools/compiler/bin/../lib/gcc/arm-none-eabi/7.3.1/../../../../arm-none-eabi/lib/thumb/v7e-m/fpv4-sp/hard/libc.a(lib_a-__atexit.o)
                0x00000000080087f0                __register_exitproc
 .text._calloc_r
                0x00000000080088b0       0x68 /home/kurt/Ac6/SystemWorkbench/plugins/fr.ac6.mcu.externaltools.arm-none.linux64_1.17.0.201812190825/tools/compiler/bin/../lib/gcc/arm-none-eabi/7.3.1/../../../../arm-none-eabi/lib/thumb/v7e-m/fpv4-sp/hard/libc.a(lib_a-callocr.o)
                0x00000000080088b0                _calloc_r
 .text.__ascii_mbtowc
                0x0000000008008918       0x2c /home/kurt/Ac6/SystemWorkbench/plugins/fr.ac6.mcu.externaltools.arm-none.linux64_1.17.0.201812190825/tools/compiler/bin/../lib/gcc/arm-none-eabi/7.3.1/../../../../arm-none-eabi/lib/thumb/v7e-m/fpv4-sp/hard/libc.a(lib_a-mbtowc_r.o)
                0x0000000008008918                __ascii_mbtowc
 .text.memmove  0x0000000008008944       0xc8 /home/kurt/Ac6/SystemWorkbench/plugins/fr.ac6.mcu.externaltools.arm-none.linux64_1.17.0.201812190825/tools/compiler/bin/../lib/gcc/arm-none-eabi/7.3.1/../../../../arm-none-eabi/lib/thumb/v7e-m/fpv4-sp/hard/libc.a(lib_a-memmove.o)
                0x0000000008008944                memmove
 .text._realloc_r
                0x0000000008008a0c      0x35c /home/kurt/Ac6/SystemWorkbench/plugins/fr.ac6.mcu.externaltools.arm-none.linux64_1.17.0.201812190825/tools/compiler/bin/../lib/gcc/arm-none-eabi/7.3.1/../../../../arm-none-eabi/lib/thumb/v7e-m/fpv4-sp/hard/libc.a(lib_a-reallocr.o)
                0x0000000008008a0c                _realloc_r
 .text.__ascii_wctomb
                0x0000000008008d68       0x1c /home/kurt/Ac6/SystemWorkbench/plugins/fr.ac6.mcu.externaltools.arm-none.linux64_1.17.0.201812190825/tools/compiler/bin/../lib/gcc/arm-none-eabi/7.3.1/../../../../arm-none-eabi/lib/thumb/v7e-m/fpv4-sp/hard/libc.a(lib_a-wctomb_r.o)
                0x0000000008008d68                __ascii_wctomb
 *(.glue_7)
 .glue_7        0x0000000008008d84        0x0 linker stubs
 *(.glue_7t)
 .glue_7t       0x0000000008008d84        0x0 linker stubs
 *(.eh_frame)
 .eh_frame      0x0000000008008d84        0x0 /home/kurt/Ac6/SystemWorkbench/plugins/fr.ac6.mcu.externaltools.arm-none.linux64_1.17.0.201812190825/tools/compiler/bin/../lib/gcc/arm-none-eabi/7.3.1/thumb/v7e-m/fpv4-sp/hard/crtbegin.o
 *(.init)
 .init          0x0000000008008d84        0x4 /home/kurt/Ac6/SystemWorkbench/plugins/fr.ac6.mcu.externaltools.arm-none.linux64_1.17.0.201812190825/tools/compiler/bin/../lib/gcc/arm-none-eabi/7.3.1/thumb/v7e-m/fpv4-sp/hard/crti.o
                0x0000000008008d84                _init
 .init          0x0000000008008d88        0x8 /home/kurt/Ac6/SystemWorkbench/plugins/fr.ac6.mcu.externaltools.arm-none.linux64_1.17.0.201812190825/tools/compiler/bin/../lib/gcc/arm-none-eabi/7.3.1/thumb/v7e-m/fpv4-sp/hard/crtn.o
 *(.fini)
 .fini          0x0000000008008d90        0x4 /home/kurt/Ac6/SystemWorkbench/plugins/fr.ac6.mcu.externaltools.arm-none.linux64_1.17.0.201812190825/tools/compiler/bin/../lib/gcc/arm-none-eabi/7.3.1/thumb/v7e-m/fpv4-sp/hard/crti.o
                0x0000000008008d90                _fini
 .fini          0x0000000008008d94        0x8 /home/kurt/Ac6/SystemWorkbench/plugins/fr.ac6.mcu.externaltools.arm-none.linux64_1.17.0.201812190825/tools/compiler/bin/../lib/gcc/arm-none-eabi/7.3.1/thumb/v7e-m/fpv4-sp/hard/crtn.o
                0x0000000008008d9c                . = ALIGN (0x4)
                0x0000000008008d9c                _etext = .

.vfp11_veneer   0x0000000008008d9c        0x0
 .vfp11_veneer  0x0000000008008d9c        0x0 linker stubs

.v4_bx          0x0000000008008d9c        0x0
 .v4_bx         0x0000000008008d9c        0x0 linker stubs

.iplt           0x0000000008008d9c        0x0
 .iplt          0x0000000008008d9c        0x0 /home/kurt/Ac6/SystemWorkbench/plugins/fr.ac6.mcu.externaltools.arm-none.linux64_1.17.0.201812190825/tools/compiler/bin/../lib/gcc/arm-none-eabi/7.3.1/thumb/v7e-m/fpv4-sp/hard/crtbegin.o

.rodata         0x0000000008008da0      0x738
                0x0000000008008da0                . = ALIGN (0x4)
 *(.rodata)
 .rodata        0x0000000008008da0       0x41 src/controller.o
 *fill*         0x0000000008008de1        0x3 
 .rodata        0x0000000008008de4        0x9 src/dht11.o
 *fill*         0x0000000008008ded        0x3 
 .rodata        0x0000000008008df0       0x17 src/display.o
 *fill*         0x0000000008008e07        0x1 
 .rodata        0x0000000008008e08       0xcf src/display_highlevel.o
 *fill*         0x0000000008008ed7        0x1 
 .rodata        0x0000000008008ed8       0x3f src/downconv_data.o
 *fill*         0x0000000008008f17        0x1 
 .rodata        0x0000000008008f18       0x2f src/fan_pump.o
 *fill*         0x0000000008008f47        0x1 
 .rodata        0x0000000008008f48      0x308 src/font8x8.o
                0x0000000008008f48                font8x8_basic
 *(.rodata*)
 .rodata._global_impure_ptr
                0x0000000008009250        0x4 /home/kurt/Ac6/SystemWorkbench/plugins/fr.ac6.mcu.externaltools.arm-none.linux64_1.17.0.201812190825/tools/compiler/bin/../lib/gcc/arm-none-eabi/7.3.1/../../../../arm-none-eabi/lib/thumb/v7e-m/fpv4-sp/hard/libc.a(lib_a-impure.o)
                0x0000000008009250                _global_impure_ptr
 .rodata._svfprintf_r.str1.4
                0x0000000008009254       0x42 /home/kurt/Ac6/SystemWorkbench/plugins/fr.ac6.mcu.externaltools.arm-none.linux64_1.17.0.201812190825/tools/compiler/bin/../lib/gcc/arm-none-eabi/7.3.1/../../../../arm-none-eabi/lib/thumb/v7e-m/fpv4-sp/hard/libc.a(lib_a-svfprintf.o)
 *fill*         0x0000000008009296        0x2 
 .rodata.blanks.8590
                0x0000000008009298       0x10 /home/kurt/Ac6/SystemWorkbench/plugins/fr.ac6.mcu.externaltools.arm-none.linux64_1.17.0.201812190825/tools/compiler/bin/../lib/gcc/arm-none-eabi/7.3.1/../../../../arm-none-eabi/lib/thumb/v7e-m/fpv4-sp/hard/libc.a(lib_a-svfprintf.o)
 .rodata.zeroes.8591
                0x00000000080092a8       0x10 /home/kurt/Ac6/SystemWorkbench/plugins/fr.ac6.mcu.externaltools.arm-none.linux64_1.17.0.201812190825/tools/compiler/bin/../lib/gcc/arm-none-eabi/7.3.1/../../../../arm-none-eabi/lib/thumb/v7e-m/fpv4-sp/hard/libc.a(lib_a-svfprintf.o)
 .rodata._dtoa_r.str1.4
                0x00000000080092b8       0x10 /home/kurt/Ac6/SystemWorkbench/plugins/fr.ac6.mcu.externaltools.arm-none.linux64_1.17.0.201812190825/tools/compiler/bin/../lib/gcc/arm-none-eabi/7.3.1/../../../../arm-none-eabi/lib/thumb/v7e-m/fpv4-sp/hard/libc.a(lib_a-dtoa.o)
                                         0x12 (size before relaxing)
 .rodata.__mprec_bigtens
                0x00000000080092c8       0x28 /home/kurt/Ac6/SystemWorkbench/plugins/fr.ac6.mcu.externaltools.arm-none.linux64_1.17.0.201812190825/tools/compiler/bin/../lib/gcc/arm-none-eabi/7.3.1/../../../../arm-none-eabi/lib/thumb/v7e-m/fpv4-sp/hard/libc.a(lib_a-mprec.o)
                0x00000000080092c8                __mprec_bigtens
 .rodata.__mprec_tens
                0x00000000080092f0       0xc8 /home/kurt/Ac6/SystemWorkbench/plugins/fr.ac6.mcu.externaltools.arm-none.linux64_1.17.0.201812190825/tools/compiler/bin/../lib/gcc/arm-none-eabi/7.3.1/../../../../arm-none-eabi/lib/thumb/v7e-m/fpv4-sp/hard/libc.a(lib_a-mprec.o)
                0x00000000080092f0                __mprec_tens
 .rodata.p05.7367
                0x00000000080093b8        0xc /home/kurt/Ac6/SystemWorkbench/plugins/fr.ac6.mcu.externaltools.arm-none.linux64_1.17.0.201812190825/tools/compiler/bin/../lib/gcc/arm-none-eabi/7.3.1/../../../../arm-none-eabi/lib/thumb/v7e-m/fpv4-sp/hard/libc.a(lib_a-mprec.o)
 .rodata._setlocale_r.str1.4
                0x00000000080093c4        0xa /home/kurt/Ac6/SystemWorkbench/plugins/fr.ac6.mcu.externaltools.arm-none.linux64_1.17.0.201812190825/tools/compiler/bin/../lib/gcc/arm-none-eabi/7.3.1/../../../../arm-none-eabi/lib/thumb/v7e-m/fpv4-sp/hard/libc.a(lib_a-locale.o)
                                          0xd (size before relaxing)
 *fill*         0x00000000080093ce        0x2 
 .rodata.str1.4
                0x00000000080093d0        0x4 /home/kurt/Ac6/SystemWorkbench/plugins/fr.ac6.mcu.externaltools.arm-none.linux64_1.17.0.201812190825/tools/compiler/bin/../lib/gcc/arm-none-eabi/7.3.1/../../../../arm-none-eabi/lib/thumb/v7e-m/fpv4-sp/hard/libc.a(lib_a-locale.o)
                                          0x2 (size before relaxing)
 .rodata._ctype_
                0x00000000080093d4      0x101 /home/kurt/Ac6/SystemWorkbench/plugins/fr.ac6.mcu.externaltools.arm-none.linux64_1.17.0.201812190825/tools/compiler/bin/../lib/gcc/arm-none-eabi/7.3.1/../../../../arm-none-eabi/lib/thumb/v7e-m/fpv4-sp/hard/libc.a(lib_a-ctype_.o)
                0x00000000080093d4                _ctype_
                0x00000000080094d8                . = ALIGN (0x4)
 *fill*         0x00000000080094d5        0x3 

.ARM.extab      0x00000000080094d8        0x0
                0x00000000080094d8                . = ALIGN (0x4)
 *(.ARM.extab* .gnu.linkonce.armextab.*)
                0x00000000080094d8                . = ALIGN (0x4)

.ARM            0x00000000080094d8        0x8
                0x00000000080094d8                . = ALIGN (0x4)
                0x00000000080094d8                __exidx_start = .
 *(.ARM.exidx*)
 .ARM.exidx     0x00000000080094d8        0x8 /home/kurt/Ac6/SystemWorkbench/plugins/fr.ac6.mcu.externaltools.arm-none.linux64_1.17.0.201812190825/tools/compiler/bin/../lib/gcc/arm-none-eabi/7.3.1/thumb/v7e-m/fpv4-sp/hard/libgcc.a(_udivmoddi4.o)
                0x00000000080094e0                __exidx_end = .
                0x00000000080094e0                . = ALIGN (0x4)

.rel.dyn        0x00000000080094e0        0x0
 .rel.iplt      0x00000000080094e0        0x0 /home/kurt/Ac6/SystemWorkbench/plugins/fr.ac6.mcu.externaltools.arm-none.linux64_1.17.0.201812190825/tools/compiler/bin/../lib/gcc/arm-none-eabi/7.3.1/thumb/v7e-m/fpv4-sp/hard/crtbegin.o

.preinit_array  0x00000000080094e0        0x0
                0x00000000080094e0                . = ALIGN (0x4)
                0x00000000080094e0                PROVIDE (__preinit_array_start = .)
 *(.preinit_array*)
                0x00000000080094e0                PROVIDE (__preinit_array_end = .)
                0x00000000080094e0                . = ALIGN (0x4)

.init_array     0x00000000080094e0        0x8
                0x00000000080094e0                . = ALIGN (0x4)
                0x00000000080094e0                PROVIDE (__init_array_start = .)
 *(SORT_BY_NAME(.init_array.*))
 .init_array.00000
                0x00000000080094e0        0x4 /home/kurt/Ac6/SystemWorkbench/plugins/fr.ac6.mcu.externaltools.arm-none.linux64_1.17.0.201812190825/tools/compiler/bin/../lib/gcc/arm-none-eabi/7.3.1/../../../../arm-none-eabi/lib/thumb/v7e-m/fpv4-sp/hard/libc.a(lib_a-__call_atexit.o)
 *(.init_array*)
 .init_array    0x00000000080094e4        0x4 /home/kurt/Ac6/SystemWorkbench/plugins/fr.ac6.mcu.externaltools.arm-none.linux64_1.17.0.201812190825/tools/compiler/bin/../lib/gcc/arm-none-eabi/7.3.1/thumb/v7e-m/fpv4-sp/hard/crtbegin.o
                0x00000000080094e8                PROVIDE (__init_array_end = .)
                0x00000000080094e8                . = ALIGN (0x4)

.fini_array     0x00000000080094e8        0x4
                0x00000000080094e8                . = ALIGN (0x4)
                0x00000000080094e8                PROVIDE (__fini_array_start = .)
 *(SORT_BY_NAME(.fini_array.*))
 *(.fini_array*)
 .fini_array    0x00000000080094e8        0x4 /home/kurt/Ac6/SystemWorkbench/plugins/fr.ac6.mcu.externaltools.arm-none.linux64_1.17.0.201812190825/tools/compiler/bin/../lib/gcc/arm-none-eabi/7.3.1/thumb/v7e-m/fpv4-sp/hard/crtbegin.o
                0x00000000080094ec                PROVIDE (__fini_array_end = .)
                0x00000000080094ec                . = ALIGN (0x4)
                0x00000000080094ec                _sidata = LOADADDR (.data)

.data           0x0000000020000000      0xa38 load address 0x00000000080094ec
                0x0000000020000000                . = ALIGN (0x4)
                0x0000000020000000                _sdata = .
 *(.data)
 .data          0x0000000020000000       0x10 StdPeriph_Driver/src/stm32f4xx_rcc.o
 .data          0x0000000020000010       0x60 src/adc.o
                0x0000000020000010                temptab
 .data          0x0000000020000070        0x2 src/dht11.o
                0x0000000020000070                dht11_temp
                0x0000000020000071                dht11_humidity
 .data          0x0000000020000072        0x2 src/display.o
                0x0000000020000072                spi_txready
                0x0000000020000073                spi_fin
 .data          0x0000000020000074        0xa src/display_highlevel.o
 .data          0x000000002000007e        0x4 src/fan_pump.o
                0x000000002000007e                fan_running
                0x0000000020000080                pump_running
 *fill*         0x0000000020000082        0x2 
 .data          0x0000000020000084        0x4 src/timer.o
                0x0000000020000084                display_dimval
 .data          0x0000000020000088        0x1 src/uart.o
                0x0000000020000088                uart1rdy
 *(.data*)
 *fill*         0x0000000020000089        0x3 
 .data._impure_ptr
                0x000000002000008c        0x4 /home/kurt/Ac6/SystemWorkbench/plugins/fr.ac6.mcu.externaltools.arm-none.linux64_1.17.0.201812190825/tools/compiler/bin/../lib/gcc/arm-none-eabi/7.3.1/../../../../arm-none-eabi/lib/thumb/v7e-m/fpv4-sp/hard/libc.a(lib_a-impure.o)
                0x000000002000008c                _impure_ptr
 .data.impure_data
                0x0000000020000090      0x428 /home/kurt/Ac6/SystemWorkbench/plugins/fr.ac6.mcu.externaltools.arm-none.linux64_1.17.0.201812190825/tools/compiler/bin/../lib/gcc/arm-none-eabi/7.3.1/../../../../arm-none-eabi/lib/thumb/v7e-m/fpv4-sp/hard/libc.a(lib_a-impure.o)
 .data.__atexit_recursive_mutex
                0x00000000200004b8        0x4 /home/kurt/Ac6/SystemWorkbench/plugins/fr.ac6.mcu.externaltools.arm-none.linux64_1.17.0.201812190825/tools/compiler/bin/../lib/gcc/arm-none-eabi/7.3.1/../../../../arm-none-eabi/lib/thumb/v7e-m/fpv4-sp/hard/libc.a(lib_a-__call_atexit.o)
                0x00000000200004b8                __atexit_recursive_mutex
 .data.__malloc_av_
                0x00000000200004bc      0x408 /home/kurt/Ac6/SystemWorkbench/plugins/fr.ac6.mcu.externaltools.arm-none.linux64_1.17.0.201812190825/tools/compiler/bin/../lib/gcc/arm-none-eabi/7.3.1/../../../../arm-none-eabi/lib/thumb/v7e-m/fpv4-sp/hard/libc.a(lib_a-mallocr.o)
                0x00000000200004bc                __malloc_av_
 .data.__malloc_sbrk_base
                0x00000000200008c4        0x4 /home/kurt/Ac6/SystemWorkbench/plugins/fr.ac6.mcu.externaltools.arm-none.linux64_1.17.0.201812190825/tools/compiler/bin/../lib/gcc/arm-none-eabi/7.3.1/../../../../arm-none-eabi/lib/thumb/v7e-m/fpv4-sp/hard/libc.a(lib_a-mallocr.o)
                0x00000000200008c4                __malloc_sbrk_base
 .data.__malloc_trim_threshold
                0x00000000200008c8        0x4 /home/kurt/Ac6/SystemWorkbench/plugins/fr.ac6.mcu.externaltools.arm-none.linux64_1.17.0.201812190825/tools/compiler/bin/../lib/gcc/arm-none-eabi/7.3.1/../../../../arm-none-eabi/lib/thumb/v7e-m/fpv4-sp/hard/libc.a(lib_a-mallocr.o)
                0x00000000200008c8                __malloc_trim_threshold
 .data.__global_locale
                0x00000000200008cc      0x16c /home/kurt/Ac6/SystemWorkbench/plugins/fr.ac6.mcu.externaltools.arm-none.linux64_1.17.0.201812190825/tools/compiler/bin/../lib/gcc/arm-none-eabi/7.3.1/../../../../arm-none-eabi/lib/thumb/v7e-m/fpv4-sp/hard/libc.a(lib_a-locale.o)
                0x00000000200008cc                __global_locale
                0x0000000020000a38                . = ALIGN (0x4)
                0x0000000020000a38                _edata = .

.igot.plt       0x0000000020000a38        0x0 load address 0x0000000008009f24
 .igot.plt      0x0000000020000a38        0x0 /home/kurt/Ac6/SystemWorkbench/plugins/fr.ac6.mcu.externaltools.arm-none.linux64_1.17.0.201812190825/tools/compiler/bin/../lib/gcc/arm-none-eabi/7.3.1/thumb/v7e-m/fpv4-sp/hard/crtbegin.o
                0x0000000020000a38                . = ALIGN (0x4)

.bss            0x0000000020000a38      0xd94 load address 0x0000000008009f24
                0x0000000020000a38                _sbss = .
                0x0000000020000a38                __bss_start__ = _sbss
 *(.bss)
 .bss           0x0000000020000a38       0x1c /home/kurt/Ac6/SystemWorkbench/plugins/fr.ac6.mcu.externaltools.arm-none.linux64_1.17.0.201812190825/tools/compiler/bin/../lib/gcc/arm-none-eabi/7.3.1/thumb/v7e-m/fpv4-sp/hard/crtbegin.o
 .bss           0x0000000020000a54       0x10 src/adc.o
                0x0000000020000a54                adccnv_ready
                0x0000000020000a58                patemperature
                0x0000000020000a5a                v12
 .bss           0x0000000020000a64        0x4 src/controller.o
                0x0000000020000a64                emergency
 .bss           0x0000000020000a68      0x38e src/display_highlevel.o
 .bss           0x0000000020000df6        0x3 src/downconv_data.o
                0x0000000020000df6                down_rxidx
                0x0000000020000df7                down_dataready
 .bss           0x0000000020000df9        0x7 src/fan_pump.o
                0x0000000020000df9                fan_speed
                0x0000000020000dfa                fan_pump_alarm
                0x0000000020000dfb                fan_pump_onoff
                0x0000000020000dfc                old_fan_pump_onoff
                0x0000000020000dfd                old_patemperature
 .bss           0x0000000020000e00        0x5 src/gpio.o
                0x0000000020000e00                PTT_WB
                0x0000000020000e01                PTT_NB
                0x0000000020000e02                tast
                0x0000000020000e03                PTT_PA
 *fill*         0x0000000020000e05        0x3 
 .bss           0x0000000020000e08        0x8 src/syscalls.o
                0x0000000020000e08                __env
 .bss           0x0000000020000e10       0x1d src/timer.o
                0x0000000020000e10                fan_10ms_TO
                0x0000000020000e12                del_1s
                0x0000000020000e14                second1
                0x0000000020000e18                delay
                0x0000000020000e1c                delay_us
                0x0000000020000e20                display_off
                0x0000000020000e24                display_offtimer
                0x0000000020000e28                microticks
 *fill*         0x0000000020000e2d        0x1 
 .bss           0x0000000020000e2e        0x4 src/uart.o
                0x0000000020000e2e                rx_wr_index3
                0x0000000020000e30                rx_rd_index3
 *(.bss*)
 *fill*         0x0000000020000e32        0x2 
 .bss.__malloc_current_mallinfo
                0x0000000020000e34       0x28 /home/kurt/Ac6/SystemWorkbench/plugins/fr.ac6.mcu.externaltools.arm-none.linux64_1.17.0.201812190825/tools/compiler/bin/../lib/gcc/arm-none-eabi/7.3.1/../../../../arm-none-eabi/lib/thumb/v7e-m/fpv4-sp/hard/libc.a(lib_a-mallocr.o)
                0x0000000020000e34                __malloc_current_mallinfo
 .bss.__malloc_max_sbrked_mem
                0x0000000020000e5c        0x4 /home/kurt/Ac6/SystemWorkbench/plugins/fr.ac6.mcu.externaltools.arm-none.linux64_1.17.0.201812190825/tools/compiler/bin/../lib/gcc/arm-none-eabi/7.3.1/../../../../arm-none-eabi/lib/thumb/v7e-m/fpv4-sp/hard/libc.a(lib_a-mallocr.o)
                0x0000000020000e5c                __malloc_max_sbrked_mem
 .bss.__malloc_max_total_mem
                0x0000000020000e60        0x4 /home/kurt/Ac6/SystemWorkbench/plugins/fr.ac6.mcu.externaltools.arm-none.linux64_1.17.0.201812190825/tools/compiler/bin/../lib/gcc/arm-none-eabi/7.3.1/../../../../arm-none-eabi/lib/thumb/v7e-m/fpv4-sp/hard/libc.a(lib_a-mallocr.o)
                0x0000000020000e60                __malloc_max_total_mem
 .bss.__malloc_top_pad
                0x0000000020000e64        0x4 /home/kurt/Ac6/SystemWorkbench/plugins/fr.ac6.mcu.externaltools.arm-none.linux64_1.17.0.201812190825/tools/compiler/bin/../lib/gcc/arm-none-eabi/7.3.1/../../../../arm-none-eabi/lib/thumb/v7e-m/fpv4-sp/hard/libc.a(lib_a-mallocr.o)
                0x0000000020000e64                __malloc_top_pad
 *(COMMON)
 COMMON         0x0000000020000e68       0xf0 src/adc.o
                0x0000000020000e68                ADC3ConvertedValue
 COMMON         0x0000000020000f58       0xcb src/display.o
                0x0000000020000f58                spiDataBuffer
                0x0000000020001020                spiTXlen
                0x0000000020001021                dummy
                0x0000000020001022                spiTxCounter
 *fill*         0x0000000020001023        0x1 
 COMMON         0x0000000020001024      0x427 src/downconv_data.o
                0x0000000020001024                act_time
                0x00000000200010bc                num_gpssats
                0x0000000020001154                gps_lockstatus
                0x00000000200011ec                qthloc
                0x0000000020001284                longit
                0x000000002000131c                down_rxbuf
                0x00000000200013b4                latit
 *fill*         0x000000002000144b        0x1 
 COMMON         0x000000002000144c      0x358 src/uart.o
                0x000000002000144c                usart1_tx_buffer
                0x0000000020001514                uart4_tx_buffer
                0x00000000200015dc                usart2_tx_buffer
                0x00000000200016a4                rx_buffer3
 COMMON         0x00000000200017a4       0x21 /home/kurt/Ac6/SystemWorkbench/plugins/fr.ac6.mcu.externaltools.arm-none.linux64_1.17.0.201812190825/tools/compiler/bin/../lib/gcc/arm-none-eabi/7.3.1/../../../../arm-none-eabi/lib/thumb/v7e-m/fpv4-sp/hard/libc.a(lib_a-lock.o)
                0x00000000200017a4                __lock___atexit_recursive_mutex
                0x00000000200017a8                __lock___arc4random_mutex
                0x00000000200017ac                __lock___env_recursive_mutex
                0x00000000200017b0                __lock___sinit_recursive_mutex
                0x00000000200017b4                __lock___malloc_recursive_mutex
                0x00000000200017b8                __lock___at_quick_exit_mutex
                0x00000000200017bc                __lock___dd_hash_mutex
                0x00000000200017c0                __lock___tz_mutex
                0x00000000200017c4                __lock___sfp_recursive_mutex
 *fill*         0x00000000200017c5        0x3 
 COMMON         0x00000000200017c8        0x4 /home/kurt/Ac6/SystemWorkbench/plugins/fr.ac6.mcu.externaltools.arm-none.linux64_1.17.0.201812190825/tools/compiler/bin/../lib/gcc/arm-none-eabi/7.3.1/../../../../arm-none-eabi/lib/thumb/v7e-m/fpv4-sp/hard/libc.a(lib_a-reent.o)
                0x00000000200017c8                errno
                0x00000000200017cc                . = ALIGN (0x4)
                0x00000000200017cc                _ebss = .
                0x00000000200017cc                __bss_end__ = _ebss

._user_heap_stack
                0x00000000200017cc      0x404 load address 0x0000000008009f24
                0x00000000200017d0                . = ALIGN (0x8)
 *fill*         0x00000000200017cc        0x4 
                0x00000000200017d0                PROVIDE (end = .)
                [!provide]                        PROVIDE (_end = .)
                0x00000000200017d0                . = (. + _Min_Heap_Size)
                0x0000000020001bd0                . = (. + _Min_Stack_Size)
 *fill*         0x00000000200017d0      0x400 
                0x0000000020001bd0                . = ALIGN (0x8)

/DISCARD/
 libc.a(*)
 libm.a(*)
 libgcc.a(*)

.ARM.attributes
                0x0000000000000000       0x30
 *(.ARM.attributes)
 .ARM.attributes
                0x0000000000000000       0x22 /home/kurt/Ac6/SystemWorkbench/plugins/fr.ac6.mcu.externaltools.arm-none.linux64_1.17.0.201812190825/tools/compiler/bin/../lib/gcc/arm-none-eabi/7.3.1/thumb/v7e-m/fpv4-sp/hard/crti.o
 .ARM.attributes
                0x0000000000000022       0x34 /home/kurt/Ac6/SystemWorkbench/plugins/fr.ac6.mcu.externaltools.arm-none.linux64_1.17.0.201812190825/tools/compiler/bin/../lib/gcc/arm-none-eabi/7.3.1/thumb/v7e-m/fpv4-sp/hard/crtbegin.o
 .ARM.attributes
                0x0000000000000056       0x39 StdPeriph_Driver/src/misc.o
 .ARM.attributes
                0x000000000000008f       0x39 StdPeriph_Driver/src/stm32f4xx_adc.o
 .ARM.attributes
                0x00000000000000c8       0x39 StdPeriph_Driver/src/stm32f4xx_dma.o
 .ARM.attributes
                0x0000000000000101       0x39 StdPeriph_Driver/src/stm32f4xx_gpio.o
 .ARM.attributes
                0x000000000000013a       0x39 StdPeriph_Driver/src/stm32f4xx_rcc.o
 .ARM.attributes
                0x0000000000000173       0x39 StdPeriph_Driver/src/stm32f4xx_spi.o
 .ARM.attributes
                0x00000000000001ac       0x39 StdPeriph_Driver/src/stm32f4xx_tim.o
 .ARM.attributes
                0x00000000000001e5       0x39 StdPeriph_Driver/src/stm32f4xx_usart.o
 .ARM.attributes
                0x000000000000021e       0x39 src/adc.o
 .ARM.attributes
                0x0000000000000257       0x39 src/controller.o
 .ARM.attributes
                0x0000000000000290       0x39 src/dht11.o
 .ARM.attributes
                0x00000000000002c9       0x39 src/display.o
 .ARM.attributes
                0x0000000000000302       0x39 src/display_highlevel.o
 .ARM.attributes
                0x000000000000033b       0x39 src/downconv_data.o
 .ARM.attributes
                0x0000000000000374       0x39 src/fan_pump.o
 .ARM.attributes
                0x00000000000003ad       0x39 src/font8x8.o
 .ARM.attributes
                0x00000000000003e6       0x39 src/gpio.o
 .ARM.attributes
                0x000000000000041f       0x39 src/main.o
 .ARM.attributes
                0x0000000000000458       0x39 src/syscalls.o
 .ARM.attributes
                0x0000000000000491       0x39 src/system_stm32f4xx.o
 .ARM.attributes
                0x00000000000004ca       0x39 src/timer.o
 .ARM.attributes
                0x0000000000000503       0x39 src/uart.o
 .ARM.attributes
                0x000000000000053c       0x39 src/upconv_data.o
 .ARM.attributes
                0x0000000000000575       0x21 startup/startup_stm32.o
 .ARM.attributes
                0x0000000000000596       0x22 /home/kurt/Ac6/SystemWorkbench/plugins/fr.ac6.mcu.externaltools.arm-none.linux64_1.17.0.201812190825/tools/compiler/bin/../lib/gcc/arm-none-eabi/7.3.1/thumb/v7e-m/fpv4-sp/hard/libgcc.a(_arm_addsubdf3.o)
 .ARM.attributes
                0x00000000000005b8       0x22 /home/kurt/Ac6/SystemWorkbench/plugins/fr.ac6.mcu.externaltools.arm-none.linux64_1.17.0.201812190825/tools/compiler/bin/../lib/gcc/arm-none-eabi/7.3.1/thumb/v7e-m/fpv4-sp/hard/libgcc.a(_arm_muldivdf3.o)
 .ARM.attributes
                0x00000000000005da       0x22 /home/kurt/Ac6/SystemWorkbench/plugins/fr.ac6.mcu.externaltools.arm-none.linux64_1.17.0.201812190825/tools/compiler/bin/../lib/gcc/arm-none-eabi/7.3.1/thumb/v7e-m/fpv4-sp/hard/libgcc.a(_arm_fixdfsi.o)
 .ARM.attributes
                0x00000000000005fc       0x22 /home/kurt/Ac6/SystemWorkbench/plugins/fr.ac6.mcu.externaltools.arm-none.linux64_1.17.0.201812190825/tools/compiler/bin/../lib/gcc/arm-none-eabi/7.3.1/thumb/v7e-m/fpv4-sp/hard/libgcc.a(_arm_truncdfsf2.o)
 .ARM.attributes
                0x000000000000061e       0x34 /home/kurt/Ac6/SystemWorkbench/plugins/fr.ac6.mcu.externaltools.arm-none.linux64_1.17.0.201812190825/tools/compiler/bin/../lib/gcc/arm-none-eabi/7.3.1/../../../../arm-none-eabi/lib/thumb/v7e-m/fpv4-sp/hard/libc.a(lib_a-errno.o)
 .ARM.attributes
                0x0000000000000652       0x34 /home/kurt/Ac6/SystemWorkbench/plugins/fr.ac6.mcu.externaltools.arm-none.linux64_1.17.0.201812190825/tools/compiler/bin/../lib/gcc/arm-none-eabi/7.3.1/../../../../arm-none-eabi/lib/thumb/v7e-m/fpv4-sp/hard/libc.a(lib_a-impure.o)
 .ARM.attributes
                0x0000000000000686       0x34 /home/kurt/Ac6/SystemWorkbench/plugins/fr.ac6.mcu.externaltools.arm-none.linux64_1.17.0.201812190825/tools/compiler/bin/../lib/gcc/arm-none-eabi/7.3.1/../../../../arm-none-eabi/lib/thumb/v7e-m/fpv4-sp/hard/libc.a(lib_a-init.o)
 .ARM.attributes
                0x00000000000006ba       0x34 /home/kurt/Ac6/SystemWorkbench/plugins/fr.ac6.mcu.externaltools.arm-none.linux64_1.17.0.201812190825/tools/compiler/bin/../lib/gcc/arm-none-eabi/7.3.1/../../../../arm-none-eabi/lib/thumb/v7e-m/fpv4-sp/hard/libc.a(lib_a-memcmp.o)
 .ARM.attributes
                0x00000000000006ee       0x20 /home/kurt/Ac6/SystemWorkbench/plugins/fr.ac6.mcu.externaltools.arm-none.linux64_1.17.0.201812190825/tools/compiler/bin/../lib/gcc/arm-none-eabi/7.3.1/../../../../arm-none-eabi/lib/thumb/v7e-m/fpv4-sp/hard/libc.a(lib_a-memcpy.o)
 .ARM.attributes
                0x000000000000070e       0x34 /home/kurt/Ac6/SystemWorkbench/plugins/fr.ac6.mcu.externaltools.arm-none.linux64_1.17.0.201812190825/tools/compiler/bin/../lib/gcc/arm-none-eabi/7.3.1/../../../../arm-none-eabi/lib/thumb/v7e-m/fpv4-sp/hard/libc.a(lib_a-memset.o)
 .ARM.attributes
                0x0000000000000742       0x34 /home/kurt/Ac6/SystemWorkbench/plugins/fr.ac6.mcu.externaltools.arm-none.linux64_1.17.0.201812190825/tools/compiler/bin/../lib/gcc/arm-none-eabi/7.3.1/../../../../arm-none-eabi/lib/thumb/v7e-m/fpv4-sp/hard/libc.a(lib_a-sprintf.o)
 .ARM.attributes
                0x0000000000000776       0x20 /home/kurt/Ac6/SystemWorkbench/plugins/fr.ac6.mcu.externaltools.arm-none.linux64_1.17.0.201812190825/tools/compiler/bin/../lib/gcc/arm-none-eabi/7.3.1/../../../../arm-none-eabi/lib/thumb/v7e-m/fpv4-sp/hard/libc.a(lib_a-strlen.o)
 .ARM.attributes
                0x0000000000000796       0x34 /home/kurt/Ac6/SystemWorkbench/plugins/fr.ac6.mcu.externaltools.arm-none.linux64_1.17.0.201812190825/tools/compiler/bin/../lib/gcc/arm-none-eabi/7.3.1/../../../../arm-none-eabi/lib/thumb/v7e-m/fpv4-sp/hard/libc.a(lib_a-svfprintf.o)
 .ARM.attributes
                0x00000000000007ca       0x34 /home/kurt/Ac6/SystemWorkbench/plugins/fr.ac6.mcu.externaltools.arm-none.linux64_1.17.0.201812190825/tools/compiler/bin/../lib/gcc/arm-none-eabi/7.3.1/../../../../arm-none-eabi/lib/thumb/v7e-m/fpv4-sp/hard/libc.a(lib_a-vsprintf.o)
 .ARM.attributes
                0x00000000000007fe       0x34 /home/kurt/Ac6/SystemWorkbench/plugins/fr.ac6.mcu.externaltools.arm-none.linux64_1.17.0.201812190825/tools/compiler/bin/../lib/gcc/arm-none-eabi/7.3.1/../../../../arm-none-eabi/lib/thumb/v7e-m/fpv4-sp/hard/libc.a(lib_a-__call_atexit.o)
 .ARM.attributes
                0x0000000000000832       0x34 /home/kurt/Ac6/SystemWorkbench/plugins/fr.ac6.mcu.externaltools.arm-none.linux64_1.17.0.201812190825/tools/compiler/bin/../lib/gcc/arm-none-eabi/7.3.1/../../../../arm-none-eabi/lib/thumb/v7e-m/fpv4-sp/hard/libc.a(lib_a-atexit.o)
 .ARM.attributes
                0x0000000000000866       0x34 /home/kurt/Ac6/SystemWorkbench/plugins/fr.ac6.mcu.externaltools.arm-none.linux64_1.17.0.201812190825/tools/compiler/bin/../lib/gcc/arm-none-eabi/7.3.1/../../../../arm-none-eabi/lib/thumb/v7e-m/fpv4-sp/hard/libc.a(lib_a-dtoa.o)
 .ARM.attributes
                0x000000000000089a       0x34 /home/kurt/Ac6/SystemWorkbench/plugins/fr.ac6.mcu.externaltools.arm-none.linux64_1.17.0.201812190825/tools/compiler/bin/../lib/gcc/arm-none-eabi/7.3.1/../../../../arm-none-eabi/lib/thumb/v7e-m/fpv4-sp/hard/libc.a(lib_a-fini.o)
 .ARM.attributes
                0x00000000000008ce       0x34 /home/kurt/Ac6/SystemWorkbench/plugins/fr.ac6.mcu.externaltools.arm-none.linux64_1.17.0.201812190825/tools/compiler/bin/../lib/gcc/arm-none-eabi/7.3.1/../../../../arm-none-eabi/lib/thumb/v7e-m/fpv4-sp/hard/libc.a(lib_a-freer.o)
 .ARM.attributes
                0x0000000000000902       0x34 /home/kurt/Ac6/SystemWorkbench/plugins/fr.ac6.mcu.externaltools.arm-none.linux64_1.17.0.201812190825/tools/compiler/bin/../lib/gcc/arm-none-eabi/7.3.1/../../../../arm-none-eabi/lib/thumb/v7e-m/fpv4-sp/hard/libc.a(lib_a-localeconv.o)
 .ARM.attributes
                0x0000000000000936       0x34 /home/kurt/Ac6/SystemWorkbench/plugins/fr.ac6.mcu.externaltools.arm-none.linux64_1.17.0.201812190825/tools/compiler/bin/../lib/gcc/arm-none-eabi/7.3.1/../../../../arm-none-eabi/lib/thumb/v7e-m/fpv4-sp/hard/libc.a(lib_a-lock.o)
 .ARM.attributes
                0x000000000000096a       0x34 /home/kurt/Ac6/SystemWorkbench/plugins/fr.ac6.mcu.externaltools.arm-none.linux64_1.17.0.201812190825/tools/compiler/bin/../lib/gcc/arm-none-eabi/7.3.1/../../../../arm-none-eabi/lib/thumb/v7e-m/fpv4-sp/hard/libc.a(lib_a-mallocr.o)
 .ARM.attributes
                0x000000000000099e       0x20 /home/kurt/Ac6/SystemWorkbench/plugins/fr.ac6.mcu.externaltools.arm-none.linux64_1.17.0.201812190825/tools/compiler/bin/../lib/gcc/arm-none-eabi/7.3.1/../../../../arm-none-eabi/lib/thumb/v7e-m/fpv4-sp/hard/libc.a(lib_a-memchr.o)
 .ARM.attributes
                0x00000000000009be       0x34 /home/kurt/Ac6/SystemWorkbench/plugins/fr.ac6.mcu.externaltools.arm-none.linux64_1.17.0.201812190825/tools/compiler/bin/../lib/gcc/arm-none-eabi/7.3.1/../../../../arm-none-eabi/lib/thumb/v7e-m/fpv4-sp/hard/libc.a(lib_a-mlock.o)
 .ARM.attributes
                0x00000000000009f2       0x34 /home/kurt/Ac6/SystemWorkbench/plugins/fr.ac6.mcu.externaltools.arm-none.linux64_1.17.0.201812190825/tools/compiler/bin/../lib/gcc/arm-none-eabi/7.3.1/../../../../arm-none-eabi/lib/thumb/v7e-m/fpv4-sp/hard/libc.a(lib_a-mprec.o)
 .ARM.attributes
                0x0000000000000a26       0x34 /home/kurt/Ac6/SystemWorkbench/plugins/fr.ac6.mcu.externaltools.arm-none.linux64_1.17.0.201812190825/tools/compiler/bin/../lib/gcc/arm-none-eabi/7.3.1/../../../../arm-none-eabi/lib/thumb/v7e-m/fpv4-sp/hard/libc.a(lib_a-s_frexp.o)
 .ARM.attributes
                0x0000000000000a5a       0x34 /home/kurt/Ac6/SystemWorkbench/plugins/fr.ac6.mcu.externaltools.arm-none.linux64_1.17.0.201812190825/tools/compiler/bin/../lib/gcc/arm-none-eabi/7.3.1/../../../../arm-none-eabi/lib/thumb/v7e-m/fpv4-sp/hard/libc.a(lib_a-sbrkr.o)
 .ARM.attributes
                0x0000000000000a8e       0x34 /home/kurt/Ac6/SystemWorkbench/plugins/fr.ac6.mcu.externaltools.arm-none.linux64_1.17.0.201812190825/tools/compiler/bin/../lib/gcc/arm-none-eabi/7.3.1/../../../../arm-none-eabi/lib/thumb/v7e-m/fpv4-sp/hard/libc.a(lib_a-strncpy.o)
 .ARM.attributes
                0x0000000000000ac2       0x34 /home/kurt/Ac6/SystemWorkbench/plugins/fr.ac6.mcu.externaltools.arm-none.linux64_1.17.0.201812190825/tools/compiler/bin/../lib/gcc/arm-none-eabi/7.3.1/../../../../arm-none-eabi/lib/thumb/v7e-m/fpv4-sp/hard/libc.a(lib_a-svfiprintf.o)
 .ARM.attributes
                0x0000000000000af6       0x34 /home/kurt/Ac6/SystemWorkbench/plugins/fr.ac6.mcu.externaltools.arm-none.linux64_1.17.0.201812190825/tools/compiler/bin/../lib/gcc/arm-none-eabi/7.3.1/../../../../arm-none-eabi/lib/thumb/v7e-m/fpv4-sp/hard/libc.a(lib_a-__atexit.o)
 .ARM.attributes
                0x0000000000000b2a       0x34 /home/kurt/Ac6/SystemWorkbench/plugins/fr.ac6.mcu.externaltools.arm-none.linux64_1.17.0.201812190825/tools/compiler/bin/../lib/gcc/arm-none-eabi/7.3.1/../../../../arm-none-eabi/lib/thumb/v7e-m/fpv4-sp/hard/libc.a(lib_a-callocr.o)
 .ARM.attributes
                0x0000000000000b5e       0x34 /home/kurt/Ac6/SystemWorkbench/plugins/fr.ac6.mcu.externaltools.arm-none.linux64_1.17.0.201812190825/tools/compiler/bin/../lib/gcc/arm-none-eabi/7.3.1/../../../../arm-none-eabi/lib/thumb/v7e-m/fpv4-sp/hard/libc.a(lib_a-locale.o)
 .ARM.attributes
                0x0000000000000b92       0x34 /home/kurt/Ac6/SystemWorkbench/plugins/fr.ac6.mcu.externaltools.arm-none.linux64_1.17.0.201812190825/tools/compiler/bin/../lib/gcc/arm-none-eabi/7.3.1/../../../../arm-none-eabi/lib/thumb/v7e-m/fpv4-sp/hard/libc.a(lib_a-mbtowc_r.o)
 .ARM.attributes
                0x0000000000000bc6       0x34 /home/kurt/Ac6/SystemWorkbench/plugins/fr.ac6.mcu.externaltools.arm-none.linux64_1.17.0.201812190825/tools/compiler/bin/../lib/gcc/arm-none-eabi/7.3.1/../../../../arm-none-eabi/lib/thumb/v7e-m/fpv4-sp/hard/libc.a(lib_a-memmove.o)
 .ARM.attributes
                0x0000000000000bfa       0x34 /home/kurt/Ac6/SystemWorkbench/plugins/fr.ac6.mcu.externaltools.arm-none.linux64_1.17.0.201812190825/tools/compiler/bin/../lib/gcc/arm-none-eabi/7.3.1/../../../../arm-none-eabi/lib/thumb/v7e-m/fpv4-sp/hard/libc.a(lib_a-reallocr.o)
 .ARM.attributes
                0x0000000000000c2e       0x34 /home/kurt/Ac6/SystemWorkbench/plugins/fr.ac6.mcu.externaltools.arm-none.linux64_1.17.0.201812190825/tools/compiler/bin/../lib/gcc/arm-none-eabi/7.3.1/../../../../arm-none-eabi/lib/thumb/v7e-m/fpv4-sp/hard/libc.a(lib_a-reent.o)
 .ARM.attributes
                0x0000000000000c62       0x34 /home/kurt/Ac6/SystemWorkbench/plugins/fr.ac6.mcu.externaltools.arm-none.linux64_1.17.0.201812190825/tools/compiler/bin/../lib/gcc/arm-none-eabi/7.3.1/../../../../arm-none-eabi/lib/thumb/v7e-m/fpv4-sp/hard/libc.a(lib_a-wctomb_r.o)
 .ARM.attributes
                0x0000000000000c96       0x34 /home/kurt/Ac6/SystemWorkbench/plugins/fr.ac6.mcu.externaltools.arm-none.linux64_1.17.0.201812190825/tools/compiler/bin/../lib/gcc/arm-none-eabi/7.3.1/../../../../arm-none-eabi/lib/thumb/v7e-m/fpv4-sp/hard/libc.a(lib_a-ctype_.o)
 .ARM.attributes
                0x0000000000000cca       0x22 /home/kurt/Ac6/SystemWorkbench/plugins/fr.ac6.mcu.externaltools.arm-none.linux64_1.17.0.201812190825/tools/compiler/bin/../lib/gcc/arm-none-eabi/7.3.1/thumb/v7e-m/fpv4-sp/hard/libgcc.a(_arm_cmpdf2.o)
 .ARM.attributes
                0x0000000000000cec       0x22 /home/kurt/Ac6/SystemWorkbench/plugins/fr.ac6.mcu.externaltools.arm-none.linux64_1.17.0.201812190825/tools/compiler/bin/../lib/gcc/arm-none-eabi/7.3.1/thumb/v7e-m/fpv4-sp/hard/libgcc.a(_arm_unorddf2.o)
 .ARM.attributes
                0x0000000000000d0e       0x22 /home/kurt/Ac6/SystemWorkbench/plugins/fr.ac6.mcu.externaltools.arm-none.linux64_1.17.0.201812190825/tools/compiler/bin/../lib/gcc/arm-none-eabi/7.3.1/thumb/v7e-m/fpv4-sp/hard/libgcc.a(_aeabi_uldivmod.o)
 .ARM.attributes
                0x0000000000000d30       0x34 /home/kurt/Ac6/SystemWorkbench/plugins/fr.ac6.mcu.externaltools.arm-none.linux64_1.17.0.201812190825/tools/compiler/bin/../lib/gcc/arm-none-eabi/7.3.1/thumb/v7e-m/fpv4-sp/hard/libgcc.a(_udivmoddi4.o)
 .ARM.attributes
                0x0000000000000d64       0x22 /home/kurt/Ac6/SystemWorkbench/plugins/fr.ac6.mcu.externaltools.arm-none.linux64_1.17.0.201812190825/tools/compiler/bin/../lib/gcc/arm-none-eabi/7.3.1/thumb/v7e-m/fpv4-sp/hard/libgcc.a(_dvmd_tls.o)
 .ARM.attributes
                0x0000000000000d86       0x22 /home/kurt/Ac6/SystemWorkbench/plugins/fr.ac6.mcu.externaltools.arm-none.linux64_1.17.0.201812190825/tools/compiler/bin/../lib/gcc/arm-none-eabi/7.3.1/thumb/v7e-m/fpv4-sp/hard/crtn.o
OUTPUT(pa250ctrl.elf elf32-littlearm)

.debug_info     0x0000000000000000    0x12f82
 .debug_info    0x0000000000000000      0x54b StdPeriph_Driver/src/misc.o
 .debug_info    0x000000000000054b      0xc4e StdPeriph_Driver/src/stm32f4xx_adc.o
 .debug_info    0x0000000000001199      0x74b StdPeriph_Driver/src/stm32f4xx_dma.o
 .debug_info    0x00000000000018e4      0x62b StdPeriph_Driver/src/stm32f4xx_gpio.o
 .debug_info    0x0000000000001f0f      0xf8e StdPeriph_Driver/src/stm32f4xx_rcc.o
 .debug_info    0x0000000000002e9d      0xb4d StdPeriph_Driver/src/stm32f4xx_spi.o
 .debug_info    0x00000000000039ea     0x1c73 StdPeriph_Driver/src/stm32f4xx_tim.o
 .debug_info    0x000000000000565d      0x9d4 StdPeriph_Driver/src/stm32f4xx_usart.o
 .debug_info    0x0000000000006031     0x127f src/adc.o
 .debug_info    0x00000000000072b0      0xb86 src/controller.o
 .debug_info    0x0000000000007e36      0xcf9 src/dht11.o
 .debug_info    0x0000000000008b2f     0x14c9 src/display.o
 .debug_info    0x0000000000009ff8      0xc1d src/display_highlevel.o
 .debug_info    0x000000000000ac15      0xbe5 src/downconv_data.o
 .debug_info    0x000000000000b7fa      0xcd1 src/fan_pump.o
 .debug_info    0x000000000000c4cb      0xb16 src/font8x8.o
 .debug_info    0x000000000000cfe1      0xe3c src/gpio.o
 .debug_info    0x000000000000de1d      0xb02 src/main.o
 .debug_info    0x000000000000e91f      0xf2e src/syscalls.o
 .debug_info    0x000000000000f84d      0x621 src/system_stm32f4xx.o
 .debug_info    0x000000000000fe6e     0x11e7 src/timer.o
 .debug_info    0x0000000000011055     0x13f0 src/uart.o
 .debug_info    0x0000000000012445      0xb1b src/upconv_data.o
 .debug_info    0x0000000000012f60       0x22 startup/startup_stm32.o

.debug_abbrev   0x0000000000000000     0x3142
 .debug_abbrev  0x0000000000000000      0x177 StdPeriph_Driver/src/misc.o
 .debug_abbrev  0x0000000000000177      0x1b0 StdPeriph_Driver/src/stm32f4xx_adc.o
 .debug_abbrev  0x0000000000000327      0x16d StdPeriph_Driver/src/stm32f4xx_dma.o
 .debug_abbrev  0x0000000000000494      0x1bf StdPeriph_Driver/src/stm32f4xx_gpio.o
 .debug_abbrev  0x0000000000000653      0x1d4 StdPeriph_Driver/src/stm32f4xx_rcc.o
 .debug_abbrev  0x0000000000000827      0x17f StdPeriph_Driver/src/stm32f4xx_spi.o
 .debug_abbrev  0x00000000000009a6      0x19f StdPeriph_Driver/src/stm32f4xx_tim.o
 .debug_abbrev  0x0000000000000b45      0x187 StdPeriph_Driver/src/stm32f4xx_usart.o
 .debug_abbrev  0x0000000000000ccc      0x307 src/adc.o
 .debug_abbrev  0x0000000000000fd3      0x21e src/controller.o
 .debug_abbrev  0x00000000000011f1      0x261 src/dht11.o
 .debug_abbrev  0x0000000000001452      0x334 src/display.o
 .debug_abbrev  0x0000000000001786      0x220 src/display_highlevel.o
 .debug_abbrev  0x00000000000019a6      0x256 src/downconv_data.o
 .debug_abbrev  0x0000000000001bfc      0x295 src/fan_pump.o
 .debug_abbrev  0x0000000000001e91      0x1e1 src/font8x8.o
 .debug_abbrev  0x0000000000002072      0x2c4 src/gpio.o
 .debug_abbrev  0x0000000000002336      0x1ee src/main.o
 .debug_abbrev  0x0000000000002524      0x2aa src/syscalls.o
 .debug_abbrev  0x00000000000027ce      0x15d src/system_stm32f4xx.o
 .debug_abbrev  0x000000000000292b      0x2de src/timer.o
 .debug_abbrev  0x0000000000002c09      0x32c src/uart.o
 .debug_abbrev  0x0000000000002f35      0x1fb src/upconv_data.o
 .debug_abbrev  0x0000000000003130       0x12 startup/startup_stm32.o

.debug_aranges  0x0000000000000000      0xe18
 .debug_aranges
                0x0000000000000000       0x40 StdPeriph_Driver/src/misc.o
 .debug_aranges
                0x0000000000000040      0x148 StdPeriph_Driver/src/stm32f4xx_adc.o
 .debug_aranges
                0x0000000000000188       0xb0 StdPeriph_Driver/src/stm32f4xx_dma.o
 .debug_aranges
                0x0000000000000238       0x88 StdPeriph_Driver/src/stm32f4xx_gpio.o
 .debug_aranges
                0x00000000000002c0      0x1e8 StdPeriph_Driver/src/stm32f4xx_rcc.o
 .debug_aranges
                0x00000000000004a8       0xe0 StdPeriph_Driver/src/stm32f4xx_spi.o
 .debug_aranges
                0x0000000000000588      0x2f8 StdPeriph_Driver/src/stm32f4xx_tim.o
 .debug_aranges
                0x0000000000000880      0x100 StdPeriph_Driver/src/stm32f4xx_usart.o
 .debug_aranges
                0x0000000000000980       0x48 src/adc.o
 .debug_aranges
                0x00000000000009c8       0x30 src/controller.o
 .debug_aranges
                0x00000000000009f8       0x38 src/dht11.o
 .debug_aranges
                0x0000000000000a30       0xa8 src/display.o
 .debug_aranges
                0x0000000000000ad8       0x28 src/display_highlevel.o
 .debug_aranges
                0x0000000000000b00       0x28 src/downconv_data.o
 .debug_aranges
                0x0000000000000b28       0x38 src/fan_pump.o
 .debug_aranges
                0x0000000000000b60       0x18 src/font8x8.o
 .debug_aranges
                0x0000000000000b78       0x68 src/gpio.o
 .debug_aranges
                0x0000000000000be0       0x20 src/main.o
 .debug_aranges
                0x0000000000000c00       0xb0 src/syscalls.o
 .debug_aranges
                0x0000000000000cb0       0x30 src/system_stm32f4xx.o
 .debug_aranges
                0x0000000000000ce0       0x58 src/timer.o
 .debug_aranges
                0x0000000000000d38       0x98 src/uart.o
 .debug_aranges
                0x0000000000000dd0       0x20 src/upconv_data.o
 .debug_aranges
                0x0000000000000df0       0x28 startup/startup_stm32.o

.debug_ranges   0x0000000000000000      0xcb0
 .debug_ranges  0x0000000000000000       0x30 StdPeriph_Driver/src/misc.o
 .debug_ranges  0x0000000000000030      0x138 StdPeriph_Driver/src/stm32f4xx_adc.o
 .debug_ranges  0x0000000000000168       0xa0 StdPeriph_Driver/src/stm32f4xx_dma.o
 .debug_ranges  0x0000000000000208       0x78 StdPeriph_Driver/src/stm32f4xx_gpio.o
 .debug_ranges  0x0000000000000280      0x1d8 StdPeriph_Driver/src/stm32f4xx_rcc.o
 .debug_ranges  0x0000000000000458       0xd0 StdPeriph_Driver/src/stm32f4xx_spi.o
 .debug_ranges  0x0000000000000528      0x2e8 StdPeriph_Driver/src/stm32f4xx_tim.o
 .debug_ranges  0x0000000000000810       0xf0 StdPeriph_Driver/src/stm32f4xx_usart.o
 .debug_ranges  0x0000000000000900       0x38 src/adc.o
 .debug_ranges  0x0000000000000938       0x20 src/controller.o
 .debug_ranges  0x0000000000000958       0x28 src/dht11.o
 .debug_ranges  0x0000000000000980       0x98 src/display.o
 .debug_ranges  0x0000000000000a18       0x18 src/display_highlevel.o
 .debug_ranges  0x0000000000000a30       0x30 src/downconv_data.o
 .debug_ranges  0x0000000000000a60       0x28 src/fan_pump.o
 .debug_ranges  0x0000000000000a88       0x58 src/gpio.o
 .debug_ranges  0x0000000000000ae0       0x10 src/main.o
 .debug_ranges  0x0000000000000af0       0xa0 src/syscalls.o
 .debug_ranges  0x0000000000000b90       0x20 src/system_stm32f4xx.o
 .debug_ranges  0x0000000000000bb0       0x48 src/timer.o
 .debug_ranges  0x0000000000000bf8       0x88 src/uart.o
 .debug_ranges  0x0000000000000c80       0x10 src/upconv_data.o
 .debug_ranges  0x0000000000000c90       0x20 startup/startup_stm32.o

.debug_macro    0x0000000000000000    0x18935
 .debug_macro   0x0000000000000000      0x1fe StdPeriph_Driver/src/misc.o
 .debug_macro   0x00000000000001fe      0xa6c StdPeriph_Driver/src/misc.o
 .debug_macro   0x0000000000000c6a       0x65 StdPeriph_Driver/src/misc.o
 .debug_macro   0x0000000000000ccf       0x3b StdPeriph_Driver/src/misc.o
 .debug_macro   0x0000000000000d0a       0x22 StdPeriph_Driver/src/misc.o
 .debug_macro   0x0000000000000d2c       0x8e StdPeriph_Driver/src/misc.o
 .debug_macro   0x0000000000000dba       0x51 StdPeriph_Driver/src/misc.o
 .debug_macro   0x0000000000000e0b       0xef StdPeriph_Driver/src/misc.o
 .debug_macro   0x0000000000000efa       0x6a StdPeriph_Driver/src/misc.o
 .debug_macro   0x0000000000000f64      0x1df StdPeriph_Driver/src/misc.o
 .debug_macro   0x0000000000001143       0x34 StdPeriph_Driver/src/misc.o
 .debug_macro   0x0000000000001177       0x26 StdPeriph_Driver/src/misc.o
 .debug_macro   0x000000000000119d      0xe43 StdPeriph_Driver/src/misc.o
 .debug_macro   0x0000000000001fe0     0x9f98 StdPeriph_Driver/src/misc.o
 .debug_macro   0x000000000000bf78      0x448 StdPeriph_Driver/src/misc.o
 .debug_macro   0x000000000000c3c0       0xb2 StdPeriph_Driver/src/misc.o
 .debug_macro   0x000000000000c472      0x477 StdPeriph_Driver/src/misc.o