14:53:16 **** Build of configuration Debug for project pa250ctrl ****
make -j16 all 
Building file: ../startup/startup_stm32.s
Building file: ../src/adc.c
Building file: ../src/controller.c
Invoking: MCU GCC Assembler
Building file: ../src/dht11.c
Invoking: MCU GCC Compiler
Invoking: MCU GCC Compiler
Building file: ../src/display.c
/Daten1/Daten/funk/sat/Amsat-Boards/firmware/250W-PA-Controller/pa250ctrl/Debug
Invoking: MCU GCC Compiler
/Daten1/Daten/funk/sat/Amsat-Boards/firmware/250W-PA-Controller/pa250ctrl/Debug
arm-none-eabi-as -mcpu=cortex-m4 -mthumb -mfloat-abi=hard -mfpu=fpv4-sp-d16 -I"/Daten1/Daten/funk/sat/Amsat-Boards/firmware/250W-PA-Controller/pa250ctrl/StdPeriph_Driver/inc" -I"/Daten1/Daten/funk/sat/Amsat-Boards/firmware/250W-PA-Controller/pa250ctrl/inc" -I"/Daten1/Daten/funk/sat/Amsat-Boards/firmware/250W-PA-Controller/pa250ctrl/CMSIS/device" -I"/Daten1/Daten/funk/sat/Amsat-Boards/firmware/250W-PA-Controller/pa250ctrl/CMSIS/core" -g -o "startup/startup_stm32.o" "../startup/startup_stm32.s"
/Daten1/Daten/funk/sat/Amsat-Boards/firmware/250W-PA-Controller/pa250ctrl/Debug
Invoking: MCU GCC Compiler
arm-none-eabi-gcc -mcpu=cortex-m4 -mthumb -mfloat-abi=hard -mfpu=fpv4-sp-d16 -DSTM32 -DSTM32F4 -DSTM32F446RETx -DDEBUG -DSTM32F446xx -DUSE_STDPERIPH_DRIVER -I"/Daten1/Daten/funk/sat/Amsat-Boards/firmware/250W-PA-Controller/pa250ctrl/StdPeriph_Driver/inc" -I"/Daten1/Daten/funk/sat/Amsat-Boards/firmware/250W-PA-Controller/pa250ctrl/inc" -I"/Daten1/Daten/funk/sat/Amsat-Boards/firmware/250W-PA-Controller/pa250ctrl/CMSIS/device" -I"/Daten1/Daten/funk/sat/Amsat-Boards/firmware/250W-PA-Controller/pa250ctrl/CMSIS/core" -O0 -g3 -Wall -fmessage-length=0 -ffunction-sections -c -MMD -MP -MF"src/adc.d" -MT"src/adc.o" -o "src/adc.o" "../src/adc.c"
arm-none-eabi-gcc -mcpu=cortex-m4 -mthumb -mfloat-abi=hard -mfpu=fpv4-sp-d16 -DSTM32 -DSTM32F4 -DSTM32F446RETx -DDEBUG -DSTM32F446xx -DUSE_STDPERIPH_DRIVER -I"/Daten1/Daten/funk/sat/Amsat-Boards/firmware/250W-PA-Controller/pa250ctrl/StdPeriph_Driver/inc" -I"/Daten1/Daten/funk/sat/Amsat-Boards/firmware/250W-PA-Controller/pa250ctrl/inc" -I"/Daten1/Daten/funk/sat/Amsat-Boards/firmware/250W-PA-Controller/pa250ctrl/CMSIS/device" -I"/Daten1/Daten/funk/sat/Amsat-Boards/firmware/250W-PA-Controller/pa250ctrl/CMSIS/core" -O0 -g3 -Wall -fmessage-length=0 -ffunction-sections -c -MMD -MP -MF"src/controller.d" -MT"src/controller.o" -o "src/controller.o" "../src/controller.c"
Building file: ../src/display_highlevel.c
/Daten1/Daten/funk/sat/Amsat-Boards/firmware/250W-PA-Controller/pa250ctrl/Debug
Building file: ../src/downconv_data.c
arm-none-eabi-gcc -mcpu=cortex-m4 -mthumb -mfloat-abi=hard -mfpu=fpv4-sp-d16 -DSTM32 -DSTM32F4 -DSTM32F446RETx -DDEBUG -DSTM32F446xx -DUSE_STDPERIPH_DRIVER -I"/Daten1/Daten/funk/sat/Amsat-Boards/firmware/250W-PA-Controller/pa250ctrl/StdPeriph_Driver/inc" -I"/Daten1/Daten/funk/sat/Amsat-Boards/firmware/250W-PA-Controller/pa250ctrl/inc" -I"/Daten1/Daten/funk/sat/Amsat-Boards/firmware/250W-PA-Controller/pa250ctrl/CMSIS/device" -I"/Daten1/Daten/funk/sat/Amsat-Boards/firmware/250W-PA-Controller/pa250ctrl/CMSIS/core" -O0 -g3 -Wall -fmessage-length=0 -ffunction-sections -c -MMD -MP -MF"src/display.d" -MT"src/display.o" -o "src/display.o" "../src/display.c"
/Daten1/Daten/funk/sat/Amsat-Boards/firmware/250W-PA-Controller/pa250ctrl/Debug
arm-none-eabi-gcc -mcpu=cortex-m4 -mthumb -mfloat-abi=hard -mfpu=fpv4-sp-d16 -DSTM32 -DSTM32F4 -DSTM32F446RETx -DDEBUG -DSTM32F446xx -DUSE_STDPERIPH_DRIVER -I"/Daten1/Daten/funk/sat/Amsat-Boards/firmware/250W-PA-Controller/pa250ctrl/StdPeriph_Driver/inc" -I"/Daten1/Daten/funk/sat/Amsat-Boards/firmware/250W-PA-Controller/pa250ctrl/inc" -I"/Daten1/Daten/funk/sat/Amsat-Boards/firmware/250W-PA-Controller/pa250ctrl/CMSIS/device" -I"/Daten1/Daten/funk/sat/Amsat-Boards/firmware/250W-PA-Controller/pa250ctrl/CMSIS/core" -O0 -g3 -Wall -fmessage-length=0 -ffunction-sections -c -MMD -MP -MF"src/dht11.d" -MT"src/dht11.o" -o "src/dht11.o" "../src/dht11.c"
Invoking: MCU GCC Compiler
Invoking: MCU GCC Compiler
Building file: ../src/fan_pump.c
/Daten1/Daten/funk/sat/Amsat-Boards/firmware/250W-PA-Controller/pa250ctrl/Debug
/Daten1/Daten/funk/sat/Amsat-Boards/firmware/250W-PA-Controller/pa250ctrl/Debug
arm-none-eabi-gcc -mcpu=cortex-m4 -mthumb -mfloat-abi=hard -mfpu=fpv4-sp-d16 -DSTM32 -DSTM32F4 -DSTM32F446RETx -DDEBUG -DSTM32F446xx -DUSE_STDPERIPH_DRIVER -I"/Daten1/Daten/funk/sat/Amsat-Boards/firmware/250W-PA-Controller/pa250ctrl/StdPeriph_Driver/inc" -I"/Daten1/Daten/funk/sat/Amsat-Boards/firmware/250W-PA-Controller/pa250ctrl/inc" -I"/Daten1/Daten/funk/sat/Amsat-Boards/firmware/250W-PA-Controller/pa250ctrl/CMSIS/device" -I"/Daten1/Daten/funk/sat/Amsat-Boards/firmware/250W-PA-Controller/pa250ctrl/CMSIS/core" -O0 -g3 -Wall -fmessage-length=0 -ffunction-sections -c -MMD -MP -MF"src/display_highlevel.d" -MT"src/display_highlevel.o" -o "src/display_highlevel.o" "../src/display_highlevel.c"
Building file: ../src/font8x8.c
arm-none-eabi-gcc -mcpu=cortex-m4 -mthumb -mfloat-abi=hard -mfpu=fpv4-sp-d16 -DSTM32 -DSTM32F4 -DSTM32F446RETx -DDEBUG -DSTM32F446xx -DUSE_STDPERIPH_DRIVER -I"/Daten1/Daten/funk/sat/Amsat-Boards/firmware/250W-PA-Controller/pa250ctrl/StdPeriph_Driver/inc" -I"/Daten1/Daten/funk/sat/Amsat-Boards/firmware/250W-PA-Controller/pa250ctrl/inc" -I"/Daten1/Daten/funk/sat/Amsat-Boards/firmware/250W-PA-Controller/pa250ctrl/CMSIS/device" -I"/Daten1/Daten/funk/sat/Amsat-Boards/firmware/250W-PA-Controller/pa250ctrl/CMSIS/core" -O0 -g3 -Wall -fmessage-length=0 -ffunction-sections -c -MMD -MP -MF"src/downconv_data.d" -MT"src/downconv_data.o" -o "src/downconv_data.o" "../src/downconv_data.c"
Invoking: MCU GCC Compiler
/Daten1/Daten/funk/sat/Amsat-Boards/firmware/250W-PA-Controller/pa250ctrl/Debug
Building file: ../src/syscalls.c
arm-none-eabi-gcc -mcpu=cortex-m4 -mthumb -mfloat-abi=hard -mfpu=fpv4-sp-d16 -DSTM32 -DSTM32F4 -DSTM32F446RETx -DDEBUG -DSTM32F446xx -DUSE_STDPERIPH_DRIVER -I"/Daten1/Daten/funk/sat/Amsat-Boards/firmware/250W-PA-Controller/pa250ctrl/StdPeriph_Driver/inc" -I"/Daten1/Daten/funk/sat/Amsat-Boards/firmware/250W-PA-Controller/pa250ctrl/inc" -I"/Daten1/Daten/funk/sat/Amsat-Boards/firmware/250W-PA-Controller/pa250ctrl/CMSIS/device" -I"/Daten1/Daten/funk/sat/Amsat-Boards/firmware/250W-PA-Controller/pa250ctrl/CMSIS/core" -O0 -g3 -Wall -fmessage-length=0 -ffunction-sections -c -MMD -MP -MF"src/fan_pump.d" -MT"src/fan_pump.o" -o "src/fan_pump.o" "../src/fan_pump.c"
Building file: ../src/system_stm32f4xx.c
Building file: ../src/timer.c
Invoking: MCU GCC Compiler
Invoking: MCU GCC Compiler
Invoking: MCU GCC Compiler
Building file: ../src/uart.c
Building file: ../src/gpio.c
Building file: ../src/upconv_data.c
/Daten1/Daten/funk/sat/Amsat-Boards/firmware/250W-PA-Controller/pa250ctrl/Debug
Finished building: ../startup/startup_stm32.s
/Daten1/Daten/funk/sat/Amsat-Boards/firmware/250W-PA-Controller/pa250ctrl/Debug
arm-none-eabi-gcc -mcpu=cortex-m4 -mthumb -mfloat-abi=hard -mfpu=fpv4-sp-d16 -DSTM32 -DSTM32F4 -DSTM32F446RETx -DDEBUG -DSTM32F446xx -DUSE_STDPERIPH_DRIVER -I"/Daten1/Daten/funk/sat/Amsat-Boards/firmware/250W-PA-Controller/pa250ctrl/StdPeriph_Driver/inc" -I"/Daten1/Daten/funk/sat/Amsat-Boards/firmware/250W-PA-Controller/pa250ctrl/inc" -I"/Daten1/Daten/funk/sat/Amsat-Boards/firmware/250W-PA-Controller/pa250ctrl/CMSIS/device" -I"/Daten1/Daten/funk/sat/Amsat-Boards/firmware/250W-PA-Controller/pa250ctrl/CMSIS/core" -O0 -g3 -Wall -fmessage-length=0 -ffunction-sections -c -MMD -MP -MF"src/syscalls.d" -MT"src/syscalls.o" -o "src/syscalls.o" "../src/syscalls.c"
Invoking: MCU GCC Compiler
/Daten1/Daten/funk/sat/Amsat-Boards/firmware/250W-PA-Controller/pa250ctrl/Debug
Invoking: MCU GCC Compiler
Invoking: MCU GCC Compiler
Invoking: MCU GCC Compiler
 
arm-none-eabi-gcc -mcpu=cortex-m4 -mthumb -mfloat-abi=hard -mfpu=fpv4-sp-d16 -DSTM32 -DSTM32F4 -DSTM32F446RETx -DDEBUG -DSTM32F446xx -DUSE_STDPERIPH_DRIVER -I"/Daten1/Daten/funk/sat/Amsat-Boards/firmware/250W-PA-Controller/pa250ctrl/StdPeriph_Driver/inc" -I"/Daten1/Daten/funk/sat/Amsat-Boards/firmware/250W-PA-Controller/pa250ctrl/inc" -I"/Daten1/Daten/funk/sat/Amsat-Boards/firmware/250W-PA-Controller/pa250ctrl/CMSIS/device" -I"/Daten1/Daten/funk/sat/Amsat-Boards/firmware/250W-PA-Controller/pa250ctrl/CMSIS/core" -O0 -g3 -Wall -fmessage-length=0 -ffunction-sections -c -MMD -MP -MF"src/font8x8.d" -MT"src/font8x8.o" -o "src/font8x8.o" "../src/font8x8.c"
arm-none-eabi-gcc -mcpu=cortex-m4 -mthumb -mfloat-abi=hard -mfpu=fpv4-sp-d16 -DSTM32 -DSTM32F4 -DSTM32F446RETx -DDEBUG -DSTM32F446xx -DUSE_STDPERIPH_DRIVER -I"/Daten1/Daten/funk/sat/Amsat-Boards/firmware/250W-PA-Controller/pa250ctrl/StdPeriph_Driver/inc" -I"/Daten1/Daten/funk/sat/Amsat-Boards/firmware/250W-PA-Controller/pa250ctrl/inc" -I"/Daten1/Daten/funk/sat/Amsat-Boards/firmware/250W-PA-Controller/pa250ctrl/CMSIS/device" -I"/Daten1/Daten/funk/sat/Amsat-Boards/firmware/250W-PA-Controller/pa250ctrl/CMSIS/core" -O0 -g3 -Wall -fmessage-length=0 -ffunction-sections -c -MMD -MP -MF"src/system_stm32f4xx.d" -MT"src/system_stm32f4xx.o" -o "src/system_stm32f4xx.o" "../src/system_stm32f4xx.c"
/Daten1/Daten/funk/sat/Amsat-Boards/firmware/250W-PA-Controller/pa250ctrl/Debug
/Daten1/Daten/funk/sat/Amsat-Boards/firmware/250W-PA-Controller/pa250ctrl/Debug
arm-none-eabi-gcc -mcpu=cortex-m4 -mthumb -mfloat-abi=hard -mfpu=fpv4-sp-d16 -DSTM32 -DSTM32F4 -DSTM32F446RETx -DDEBUG -DSTM32F446xx -DUSE_STDPERIPH_DRIVER -I"/Daten1/Daten/funk/sat/Amsat-Boards/firmware/250W-PA-Controller/pa250ctrl/StdPeriph_Driver/inc" -I"/Daten1/Daten/funk/sat/Amsat-Boards/firmware/250W-PA-Controller/pa250ctrl/inc" -I"/Daten1/Daten/funk/sat/Amsat-Boards/firmware/250W-PA-Controller/pa250ctrl/CMSIS/device" -I"/Daten1/Daten/funk/sat/Amsat-Boards/firmware/250W-PA-Controller/pa250ctrl/CMSIS/core" -O0 -g3 -Wall -fmessage-length=0 -ffunction-sections -c -MMD -MP -MF"src/uart.d" -MT"src/uart.o" -o "src/uart.o" "../src/uart.c"
arm-none-eabi-gcc -mcpu=cortex-m4 -mthumb -mfloat-abi=hard -mfpu=fpv4-sp-d16 -DSTM32 -DSTM32F4 -DSTM32F446RETx -DDEBUG -DSTM32F446xx -DUSE_STDPERIPH_DRIVER -I"/Daten1/Daten/funk/sat/Amsat-Boards/firmware/250W-PA-Controller/pa250ctrl/StdPeriph_Driver/inc" -I"/Daten1/Daten/funk/sat/Amsat-Boards/firmware/250W-PA-Controller/pa250ctrl/inc" -I"/Daten1/Daten/funk/sat/Amsat-Boards/firmware/250W-PA-Controller/pa250ctrl/CMSIS/device" -I"/Daten1/Daten/funk/sat/Amsat-Boards/firmware/250W-PA-Controller/pa250ctrl/CMSIS/core" -O0 -g3 -Wall -fmessage-length=0 -ffunction-sections -c -MMD -MP -MF"src/timer.d" -MT"src/timer.o" -o "src/timer.o" "../src/timer.c"
Building file: ../StdPeriph_Driver/src/misc.c
/Daten1/Daten/funk/sat/Amsat-Boards/firmware/250W-PA-Controller/pa250ctrl/Debug
arm-none-eabi-gcc -mcpu=cortex-m4 -mthumb -mfloat-abi=hard -mfpu=fpv4-sp-d16 -DSTM32 -DSTM32F4 -DSTM32F446RETx -DDEBUG -DSTM32F446xx -DUSE_STDPERIPH_DRIVER -I"/Daten1/Daten/funk/sat/Amsat-Boards/firmware/250W-PA-Controller/pa250ctrl/StdPeriph_Driver/inc" -I"/Daten1/Daten/funk/sat/Amsat-Boards/firmware/250W-PA-Controller/pa250ctrl/inc" -I"/Daten1/Daten/funk/sat/Amsat-Boards/firmware/250W-PA-Controller/pa250ctrl/CMSIS/device" -I"/Daten1/Daten/funk/sat/Amsat-Boards/firmware/250W-PA-Controller/pa250ctrl/CMSIS/core" -O0 -g3 -Wall -fmessage-length=0 -ffunction-sections -c -MMD -MP -MF"src/gpio.d" -MT"src/gpio.o" -o "src/gpio.o" "../src/gpio.c"
/Daten1/Daten/funk/sat/Amsat-Boards/firmware/250W-PA-Controller/pa250ctrl/Debug
arm-none-eabi-gcc -mcpu=cortex-m4 -mthumb -mfloat-abi=hard -mfpu=fpv4-sp-d16 -DSTM32 -DSTM32F4 -DSTM32F446RETx -DDEBUG -DSTM32F446xx -DUSE_STDPERIPH_DRIVER -I"/Daten1/Daten/funk/sat/Amsat-Boards/firmware/250W-PA-Controller/pa250ctrl/StdPeriph_Driver/inc" -I"/Daten1/Daten/funk/sat/Amsat-Boards/firmware/250W-PA-Controller/pa250ctrl/inc" -I"/Daten1/Daten/funk/sat/Amsat-Boards/firmware/250W-PA-Controller/pa250ctrl/CMSIS/device" -I"/Daten1/Daten/funk/sat/Amsat-Boards/firmware/250W-PA-Controller/pa250ctrl/CMSIS/core" -O0 -g3 -Wall -fmessage-length=0 -ffunction-sections -c -MMD -MP -MF"src/upconv_data.d" -MT"src/upconv_data.o" -o "src/upconv_data.o" "../src/upconv_data.c"
Building file: ../src/main.c
Invoking: MCU GCC Compiler
/Daten1/Daten/funk/sat/Amsat-Boards/firmware/250W-PA-Controller/pa250ctrl/Debug
arm-none-eabi-gcc -mcpu=cortex-m4 -mthumb -mfloat-abi=hard -mfpu=fpv4-sp-d16 -DSTM32 -DSTM32F4 -DSTM32F446RETx -DDEBUG -DSTM32F446xx -DUSE_STDPERIPH_DRIVER -I"/Daten1/Daten/funk/sat/Amsat-Boards/firmware/250W-PA-Controller/pa250ctrl/StdPeriph_Driver/inc" -I"/Daten1/Daten/funk/sat/Amsat-Boards/firmware/250W-PA-Controller/pa250ctrl/inc" -I"/Daten1/Daten/funk/sat/Amsat-Boards/firmware/250W-PA-Controller/pa250ctrl/CMSIS/device" -I"/Daten1/Daten/funk/sat/Amsat-Boards/firmware/250W-PA-Controller/pa250ctrl/CMSIS/core" -O0 -g3 -Wall -fmessage-length=0 -ffunction-sections -c -MMD -MP -MF"StdPeriph_Driver/src/misc.d" -MT"StdPeriph_Driver/src/misc.o" -o "StdPeriph_Driver/src/misc.o" "../StdPeriph_Driver/src/misc.c"
Invoking: MCU GCC Compiler
/Daten1/Daten/funk/sat/Amsat-Boards/firmware/250W-PA-Controller/pa250ctrl/Debug
arm-none-eabi-gcc -mcpu=cortex-m4 -mthumb -mfloat-abi=hard -mfpu=fpv4-sp-d16 -DSTM32 -DSTM32F4 -DSTM32F446RETx -DDEBUG -DSTM32F446xx -DUSE_STDPERIPH_DRIVER -I"/Daten1/Daten/funk/sat/Amsat-Boards/firmware/250W-PA-Controller/pa250ctrl/StdPeriph_Driver/inc" -I"/Daten1/Daten/funk/sat/Amsat-Boards/firmware/250W-PA-Controller/pa250ctrl/inc" -I"/Daten1/Daten/funk/sat/Amsat-Boards/firmware/250W-PA-Controller/pa250ctrl/CMSIS/device" -I"/Daten1/Daten/funk/sat/Amsat-Boards/firmware/250W-PA-Controller/pa250ctrl/CMSIS/core" -O0 -g3 -Wall -fmessage-length=0 -ffunction-sections -c -MMD -MP -MF"src/main.d" -MT"src/main.o" -o "src/main.o" "../src/main.c"
Finished building: ../src/syscalls.c
 
Building file: ../StdPeriph_Driver/src/stm32f4xx_adc.c
Invoking: MCU GCC Compiler
/Daten1/Daten/funk/sat/Amsat-Boards/firmware/250W-PA-Controller/pa250ctrl/Debug
arm-none-eabi-gcc -mcpu=cortex-m4 -mthumb -mfloat-abi=hard -mfpu=fpv4-sp-d16 -DSTM32 -DSTM32F4 -DSTM32F446RETx -DDEBUG -DSTM32F446xx -DUSE_STDPERIPH_DRIVER -I"/Daten1/Daten/funk/sat/Amsat-Boards/firmware/250W-PA-Controller/pa250ctrl/StdPeriph_Driver/inc" -I"/Daten1/Daten/funk/sat/Amsat-Boards/firmware/250W-PA-Controller/pa250ctrl/inc" -I"/Daten1/Daten/funk/sat/Amsat-Boards/firmware/250W-PA-Controller/pa250ctrl/CMSIS/device" -I"/Daten1/Daten/funk/sat/Amsat-Boards/firmware/250W-PA-Controller/pa250ctrl/CMSIS/core" -O0 -g3 -Wall -fmessage-length=0 -ffunction-sections -c -MMD -MP -MF"StdPeriph_Driver/src/stm32f4xx_adc.d" -MT"StdPeriph_Driver/src/stm32f4xx_adc.o" -o "StdPeriph_Driver/src/stm32f4xx_adc.o" "../StdPeriph_Driver/src/stm32f4xx_adc.c"
Finished building: ../src/system_stm32f4xx.c
Finished building: ../src/dht11.c
 
 
Finished building: ../src/font8x8.c
Building file: ../StdPeriph_Driver/src/stm32f4xx_cec.c
 
Building file: ../StdPeriph_Driver/src/stm32f4xx_can.c
Building file: ../StdPeriph_Driver/src/stm32f4xx_crc.c
Invoking: MCU GCC Compiler
Invoking: MCU GCC Compiler
/Daten1/Daten/funk/sat/Amsat-Boards/firmware/250W-PA-Controller/pa250ctrl/Debug
arm-none-eabi-gcc -mcpu=cortex-m4 -mthumb -mfloat-abi=hard -mfpu=fpv4-sp-d16 -DSTM32 -DSTM32F4 -DSTM32F446RETx -DDEBUG -DSTM32F446xx -DUSE_STDPERIPH_DRIVER -I"/Daten1/Daten/funk/sat/Amsat-Boards/firmware/250W-PA-Controller/pa250ctrl/StdPeriph_Driver/inc" -I"/Daten1/Daten/funk/sat/Amsat-Boards/firmware/250W-PA-Controller/pa250ctrl/inc" -I"/Daten1/Daten/funk/sat/Amsat-Boards/firmware/250W-PA-Controller/pa250ctrl/CMSIS/device" -I"/Daten1/Daten/funk/sat/Amsat-Boards/firmware/250W-PA-Controller/pa250ctrl/CMSIS/core" -O0 -g3 -Wall -fmessage-length=0 -ffunction-sections -c -MMD -MP -MF"StdPeriph_Driver/src/stm32f4xx_can.d" -MT"StdPeriph_Driver/src/stm32f4xx_can.o" -o "StdPeriph_Driver/src/stm32f4xx_can.o" "../StdPeriph_Driver/src/stm32f4xx_can.c"
Invoking: MCU GCC Compiler
/Daten1/Daten/funk/sat/Amsat-Boards/firmware/250W-PA-Controller/pa250ctrl/Debug
arm-none-eabi-gcc -mcpu=cortex-m4 -mthumb -mfloat-abi=hard -mfpu=fpv4-sp-d16 -DSTM32 -DSTM32F4 -DSTM32F446RETx -DDEBUG -DSTM32F446xx -DUSE_STDPERIPH_DRIVER -I"/Daten1/Daten/funk/sat/Amsat-Boards/firmware/250W-PA-Controller/pa250ctrl/StdPeriph_Driver/inc" -I"/Daten1/Daten/funk/sat/Amsat-Boards/firmware/250W-PA-Controller/pa250ctrl/inc" -I"/Daten1/Daten/funk/sat/Amsat-Boards/firmware/250W-PA-Controller/pa250ctrl/CMSIS/device" -I"/Daten1/Daten/funk/sat/Amsat-Boards/firmware/250W-PA-Controller/pa250ctrl/CMSIS/core" -O0 -g3 -Wall -fmessage-length=0 -ffunction-sections -c -MMD -MP -MF"StdPeriph_Driver/src/stm32f4xx_crc.d" -MT"StdPeriph_Driver/src/stm32f4xx_crc.o" -o "StdPeriph_Driver/src/stm32f4xx_crc.o" "../StdPeriph_Driver/src/stm32f4xx_crc.c"
/Daten1/Daten/funk/sat/Amsat-Boards/firmware/250W-PA-Controller/pa250ctrl/Debug
arm-none-eabi-gcc -mcpu=cortex-m4 -mthumb -mfloat-abi=hard -mfpu=fpv4-sp-d16 -DSTM32 -DSTM32F4 -DSTM32F446RETx -DDEBUG -DSTM32F446xx -DUSE_STDPERIPH_DRIVER -I"/Daten1/Daten/funk/sat/Amsat-Boards/firmware/250W-PA-Controller/pa250ctrl/StdPeriph_Driver/inc" -I"/Daten1/Daten/funk/sat/Amsat-Boards/firmware/250W-PA-Controller/pa250ctrl/inc" -I"/Daten1/Daten/funk/sat/Amsat-Boards/firmware/250W-PA-Controller/pa250ctrl/CMSIS/device" -I"/Daten1/Daten/funk/sat/Amsat-Boards/firmware/250W-PA-Controller/pa250ctrl/CMSIS/core" -O0 -g3 -Wall -fmessage-length=0 -ffunction-sections -c -MMD -MP -MF"StdPeriph_Driver/src/stm32f4xx_cec.d" -MT"StdPeriph_Driver/src/stm32f4xx_cec.o" -o "StdPeriph_Driver/src/stm32f4xx_cec.o" "../StdPeriph_Driver/src/stm32f4xx_cec.c"
Finished building: ../src/uart.c
 
Finished building: ../src/controller.c
Building file: ../StdPeriph_Driver/src/stm32f4xx_cryp.c
Finished building: ../src/downconv_data.c
 
Invoking: MCU GCC Compiler
 
Building file: ../StdPeriph_Driver/src/stm32f4xx_cryp_aes.c
Finished building: ../StdPeriph_Driver/src/misc.c
Building file: ../StdPeriph_Driver/src/stm32f4xx_cryp_des.c
/Daten1/Daten/funk/sat/Amsat-Boards/firmware/250W-PA-Controller/pa250ctrl/Debug
 
Invoking: MCU GCC Compiler
arm-none-eabi-gcc -mcpu=cortex-m4 -mthumb -mfloat-abi=hard -mfpu=fpv4-sp-d16 -DSTM32 -DSTM32F4 -DSTM32F446RETx -DDEBUG -DSTM32F446xx -DUSE_STDPERIPH_DRIVER -I"/Daten1/Daten/funk/sat/Amsat-Boards/firmware/250W-PA-Controller/pa250ctrl/StdPeriph_Driver/inc" -I"/Daten1/Daten/funk/sat/Amsat-Boards/firmware/250W-PA-Controller/pa250ctrl/inc" -I"/Daten1/Daten/funk/sat/Amsat-Boards/firmware/250W-PA-Controller/pa250ctrl/CMSIS/device" -I"/Daten1/Daten/funk/sat/Amsat-Boards/firmware/250W-PA-Controller/pa250ctrl/CMSIS/core" -O0 -g3 -Wall -fmessage-length=0 -ffunction-sections -c -MMD -MP -MF"StdPeriph_Driver/src/stm32f4xx_cryp.d" -MT"StdPeriph_Driver/src/stm32f4xx_cryp.o" -o "StdPeriph_Driver/src/stm32f4xx_cryp.o" "../StdPeriph_Driver/src/stm32f4xx_cryp.c"
Invoking: MCU GCC Compiler
Building file: ../StdPeriph_Driver/src/stm32f4xx_cryp_tdes.c
/Daten1/Daten/funk/sat/Amsat-Boards/firmware/250W-PA-Controller/pa250ctrl/Debug
arm-none-eabi-gcc -mcpu=cortex-m4 -mthumb -mfloat-abi=hard -mfpu=fpv4-sp-d16 -DSTM32 -DSTM32F4 -DSTM32F446RETx -DDEBUG -DSTM32F446xx -DUSE_STDPERIPH_DRIVER -I"/Daten1/Daten/funk/sat/Amsat-Boards/firmware/250W-PA-Controller/pa250ctrl/StdPeriph_Driver/inc" -I"/Daten1/Daten/funk/sat/Amsat-Boards/firmware/250W-PA-Controller/pa250ctrl/inc" -I"/Daten1/Daten/funk/sat/Amsat-Boards/firmware/250W-PA-Controller/pa250ctrl/CMSIS/device" -I"/Daten1/Daten/funk/sat/Amsat-Boards/firmware/250W-PA-Controller/pa250ctrl/CMSIS/core" -O0 -g3 -Wall -fmessage-length=0 -ffunction-sections -c -MMD -MP -MF"StdPeriph_Driver/src/stm32f4xx_cryp_des.d" -MT"StdPeriph_Driver/src/stm32f4xx_cryp_des.o" -o "StdPeriph_Driver/src/stm32f4xx_cryp_des.o" "../StdPeriph_Driver/src/stm32f4xx_cryp_des.c"
Invoking: MCU GCC Compiler
/Daten1/Daten/funk/sat/Amsat-Boards/firmware/250W-PA-Controller/pa250ctrl/Debug
arm-none-eabi-gcc -mcpu=cortex-m4 -mthumb -mfloat-abi=hard -mfpu=fpv4-sp-d16 -DSTM32 -DSTM32F4 -DSTM32F446RETx -DDEBUG -DSTM32F446xx -DUSE_STDPERIPH_DRIVER -I"/Daten1/Daten/funk/sat/Amsat-Boards/firmware/250W-PA-Controller/pa250ctrl/StdPeriph_Driver/inc" -I"/Daten1/Daten/funk/sat/Amsat-Boards/firmware/250W-PA-Controller/pa250ctrl/inc" -I"/Daten1/Daten/funk/sat/Amsat-Boards/firmware/250W-PA-Controller/pa250ctrl/CMSIS/device" -I"/Daten1/Daten/funk/sat/Amsat-Boards/firmware/250W-PA-Controller/pa250ctrl/CMSIS/core" -O0 -g3 -Wall -fmessage-length=0 -ffunction-sections -c -MMD -MP -MF"StdPeriph_Driver/src/stm32f4xx_cryp_tdes.d" -MT"StdPeriph_Driver/src/stm32f4xx_cryp_tdes.o" -o "StdPeriph_Driver/src/stm32f4xx_cryp_tdes.o" "../StdPeriph_Driver/src/stm32f4xx_cryp_tdes.c"
/Daten1/Daten/funk/sat/Amsat-Boards/firmware/250W-PA-Controller/pa250ctrl/Debug
Finished building: ../src/display_highlevel.c
arm-none-eabi-gcc -mcpu=cortex-m4 -mthumb -mfloat-abi=hard -mfpu=fpv4-sp-d16 -DSTM32 -DSTM32F4 -DSTM32F446RETx -DDEBUG -DSTM32F446xx -DUSE_STDPERIPH_DRIVER -I"/Daten1/Daten/funk/sat/Amsat-Boards/firmware/250W-PA-Controller/pa250ctrl/StdPeriph_Driver/inc" -I"/Daten1/Daten/funk/sat/Amsat-Boards/firmware/250W-PA-Controller/pa250ctrl/inc" -I"/Daten1/Daten/funk/sat/Amsat-Boards/firmware/250W-PA-Controller/pa250ctrl/CMSIS/device" -I"/Daten1/Daten/funk/sat/Amsat-Boards/firmware/250W-PA-Controller/pa250ctrl/CMSIS/core" -O0 -g3 -Wall -fmessage-length=0 -ffunction-sections -c -MMD -MP -MF"StdPeriph_Driver/src/stm32f4xx_cryp_aes.d" -MT"StdPeriph_Driver/src/stm32f4xx_cryp_aes.o" -o "StdPeriph_Driver/src/stm32f4xx_cryp_aes.o" "../StdPeriph_Driver/src/stm32f4xx_cryp_aes.c"
 
Building file: ../StdPeriph_Driver/src/stm32f4xx_dac.c
Invoking: MCU GCC Compiler
/Daten1/Daten/funk/sat/Amsat-Boards/firmware/250W-PA-Controller/pa250ctrl/Debug
arm-none-eabi-gcc -mcpu=cortex-m4 -mthumb -mfloat-abi=hard -mfpu=fpv4-sp-d16 -DSTM32 -DSTM32F4 -DSTM32F446RETx -DDEBUG -DSTM32F446xx -DUSE_STDPERIPH_DRIVER -I"/Daten1/Daten/funk/sat/Amsat-Boards/firmware/250W-PA-Controller/pa250ctrl/StdPeriph_Driver/inc" -I"/Daten1/Daten/funk/sat/Amsat-Boards/firmware/250W-PA-Controller/pa250ctrl/inc" -I"/Daten1/Daten/funk/sat/Amsat-Boards/firmware/250W-PA-Controller/pa250ctrl/CMSIS/device" -I"/Daten1/Daten/funk/sat/Amsat-Boards/firmware/250W-PA-Controller/pa250ctrl/CMSIS/core" -O0 -g3 -Wall -fmessage-length=0 -ffunction-sections -c -MMD -MP -MF"StdPeriph_Driver/src/stm32f4xx_dac.d" -MT"StdPeriph_Driver/src/stm32f4xx_dac.o" -o "StdPeriph_Driver/src/stm32f4xx_dac.o" "../StdPeriph_Driver/src/stm32f4xx_dac.c"
Finished building: ../src/adc.c
Finished building: ../src/timer.c
 
Finished building: ../src/display.c
Building file: ../StdPeriph_Driver/src/stm32f4xx_dbgmcu.c
Finished building: ../src/upconv_data.c
Invoking: MCU GCC Compiler
 
Building file: ../StdPeriph_Driver/src/stm32f4xx_dcmi.c
/Daten1/Daten/funk/sat/Amsat-Boards/firmware/250W-PA-Controller/pa250ctrl/Debug
Invoking: MCU GCC Compiler
/Daten1/Daten/funk/sat/Amsat-Boards/firmware/250W-PA-Controller/pa250ctrl/Debug
arm-none-eabi-gcc -mcpu=cortex-m4 -mthumb -mfloat-abi=hard -mfpu=fpv4-sp-d16 -DSTM32 -DSTM32F4 -DSTM32F446RETx -DDEBUG -DSTM32F446xx -DUSE_STDPERIPH_DRIVER -I"/Daten1/Daten/funk/sat/Amsat-Boards/firmware/250W-PA-Controller/pa250ctrl/StdPeriph_Driver/inc" -I"/Daten1/Daten/funk/sat/Amsat-Boards/firmware/250W-PA-Controller/pa250ctrl/inc" -I"/Daten1/Daten/funk/sat/Amsat-Boards/firmware/250W-PA-Controller/pa250ctrl/CMSIS/device" -I"/Daten1/Daten/funk/sat/Amsat-Boards/firmware/250W-PA-Controller/pa250ctrl/CMSIS/core" -O0 -g3 -Wall -fmessage-length=0 -ffunction-sections -c -MMD -MP -MF"StdPeriph_Driver/src/stm32f4xx_dcmi.d" -MT"StdPeriph_Driver/src/stm32f4xx_dcmi.o" -o "StdPeriph_Driver/src/stm32f4xx_dcmi.o" "../StdPeriph_Driver/src/stm32f4xx_dcmi.c"
arm-none-eabi-gcc -mcpu=cortex-m4 -mthumb -mfloat-abi=hard -mfpu=fpv4-sp-d16 -DSTM32 -DSTM32F4 -DSTM32F446RETx -DDEBUG -DSTM32F446xx -DUSE_STDPERIPH_DRIVER -I"/Daten1/Daten/funk/sat/Amsat-Boards/firmware/250W-PA-Controller/pa250ctrl/StdPeriph_Driver/inc" -I"/Daten1/Daten/funk/sat/Amsat-Boards/firmware/250W-PA-Controller/pa250ctrl/inc" -I"/Daten1/Daten/funk/sat/Amsat-Boards/firmware/250W-PA-Controller/pa250ctrl/CMSIS/device" -I"/Daten1/Daten/funk/sat/Amsat-Boards/firmware/250W-PA-Controller/pa250ctrl/CMSIS/core" -O0 -g3 -Wall -fmessage-length=0 -ffunction-sections -c -MMD -MP -MF"StdPeriph_Driver/src/stm32f4xx_dbgmcu.d" -MT"StdPeriph_Driver/src/stm32f4xx_dbgmcu.o" -o "StdPeriph_Driver/src/stm32f4xx_dbgmcu.o" "../StdPeriph_Driver/src/stm32f4xx_dbgmcu.c"
 
Finished building: ../src/fan_pump.c
Building file: ../StdPeriph_Driver/src/stm32f4xx_dfsdm.c
 
Finished building: ../src/main.c
 
Building file: ../StdPeriph_Driver/src/stm32f4xx_dma2d.c
Invoking: MCU GCC Compiler
/Daten1/Daten/funk/sat/Amsat-Boards/firmware/250W-PA-Controller/pa250ctrl/Debug
arm-none-eabi-gcc -mcpu=cortex-m4 -mthumb -mfloat-abi=hard -mfpu=fpv4-sp-d16 -DSTM32 -DSTM32F4 -DSTM32F446RETx -DDEBUG -DSTM32F446xx -DUSE_STDPERIPH_DRIVER -I"/Daten1/Daten/funk/sat/Amsat-Boards/firmware/250W-PA-Controller/pa250ctrl/StdPeriph_Driver/inc" -I"/Daten1/Daten/funk/sat/Amsat-Boards/firmware/250W-PA-Controller/pa250ctrl/inc" -I"/Daten1/Daten/funk/sat/Amsat-Boards/firmware/250W-PA-Controller/pa250ctrl/CMSIS/device" -I"/Daten1/Daten/funk/sat/Amsat-Boards/firmware/250W-PA-Controller/pa250ctrl/CMSIS/core" -O0 -g3 -Wall -fmessage-length=0 -ffunction-sections -c -MMD -MP -MF"StdPeriph_Driver/src/stm32f4xx_dma2d.d" -MT"StdPeriph_Driver/src/stm32f4xx_dma2d.o" -o "StdPeriph_Driver/src/stm32f4xx_dma2d.o" "../StdPeriph_Driver/src/stm32f4xx_dma2d.c"
Building file: ../StdPeriph_Driver/src/stm32f4xx_dma.c
Invoking: MCU GCC Compiler
/Daten1/Daten/funk/sat/Amsat-Boards/firmware/250W-PA-Controller/pa250ctrl/Debug
arm-none-eabi-gcc -mcpu=cortex-m4 -mthumb -mfloat-abi=hard -mfpu=fpv4-sp-d16 -DSTM32 -DSTM32F4 -DSTM32F446RETx -DDEBUG -DSTM32F446xx -DUSE_STDPERIPH_DRIVER -I"/Daten1/Daten/funk/sat/Amsat-Boards/firmware/250W-PA-Controller/pa250ctrl/StdPeriph_Driver/inc" -I"/Daten1/Daten/funk/sat/Amsat-Boards/firmware/250W-PA-Controller/pa250ctrl/inc" -I"/Daten1/Daten/funk/sat/Amsat-Boards/firmware/250W-PA-Controller/pa250ctrl/CMSIS/device" -I"/Daten1/Daten/funk/sat/Amsat-Boards/firmware/250W-PA-Controller/pa250ctrl/CMSIS/core" -O0 -g3 -Wall -fmessage-length=0 -ffunction-sections -c -MMD -MP -MF"StdPeriph_Driver/src/stm32f4xx_dma.d" -MT"StdPeriph_Driver/src/stm32f4xx_dma.o" -o "StdPeriph_Driver/src/stm32f4xx_dma.o" "../StdPeriph_Driver/src/stm32f4xx_dma.c"
 
Invoking: MCU GCC Compiler
/Daten1/Daten/funk/sat/Amsat-Boards/firmware/250W-PA-Controller/pa250ctrl/Debug
arm-none-eabi-gcc -mcpu=cortex-m4 -mthumb -mfloat-abi=hard -mfpu=fpv4-sp-d16 -DSTM32 -DSTM32F4 -DSTM32F446RETx -DDEBUG -DSTM32F446xx -DUSE_STDPERIPH_DRIVER -I"/Daten1/Daten/funk/sat/Amsat-Boards/firmware/250W-PA-Controller/pa250ctrl/StdPeriph_Driver/inc" -I"/Daten1/Daten/funk/sat/Amsat-Boards/firmware/250W-PA-Controller/pa250ctrl/inc" -I"/Daten1/Daten/funk/sat/Amsat-Boards/firmware/250W-PA-Controller/pa250ctrl/CMSIS/device" -I"/Daten1/Daten/funk/sat/Amsat-Boards/firmware/250W-PA-Controller/pa250ctrl/CMSIS/core" -O0 -g3 -Wall -fmessage-length=0 -ffunction-sections -c -MMD -MP -MF"StdPeriph_Driver/src/stm32f4xx_dfsdm.d" -MT"StdPeriph_Driver/src/stm32f4xx_dfsdm.o" -o "StdPeriph_Driver/src/stm32f4xx_dfsdm.o" "../StdPeriph_Driver/src/stm32f4xx_dfsdm.c"
Building file: ../StdPeriph_Driver/src/stm32f4xx_dsi.c
Finished building: ../src/gpio.c
Invoking: MCU GCC Compiler
 
Building file: ../StdPeriph_Driver/src/stm32f4xx_exti.c
Finished building: ../StdPeriph_Driver/src/stm32f4xx_adc.c
/Daten1/Daten/funk/sat/Amsat-Boards/firmware/250W-PA-Controller/pa250ctrl/Debug
Invoking: MCU GCC Compiler
arm-none-eabi-gcc -mcpu=cortex-m4 -mthumb -mfloat-abi=hard -mfpu=fpv4-sp-d16 -DSTM32 -DSTM32F4 -DSTM32F446RETx -DDEBUG -DSTM32F446xx -DUSE_STDPERIPH_DRIVER -I"/Daten1/Daten/funk/sat/Amsat-Boards/firmware/250W-PA-Controller/pa250ctrl/StdPeriph_Driver/inc" -I"/Daten1/Daten/funk/sat/Amsat-Boards/firmware/250W-PA-Controller/pa250ctrl/inc" -I"/Daten1/Daten/funk/sat/Amsat-Boards/firmware/250W-PA-Controller/pa250ctrl/CMSIS/device" -I"/Daten1/Daten/funk/sat/Amsat-Boards/firmware/250W-PA-Controller/pa250ctrl/CMSIS/core" -O0 -g3 -Wall -fmessage-length=0 -ffunction-sections -c -MMD -MP -MF"StdPeriph_Driver/src/stm32f4xx_dsi.d" -MT"StdPeriph_Driver/src/stm32f4xx_dsi.o" -o "StdPeriph_Driver/src/stm32f4xx_dsi.o" "../StdPeriph_Driver/src/stm32f4xx_dsi.c"
 
/Daten1/Daten/funk/sat/Amsat-Boards/firmware/250W-PA-Controller/pa250ctrl/Debug
arm-none-eabi-gcc -mcpu=cortex-m4 -mthumb -mfloat-abi=hard -mfpu=fpv4-sp-d16 -DSTM32 -DSTM32F4 -DSTM32F446RETx -DDEBUG -DSTM32F446xx -DUSE_STDPERIPH_DRIVER -I"/Daten1/Daten/funk/sat/Amsat-Boards/firmware/250W-PA-Controller/pa250ctrl/StdPeriph_Driver/inc" -I"/Daten1/Daten/funk/sat/Amsat-Boards/firmware/250W-PA-Controller/pa250ctrl/inc" -I"/Daten1/Daten/funk/sat/Amsat-Boards/firmware/250W-PA-Controller/pa250ctrl/CMSIS/device" -I"/Daten1/Daten/funk/sat/Amsat-Boards/firmware/250W-PA-Controller/pa250ctrl/CMSIS/core" -O0 -g3 -Wall -fmessage-length=0 -ffunction-sections -c -MMD -MP -MF"StdPeriph_Driver/src/stm32f4xx_exti.d" -MT"StdPeriph_Driver/src/stm32f4xx_exti.o" -o "StdPeriph_Driver/src/stm32f4xx_exti.o" "../StdPeriph_Driver/src/stm32f4xx_exti.c"
Building file: ../StdPeriph_Driver/src/stm32f4xx_flash.c
Invoking: MCU GCC Compiler
/Daten1/Daten/funk/sat/Amsat-Boards/firmware/250W-PA-Controller/pa250ctrl/Debug
arm-none-eabi-gcc -mcpu=cortex-m4 -mthumb -mfloat-abi=hard -mfpu=fpv4-sp-d16 -DSTM32 -DSTM32F4 -DSTM32F446RETx -DDEBUG -DSTM32F446xx -DUSE_STDPERIPH_DRIVER -I"/Daten1/Daten/funk/sat/Amsat-Boards/firmware/250W-PA-Controller/pa250ctrl/StdPeriph_Driver/inc" -I"/Daten1/Daten/funk/sat/Amsat-Boards/firmware/250W-PA-Controller/pa250ctrl/inc" -I"/Daten1/Daten/funk/sat/Amsat-Boards/firmware/250W-PA-Controller/pa250ctrl/CMSIS/device" -I"/Daten1/Daten/funk/sat/Amsat-Boards/firmware/250W-PA-Controller/pa250ctrl/CMSIS/core" -O0 -g3 -Wall -fmessage-length=0 -ffunction-sections -c -MMD -MP -MF"StdPeriph_Driver/src/stm32f4xx_flash.d" -MT"StdPeriph_Driver/src/stm32f4xx_flash.o" -o "StdPeriph_Driver/src/stm32f4xx_flash.o" "../StdPeriph_Driver/src/stm32f4xx_flash.c"
Finished building: ../StdPeriph_Driver/src/stm32f4xx_crc.c
 
Finished building: ../StdPeriph_Driver/src/stm32f4xx_cryp_des.c
Building file: ../StdPeriph_Driver/src/stm32f4xx_flash_ramfunc.c
 
Invoking: MCU GCC Compiler
Building file: ../StdPeriph_Driver/src/stm32f4xx_fmc.c
/Daten1/Daten/funk/sat/Amsat-Boards/firmware/250W-PA-Controller/pa250ctrl/Debug
arm-none-eabi-gcc -mcpu=cortex-m4 -mthumb -mfloat-abi=hard -mfpu=fpv4-sp-d16 -DSTM32 -DSTM32F4 -DSTM32F446RETx -DDEBUG -DSTM32F446xx -DUSE_STDPERIPH_DRIVER -I"/Daten1/Daten/funk/sat/Amsat-Boards/firmware/250W-PA-Controller/pa250ctrl/StdPeriph_Driver/inc" -I"/Daten1/Daten/funk/sat/Amsat-Boards/firmware/250W-PA-Controller/pa250ctrl/inc" -I"/Daten1/Daten/funk/sat/Amsat-Boards/firmware/250W-PA-Controller/pa250ctrl/CMSIS/device" -I"/Daten1/Daten/funk/sat/Amsat-Boards/firmware/250W-PA-Controller/pa250ctrl/CMSIS/core" -O0 -g3 -Wall -fmessage-length=0 -ffunction-sections -c -MMD -MP -MF"StdPeriph_Driver/src/stm32f4xx_flash_ramfunc.d" -MT"StdPeriph_Driver/src/stm32f4xx_flash_ramfunc.o" -o "StdPeriph_Driver/src/stm32f4xx_flash_ramfunc.o" "../StdPeriph_Driver/src/stm32f4xx_flash_ramfunc.c"
Finished building: ../StdPeriph_Driver/src/stm32f4xx_cec.c
 
Invoking: MCU GCC Compiler
Finished building: ../StdPeriph_Driver/src/stm32f4xx_cryp_tdes.c
/Daten1/Daten/funk/sat/Amsat-Boards/firmware/250W-PA-Controller/pa250ctrl/Debug
arm-none-eabi-gcc -mcpu=cortex-m4 -mthumb -mfloat-abi=hard -mfpu=fpv4-sp-d16 -DSTM32 -DSTM32F4 -DSTM32F446RETx -DDEBUG -DSTM32F446xx -DUSE_STDPERIPH_DRIVER -I"/Daten1/Daten/funk/sat/Amsat-Boards/firmware/250W-PA-Controller/pa250ctrl/StdPeriph_Driver/inc" -I"/Daten1/Daten/funk/sat/Amsat-Boards/firmware/250W-PA-Controller/pa250ctrl/inc" -I"/Daten1/Daten/funk/sat/Amsat-Boards/firmware/250W-PA-Controller/pa250ctrl/CMSIS/device" -I"/Daten1/Daten/funk/sat/Amsat-Boards/firmware/250W-PA-Controller/pa250ctrl/CMSIS/core" -O0 -g3 -Wall -fmessage-length=0 -ffunction-sections -c -MMD -MP -MF"StdPeriph_Driver/src/stm32f4xx_fmc.d" -MT"StdPeriph_Driver/src/stm32f4xx_fmc.o" -o "StdPeriph_Driver/src/stm32f4xx_fmc.o" "../StdPeriph_Driver/src/stm32f4xx_fmc.c"
 
Building file: ../StdPeriph_Driver/src/stm32f4xx_fmip2c.c
Finished building: ../StdPeriph_Driver/src/stm32f4xx_cryp.c
Building file: ../StdPeriph_Driver/src/stm32f4xx_fsmc.c
Invoking: MCU GCC Compiler
 
Building file: ../StdPeriph_Driver/src/stm32f4xx_gpio.c
Invoking: MCU GCC Compiler
Finished building: ../StdPeriph_Driver/src/stm32f4xx_dac.c
Invoking: MCU GCC Compiler
/Daten1/Daten/funk/sat/Amsat-Boards/firmware/250W-PA-Controller/pa250ctrl/Debug
arm-none-eabi-gcc -mcpu=cortex-m4 -mthumb -mfloat-abi=hard -mfpu=fpv4-sp-d16 -DSTM32 -DSTM32F4 -DSTM32F446RETx -DDEBUG -DSTM32F446xx -DUSE_STDPERIPH_DRIVER -I"/Daten1/Daten/funk/sat/Amsat-Boards/firmware/250W-PA-Controller/pa250ctrl/StdPeriph_Driver/inc" -I"/Daten1/Daten/funk/sat/Amsat-Boards/firmware/250W-PA-Controller/pa250ctrl/inc" -I"/Daten1/Daten/funk/sat/Amsat-Boards/firmware/250W-PA-Controller/pa250ctrl/CMSIS/device" -I"/Daten1/Daten/funk/sat/Amsat-Boards/firmware/250W-PA-Controller/pa250ctrl/CMSIS/core" -O0 -g3 -Wall -fmessage-length=0 -ffunction-sections -c -MMD -MP -MF"StdPeriph_Driver/src/stm32f4xx_fmip2c.d" -MT"StdPeriph_Driver/src/stm32f4xx_fmip2c.o" -o "StdPeriph_Driver/src/stm32f4xx_fmip2c.o" "../StdPeriph_Driver/src/stm32f4xx_fmip2c.c"
/Daten1/Daten/funk/sat/Amsat-Boards/firmware/250W-PA-Controller/pa250ctrl/Debug
arm-none-eabi-gcc -mcpu=cortex-m4 -mthumb -mfloat-abi=hard -mfpu=fpv4-sp-d16 -DSTM32 -DSTM32F4 -DSTM32F446RETx -DDEBUG -DSTM32F446xx -DUSE_STDPERIPH_DRIVER -I"/Daten1/Daten/funk/sat/Amsat-Boards/firmware/250W-PA-Controller/pa250ctrl/StdPeriph_Driver/inc" -I"/Daten1/Daten/funk/sat/Amsat-Boards/firmware/250W-PA-Controller/pa250ctrl/inc" -I"/Daten1/Daten/funk/sat/Amsat-Boards/firmware/250W-PA-Controller/pa250ctrl/CMSIS/device" -I"/Daten1/Daten/funk/sat/Amsat-Boards/firmware/250W-PA-Controller/pa250ctrl/CMSIS/core" -O0 -g3 -Wall -fmessage-length=0 -ffunction-sections -c -MMD -MP -MF"StdPeriph_Driver/src/stm32f4xx_gpio.d" -MT"StdPeriph_Driver/src/stm32f4xx_gpio.o" -o "StdPeriph_Driver/src/stm32f4xx_gpio.o" "../StdPeriph_Driver/src/stm32f4xx_gpio.c"
Finished building: ../StdPeriph_Driver/src/stm32f4xx_dbgmcu.c
 
 
Finished building: ../StdPeriph_Driver/src/stm32f4xx_dma2d.c
/Daten1/Daten/funk/sat/Amsat-Boards/firmware/250W-PA-Controller/pa250ctrl/Debug
arm-none-eabi-gcc -mcpu=cortex-m4 -mthumb -mfloat-abi=hard -mfpu=fpv4-sp-d16 -DSTM32 -DSTM32F4 -DSTM32F446RETx -DDEBUG -DSTM32F446xx -DUSE_STDPERIPH_DRIVER -I"/Daten1/Daten/funk/sat/Amsat-Boards/firmware/250W-PA-Controller/pa250ctrl/StdPeriph_Driver/inc" -I"/Daten1/Daten/funk/sat/Amsat-Boards/firmware/250W-PA-Controller/pa250ctrl/inc" -I"/Daten1/Daten/funk/sat/Amsat-Boards/firmware/250W-PA-Controller/pa250ctrl/CMSIS/device" -I"/Daten1/Daten/funk/sat/Amsat-Boards/firmware/250W-PA-Controller/pa250ctrl/CMSIS/core" -O0 -g3 -Wall -fmessage-length=0 -ffunction-sections -c -MMD -MP -MF"StdPeriph_Driver/src/stm32f4xx_fsmc.d" -MT"StdPeriph_Driver/src/stm32f4xx_fsmc.o" -o "StdPeriph_Driver/src/stm32f4xx_fsmc.o" "../StdPeriph_Driver/src/stm32f4xx_fsmc.c"
Finished building: ../StdPeriph_Driver/src/stm32f4xx_dcmi.c
Finished building: ../StdPeriph_Driver/src/stm32f4xx_can.c
 
 
Building file: ../StdPeriph_Driver/src/stm32f4xx_hash_md5.c
Invoking: MCU GCC Compiler
 
/Daten1/Daten/funk/sat/Amsat-Boards/firmware/250W-PA-Controller/pa250ctrl/Debug
Building file: ../StdPeriph_Driver/src/stm32f4xx_hash.c
arm-none-eabi-gcc -mcpu=cortex-m4 -mthumb -mfloat-abi=hard -mfpu=fpv4-sp-d16 -DSTM32 -DSTM32F4 -DSTM32F446RETx -DDEBUG -DSTM32F446xx -DUSE_STDPERIPH_DRIVER -I"/Daten1/Daten/funk/sat/Amsat-Boards/firmware/250W-PA-Controller/pa250ctrl/StdPeriph_Driver/inc" -I"/Daten1/Daten/funk/sat/Amsat-Boards/firmware/250W-PA-Controller/pa250ctrl/inc" -I"/Daten1/Daten/funk/sat/Amsat-Boards/firmware/250W-PA-Controller/pa250ctrl/CMSIS/device" -I"/Daten1/Daten/funk/sat/Amsat-Boards/firmware/250W-PA-Controller/pa250ctrl/CMSIS/core" -O0 -g3 -Wall -fmessage-length=0 -ffunction-sections -c -MMD -MP -MF"StdPeriph_Driver/src/stm32f4xx_hash_md5.d" -MT"StdPeriph_Driver/src/stm32f4xx_hash_md5.o" -o "StdPeriph_Driver/src/stm32f4xx_hash_md5.o" "../StdPeriph_Driver/src/stm32f4xx_hash_md5.c"
Invoking: MCU GCC Compiler
Building file: ../StdPeriph_Driver/src/stm32f4xx_i2c.c
Invoking: MCU GCC Compiler
Building file: ../StdPeriph_Driver/src/stm32f4xx_hash_sha1.c
/Daten1/Daten/funk/sat/Amsat-Boards/firmware/250W-PA-Controller/pa250ctrl/Debug
/Daten1/Daten/funk/sat/Amsat-Boards/firmware/250W-PA-Controller/pa250ctrl/Debug
Invoking: MCU GCC Compiler
arm-none-eabi-gcc -mcpu=cortex-m4 -mthumb -mfloat-abi=hard -mfpu=fpv4-sp-d16 -DSTM32 -DSTM32F4 -DSTM32F446RETx -DDEBUG -DSTM32F446xx -DUSE_STDPERIPH_DRIVER -I"/Daten1/Daten/funk/sat/Amsat-Boards/firmware/250W-PA-Controller/pa250ctrl/StdPeriph_Driver/inc" -I"/Daten1/Daten/funk/sat/Amsat-Boards/firmware/250W-PA-Controller/pa250ctrl/inc" -I"/Daten1/Daten/funk/sat/Amsat-Boards/firmware/250W-PA-Controller/pa250ctrl/CMSIS/device" -I"/Daten1/Daten/funk/sat/Amsat-Boards/firmware/250W-PA-Controller/pa250ctrl/CMSIS/core" -O0 -g3 -Wall -fmessage-length=0 -ffunction-sections -c -MMD -MP -MF"StdPeriph_Driver/src/stm32f4xx_i2c.d" -MT"StdPeriph_Driver/src/stm32f4xx_i2c.o" -o "StdPeriph_Driver/src/stm32f4xx_i2c.o" "../StdPeriph_Driver/src/stm32f4xx_i2c.c"
arm-none-eabi-gcc -mcpu=cortex-m4 -mthumb -mfloat-abi=hard -mfpu=fpv4-sp-d16 -DSTM32 -DSTM32F4 -DSTM32F446RETx -DDEBUG -DSTM32F446xx -DUSE_STDPERIPH_DRIVER -I"/Daten1/Daten/funk/sat/Amsat-Boards/firmware/250W-PA-Controller/pa250ctrl/StdPeriph_Driver/inc" -I"/Daten1/Daten/funk/sat/Amsat-Boards/firmware/250W-PA-Controller/pa250ctrl/inc" -I"/Daten1/Daten/funk/sat/Amsat-Boards/firmware/250W-PA-Controller/pa250ctrl/CMSIS/device" -I"/Daten1/Daten/funk/sat/Amsat-Boards/firmware/250W-PA-Controller/pa250ctrl/CMSIS/core" -O0 -g3 -Wall -fmessage-length=0 -ffunction-sections -c -MMD -MP -MF"StdPeriph_Driver/src/stm32f4xx_hash.d" -MT"StdPeriph_Driver/src/stm32f4xx_hash.o" -o "StdPeriph_Driver/src/stm32f4xx_hash.o" "../StdPeriph_Driver/src/stm32f4xx_hash.c"
Finished building: ../StdPeriph_Driver/src/stm32f4xx_dfsdm.c
Finished building: ../StdPeriph_Driver/src/stm32f4xx_cryp_aes.c
Building file: ../StdPeriph_Driver/src/stm32f4xx_iwdg.c
/Daten1/Daten/funk/sat/Amsat-Boards/firmware/250W-PA-Controller/pa250ctrl/Debug
 
arm-none-eabi-gcc -mcpu=cortex-m4 -mthumb -mfloat-abi=hard -mfpu=fpv4-sp-d16 -DSTM32 -DSTM32F4 -DSTM32F446RETx -DDEBUG -DSTM32F446xx -DUSE_STDPERIPH_DRIVER -I"/Daten1/Daten/funk/sat/Amsat-Boards/firmware/250W-PA-Controller/pa250ctrl/StdPeriph_Driver/inc" -I"/Daten1/Daten/funk/sat/Amsat-Boards/firmware/250W-PA-Controller/pa250ctrl/inc" -I"/Daten1/Daten/funk/sat/Amsat-Boards/firmware/250W-PA-Controller/pa250ctrl/CMSIS/device" -I"/Daten1/Daten/funk/sat/Amsat-Boards/firmware/250W-PA-Controller/pa250ctrl/CMSIS/core" -O0 -g3 -Wall -fmessage-length=0 -ffunction-sections -c -MMD -MP -MF"StdPeriph_Driver/src/stm32f4xx_hash_sha1.d" -MT"StdPeriph_Driver/src/stm32f4xx_hash_sha1.o" -o "StdPeriph_Driver/src/stm32f4xx_hash_sha1.o" "../StdPeriph_Driver/src/stm32f4xx_hash_sha1.c"
 
Invoking: MCU GCC Compiler
Building file: ../StdPeriph_Driver/src/stm32f4xx_lptim.c
/Daten1/Daten/funk/sat/Amsat-Boards/firmware/250W-PA-Controller/pa250ctrl/Debug
arm-none-eabi-gcc -mcpu=cortex-m4 -mthumb -mfloat-abi=hard -mfpu=fpv4-sp-d16 -DSTM32 -DSTM32F4 -DSTM32F446RETx -DDEBUG -DSTM32F446xx -DUSE_STDPERIPH_DRIVER -I"/Daten1/Daten/funk/sat/Amsat-Boards/firmware/250W-PA-Controller/pa250ctrl/StdPeriph_Driver/inc" -I"/Daten1/Daten/funk/sat/Amsat-Boards/firmware/250W-PA-Controller/pa250ctrl/inc" -I"/Daten1/Daten/funk/sat/Amsat-Boards/firmware/250W-PA-Controller/pa250ctrl/CMSIS/device" -I"/Daten1/Daten/funk/sat/Amsat-Boards/firmware/250W-PA-Controller/pa250ctrl/CMSIS/core" -O0 -g3 -Wall -fmessage-length=0 -ffunction-sections -c -MMD -MP -MF"StdPeriph_Driver/src/stm32f4xx_iwdg.d" -MT"StdPeriph_Driver/src/stm32f4xx_iwdg.o" -o "StdPeriph_Driver/src/stm32f4xx_iwdg.o" "../StdPeriph_Driver/src/stm32f4xx_iwdg.c"
Building file: ../StdPeriph_Driver/src/stm32f4xx_ltdc.c
Invoking: MCU GCC Compiler
Finished building: ../StdPeriph_Driver/src/stm32f4xx_dma.c
 
Invoking: MCU GCC Compiler
/Daten1/Daten/funk/sat/Amsat-Boards/firmware/250W-PA-Controller/pa250ctrl/Debug
arm-none-eabi-gcc -mcpu=cortex-m4 -mthumb -mfloat-abi=hard -mfpu=fpv4-sp-d16 -DSTM32 -DSTM32F4 -DSTM32F446RETx -DDEBUG -DSTM32F446xx -DUSE_STDPERIPH_DRIVER -I"/Daten1/Daten/funk/sat/Amsat-Boards/firmware/250W-PA-Controller/pa250ctrl/StdPeriph_Driver/inc" -I"/Daten1/Daten/funk/sat/Amsat-Boards/firmware/250W-PA-Controller/pa250ctrl/inc" -I"/Daten1/Daten/funk/sat/Amsat-Boards/firmware/250W-PA-Controller/pa250ctrl/CMSIS/device" -I"/Daten1/Daten/funk/sat/Amsat-Boards/firmware/250W-PA-Controller/pa250ctrl/CMSIS/core" -O0 -g3 -Wall -fmessage-length=0 -ffunction-sections -c -MMD -MP -MF"StdPeriph_Driver/src/stm32f4xx_ltdc.d" -MT"StdPeriph_Driver/src/stm32f4xx_ltdc.o" -o "StdPeriph_Driver/src/stm32f4xx_ltdc.o" "../StdPeriph_Driver/src/stm32f4xx_ltdc.c"
Building file: ../StdPeriph_Driver/src/stm32f4xx_pwr.c
Invoking: MCU GCC Compiler
/Daten1/Daten/funk/sat/Amsat-Boards/firmware/250W-PA-Controller/pa250ctrl/Debug
arm-none-eabi-gcc -mcpu=cortex-m4 -mthumb -mfloat-abi=hard -mfpu=fpv4-sp-d16 -DSTM32 -DSTM32F4 -DSTM32F446RETx -DDEBUG -DSTM32F446xx -DUSE_STDPERIPH_DRIVER -I"/Daten1/Daten/funk/sat/Amsat-Boards/firmware/250W-PA-Controller/pa250ctrl/StdPeriph_Driver/inc" -I"/Daten1/Daten/funk/sat/Amsat-Boards/firmware/250W-PA-Controller/pa250ctrl/inc" -I"/Daten1/Daten/funk/sat/Amsat-Boards/firmware/250W-PA-Controller/pa250ctrl/CMSIS/device" -I"/Daten1/Daten/funk/sat/Amsat-Boards/firmware/250W-PA-Controller/pa250ctrl/CMSIS/core" -O0 -g3 -Wall -fmessage-length=0 -ffunction-sections -c -MMD -MP -MF"StdPeriph_Driver/src/stm32f4xx_pwr.d" -MT"StdPeriph_Driver/src/stm32f4xx_pwr.o" -o "StdPeriph_Driver/src/stm32f4xx_pwr.o" "../StdPeriph_Driver/src/stm32f4xx_pwr.c"
/Daten1/Daten/funk/sat/Amsat-Boards/firmware/250W-PA-Controller/pa250ctrl/Debug
arm-none-eabi-gcc -mcpu=cortex-m4 -mthumb -mfloat-abi=hard -mfpu=fpv4-sp-d16 -DSTM32 -DSTM32F4 -DSTM32F446RETx -DDEBUG -DSTM32F446xx -DUSE_STDPERIPH_DRIVER -I"/Daten1/Daten/funk/sat/Amsat-Boards/firmware/250W-PA-Controller/pa250ctrl/StdPeriph_Driver/inc" -I"/Daten1/Daten/funk/sat/Amsat-Boards/firmware/250W-PA-Controller/pa250ctrl/inc" -I"/Daten1/Daten/funk/sat/Amsat-Boards/firmware/250W-PA-Controller/pa250ctrl/CMSIS/device" -I"/Daten1/Daten/funk/sat/Amsat-Boards/firmware/250W-PA-Controller/pa250ctrl/CMSIS/core" -O0 -g3 -Wall -fmessage-length=0 -ffunction-sections -c -MMD -MP -MF"StdPeriph_Driver/src/stm32f4xx_lptim.d" -MT"StdPeriph_Driver/src/stm32f4xx_lptim.o" -o "StdPeriph_Driver/src/stm32f4xx_lptim.o" "../StdPeriph_Driver/src/stm32f4xx_lptim.c"
Finished building: ../StdPeriph_Driver/src/stm32f4xx_dsi.c
Finished building: ../StdPeriph_Driver/src/stm32f4xx_exti.c
 
Building file: ../StdPeriph_Driver/src/stm32f4xx_qspi.c
 
Invoking: MCU GCC Compiler
/Daten1/Daten/funk/sat/Amsat-Boards/firmware/250W-PA-Controller/pa250ctrl/Debug
arm-none-eabi-gcc -mcpu=cortex-m4 -mthumb -mfloat-abi=hard -mfpu=fpv4-sp-d16 -DSTM32 -DSTM32F4 -DSTM32F446RETx -DDEBUG -DSTM32F446xx -DUSE_STDPERIPH_DRIVER -I"/Daten1/Daten/funk/sat/Amsat-Boards/firmware/250W-PA-Controller/pa250ctrl/StdPeriph_Driver/inc" -I"/Daten1/Daten/funk/sat/Amsat-Boards/firmware/250W-PA-Controller/pa250ctrl/inc" -I"/Daten1/Daten/funk/sat/Amsat-Boards/firmware/250W-PA-Controller/pa250ctrl/CMSIS/device" -I"/Daten1/Daten/funk/sat/Amsat-Boards/firmware/250W-PA-Controller/pa250ctrl/CMSIS/core" -O0 -g3 -Wall -fmessage-length=0 -ffunction-sections -c -MMD -MP -MF"StdPeriph_Driver/src/stm32f4xx_qspi.d" -MT"StdPeriph_Driver/src/stm32f4xx_qspi.o" -o "StdPeriph_Driver/src/stm32f4xx_qspi.o" "../StdPeriph_Driver/src/stm32f4xx_qspi.c"
Building file: ../StdPeriph_Driver/src/stm32f4xx_rcc.c
Invoking: MCU GCC Compiler
/Daten1/Daten/funk/sat/Amsat-Boards/firmware/250W-PA-Controller/pa250ctrl/Debug
arm-none-eabi-gcc -mcpu=cortex-m4 -mthumb -mfloat-abi=hard -mfpu=fpv4-sp-d16 -DSTM32 -DSTM32F4 -DSTM32F446RETx -DDEBUG -DSTM32F446xx -DUSE_STDPERIPH_DRIVER -I"/Daten1/Daten/funk/sat/Amsat-Boards/firmware/250W-PA-Controller/pa250ctrl/StdPeriph_Driver/inc" -I"/Daten1/Daten/funk/sat/Amsat-Boards/firmware/250W-PA-Controller/pa250ctrl/inc" -I"/Daten1/Daten/funk/sat/Amsat-Boards/firmware/250W-PA-Controller/pa250ctrl/CMSIS/device" -I"/Daten1/Daten/funk/sat/Amsat-Boards/firmware/250W-PA-Controller/pa250ctrl/CMSIS/core" -O0 -g3 -Wall -fmessage-length=0 -ffunction-sections -c -MMD -MP -MF"StdPeriph_Driver/src/stm32f4xx_rcc.d" -MT"StdPeriph_Driver/src/stm32f4xx_rcc.o" -o "StdPeriph_Driver/src/stm32f4xx_rcc.o" "../StdPeriph_Driver/src/stm32f4xx_rcc.c"
Finished building: ../StdPeriph_Driver/src/stm32f4xx_flash_ramfunc.c
 
Finished building: ../StdPeriph_Driver/src/stm32f4xx_fmc.c
Building file: ../StdPeriph_Driver/src/stm32f4xx_rng.c
 
Building file: ../StdPeriph_Driver/src/stm32f4xx_rtc.c
Invoking: MCU GCC Compiler
/Daten1/Daten/funk/sat/Amsat-Boards/firmware/250W-PA-Controller/pa250ctrl/Debug
arm-none-eabi-gcc -mcpu=cortex-m4 -mthumb -mfloat-abi=hard -mfpu=fpv4-sp-d16 -DSTM32 -DSTM32F4 -DSTM32F446RETx -DDEBUG -DSTM32F446xx -DUSE_STDPERIPH_DRIVER -I"/Daten1/Daten/funk/sat/Amsat-Boards/firmware/250W-PA-Controller/pa250ctrl/StdPeriph_Driver/inc" -I"/Daten1/Daten/funk/sat/Amsat-Boards/firmware/250W-PA-Controller/pa250ctrl/inc" -I"/Daten1/Daten/funk/sat/Amsat-Boards/firmware/250W-PA-Controller/pa250ctrl/CMSIS/device" -I"/Daten1/Daten/funk/sat/Amsat-Boards/firmware/250W-PA-Controller/pa250ctrl/CMSIS/core" -O0 -g3 -Wall -fmessage-length=0 -ffunction-sections -c -MMD -MP -MF"StdPeriph_Driver/src/stm32f4xx_rtc.d" -MT"StdPeriph_Driver/src/stm32f4xx_rtc.o" -o "StdPeriph_Driver/src/stm32f4xx_rtc.o" "../StdPeriph_Driver/src/stm32f4xx_rtc.c"
Finished building: ../StdPeriph_Driver/src/stm32f4xx_flash.c
Finished building: ../StdPeriph_Driver/src/stm32f4xx_fsmc.c
Invoking: MCU GCC Compiler
 
/Daten1/Daten/funk/sat/Amsat-Boards/firmware/250W-PA-Controller/pa250ctrl/Debug
arm-none-eabi-gcc -mcpu=cortex-m4 -mthumb -mfloat-abi=hard -mfpu=fpv4-sp-d16 -DSTM32 -DSTM32F4 -DSTM32F446RETx -DDEBUG -DSTM32F446xx -DUSE_STDPERIPH_DRIVER -I"/Daten1/Daten/funk/sat/Amsat-Boards/firmware/250W-PA-Controller/pa250ctrl/StdPeriph_Driver/inc" -I"/Daten1/Daten/funk/sat/Amsat-Boards/firmware/250W-PA-Controller/pa250ctrl/inc" -I"/Daten1/Daten/funk/sat/Amsat-Boards/firmware/250W-PA-Controller/pa250ctrl/CMSIS/device" -I"/Daten1/Daten/funk/sat/Amsat-Boards/firmware/250W-PA-Controller/pa250ctrl/CMSIS/core" -O0 -g3 -Wall -fmessage-length=0 -ffunction-sections -c -MMD -MP -MF"StdPeriph_Driver/src/stm32f4xx_rng.d" -MT"StdPeriph_Driver/src/stm32f4xx_rng.o" -o "StdPeriph_Driver/src/stm32f4xx_rng.o" "../StdPeriph_Driver/src/stm32f4xx_rng.c"
Building file: ../StdPeriph_Driver/src/stm32f4xx_sai.c
 
Invoking: MCU GCC Compiler
Building file: ../StdPeriph_Driver/src/stm32f4xx_sdio.c
/Daten1/Daten/funk/sat/Amsat-Boards/firmware/250W-PA-Controller/pa250ctrl/Debug
arm-none-eabi-gcc -mcpu=cortex-m4 -mthumb -mfloat-abi=hard -mfpu=fpv4-sp-d16 -DSTM32 -DSTM32F4 -DSTM32F446RETx -DDEBUG -DSTM32F446xx -DUSE_STDPERIPH_DRIVER -I"/Daten1/Daten/funk/sat/Amsat-Boards/firmware/250W-PA-Controller/pa250ctrl/StdPeriph_Driver/inc" -I"/Daten1/Daten/funk/sat/Amsat-Boards/firmware/250W-PA-Controller/pa250ctrl/inc" -I"/Daten1/Daten/funk/sat/Amsat-Boards/firmware/250W-PA-Controller/pa250ctrl/CMSIS/device" -I"/Daten1/Daten/funk/sat/Amsat-Boards/firmware/250W-PA-Controller/pa250ctrl/CMSIS/core" -O0 -g3 -Wall -fmessage-length=0 -ffunction-sections -c -MMD -MP -MF"StdPeriph_Driver/src/stm32f4xx_sai.d" -MT"StdPeriph_Driver/src/stm32f4xx_sai.o" -o "StdPeriph_Driver/src/stm32f4xx_sai.o" "../StdPeriph_Driver/src/stm32f4xx_sai.c"
Invoking: MCU GCC Compiler
/Daten1/Daten/funk/sat/Amsat-Boards/firmware/250W-PA-Controller/pa250ctrl/Debug
arm-none-eabi-gcc -mcpu=cortex-m4 -mthumb -mfloat-abi=hard -mfpu=fpv4-sp-d16 -DSTM32 -DSTM32F4 -DSTM32F446RETx -DDEBUG -DSTM32F446xx -DUSE_STDPERIPH_DRIVER -I"/Daten1/Daten/funk/sat/Amsat-Boards/firmware/250W-PA-Controller/pa250ctrl/StdPeriph_Driver/inc" -I"/Daten1/Daten/funk/sat/Amsat-Boards/firmware/250W-PA-Controller/pa250ctrl/inc" -I"/Daten1/Daten/funk/sat/Amsat-Boards/firmware/250W-PA-Controller/pa250ctrl/CMSIS/device" -I"/Daten1/Daten/funk/sat/Amsat-Boards/firmware/250W-PA-Controller/pa250ctrl/CMSIS/core" -O0 -g3 -Wall -fmessage-length=0 -ffunction-sections -c -MMD -MP -MF"StdPeriph_Driver/src/stm32f4xx_sdio.d" -MT"StdPeriph_Driver/src/stm32f4xx_sdio.o" -o "StdPeriph_Driver/src/stm32f4xx_sdio.o" "../StdPeriph_Driver/src/stm32f4xx_sdio.c"
Finished building: ../StdPeriph_Driver/src/stm32f4xx_fmip2c.c
Finished building: ../StdPeriph_Driver/src/stm32f4xx_gpio.c
 
Building file: ../StdPeriph_Driver/src/stm32f4xx_spdifrx.c
 
Invoking: MCU GCC Compiler
/Daten1/Daten/funk/sat/Amsat-Boards/firmware/250W-PA-Controller/pa250ctrl/Debug
arm-none-eabi-gcc -mcpu=cortex-m4 -mthumb -mfloat-abi=hard -mfpu=fpv4-sp-d16 -DSTM32 -DSTM32F4 -DSTM32F446RETx -DDEBUG -DSTM32F446xx -DUSE_STDPERIPH_DRIVER -I"/Daten1/Daten/funk/sat/Amsat-Boards/firmware/250W-PA-Controller/pa250ctrl/StdPeriph_Driver/inc" -I"/Daten1/Daten/funk/sat/Amsat-Boards/firmware/250W-PA-Controller/pa250ctrl/inc" -I"/Daten1/Daten/funk/sat/Amsat-Boards/firmware/250W-PA-Controller/pa250ctrl/CMSIS/device" -I"/Daten1/Daten/funk/sat/Amsat-Boards/firmware/250W-PA-Controller/pa250ctrl/CMSIS/core" -O0 -g3 -Wall -fmessage-length=0 -ffunction-sections -c -MMD -MP -MF"StdPeriph_Driver/src/stm32f4xx_spdifrx.d" -MT"StdPeriph_Driver/src/stm32f4xx_spdifrx.o" -o "StdPeriph_Driver/src/stm32f4xx_spdifrx.o" "../StdPeriph_Driver/src/stm32f4xx_spdifrx.c"
Building file: ../StdPeriph_Driver/src/stm32f4xx_spi.c
Finished building: ../StdPeriph_Driver/src/stm32f4xx_hash_md5.c
Finished building: ../StdPeriph_Driver/src/stm32f4xx_hash_sha1.c
 
Invoking: MCU GCC Compiler
 
/Daten1/Daten/funk/sat/Amsat-Boards/firmware/250W-PA-Controller/pa250ctrl/Debug
arm-none-eabi-gcc -mcpu=cortex-m4 -mthumb -mfloat-abi=hard -mfpu=fpv4-sp-d16 -DSTM32 -DSTM32F4 -DSTM32F446RETx -DDEBUG -DSTM32F446xx -DUSE_STDPERIPH_DRIVER -I"/Daten1/Daten/funk/sat/Amsat-Boards/firmware/250W-PA-Controller/pa250ctrl/StdPeriph_Driver/inc" -I"/Daten1/Daten/funk/sat/Amsat-Boards/firmware/250W-PA-Controller/pa250ctrl/inc" -I"/Daten1/Daten/funk/sat/Amsat-Boards/firmware/250W-PA-Controller/pa250ctrl/CMSIS/device" -I"/Daten1/Daten/funk/sat/Amsat-Boards/firmware/250W-PA-Controller/pa250ctrl/CMSIS/core" -O0 -g3 -Wall -fmessage-length=0 -ffunction-sections -c -MMD -MP -MF"StdPeriph_Driver/src/stm32f4xx_spi.d" -MT"StdPeriph_Driver/src/stm32f4xx_spi.o" -o "StdPeriph_Driver/src/stm32f4xx_spi.o" "../StdPeriph_Driver/src/stm32f4xx_spi.c"
Building file: ../StdPeriph_Driver/src/stm32f4xx_tim.c
Finished building: ../StdPeriph_Driver/src/stm32f4xx_hash.c
Finished building: ../StdPeriph_Driver/src/stm32f4xx_lptim.c
Invoking: MCU GCC Compiler
Building file: ../StdPeriph_Driver/src/stm32f4xx_syscfg.c
/Daten1/Daten/funk/sat/Amsat-Boards/firmware/250W-PA-Controller/pa250ctrl/Debug
arm-none-eabi-gcc -mcpu=cortex-m4 -mthumb -mfloat-abi=hard -mfpu=fpv4-sp-d16 -DSTM32 -DSTM32F4 -DSTM32F446RETx -DDEBUG -DSTM32F446xx -DUSE_STDPERIPH_DRIVER -I"/Daten1/Daten/funk/sat/Amsat-Boards/firmware/250W-PA-Controller/pa250ctrl/StdPeriph_Driver/inc" -I"/Daten1/Daten/funk/sat/Amsat-Boards/firmware/250W-PA-Controller/pa250ctrl/inc" -I"/Daten1/Daten/funk/sat/Amsat-Boards/firmware/250W-PA-Controller/pa250ctrl/CMSIS/device" -I"/Daten1/Daten/funk/sat/Amsat-Boards/firmware/250W-PA-Controller/pa250ctrl/CMSIS/core" -O0 -g3 -Wall -fmessage-length=0 -ffunction-sections -c -MMD -MP -MF"StdPeriph_Driver/src/stm32f4xx_tim.d" -MT"StdPeriph_Driver/src/stm32f4xx_tim.o" -o "StdPeriph_Driver/src/stm32f4xx_tim.o" "../StdPeriph_Driver/src/stm32f4xx_tim.c"
 
Building file: ../StdPeriph_Driver/src/stm32f4xx_usart.c
Invoking: MCU GCC Compiler
Finished building: ../StdPeriph_Driver/src/stm32f4xx_iwdg.c
/Daten1/Daten/funk/sat/Amsat-Boards/firmware/250W-PA-Controller/pa250ctrl/Debug
arm-none-eabi-gcc -mcpu=cortex-m4 -mthumb -mfloat-abi=hard -mfpu=fpv4-sp-d16 -DSTM32 -DSTM32F4 -DSTM32F446RETx -DDEBUG -DSTM32F446xx -DUSE_STDPERIPH_DRIVER -I"/Daten1/Daten/funk/sat/Amsat-Boards/firmware/250W-PA-Controller/pa250ctrl/StdPeriph_Driver/inc" -I"/Daten1/Daten/funk/sat/Amsat-Boards/firmware/250W-PA-Controller/pa250ctrl/inc" -I"/Daten1/Daten/funk/sat/Amsat-Boards/firmware/250W-PA-Controller/pa250ctrl/CMSIS/device" -I"/Daten1/Daten/funk/sat/Amsat-Boards/firmware/250W-PA-Controller/pa250ctrl/CMSIS/core" -O0 -g3 -Wall -fmessage-length=0 -ffunction-sections -c -MMD -MP -MF"StdPeriph_Driver/src/stm32f4xx_usart.d" -MT"StdPeriph_Driver/src/stm32f4xx_usart.o" -o "StdPeriph_Driver/src/stm32f4xx_usart.o" "../StdPeriph_Driver/src/stm32f4xx_usart.c"
 
Building file: ../StdPeriph_Driver/src/stm32f4xx_wwdg.c
Invoking: MCU GCC Compiler
Finished building: ../StdPeriph_Driver/src/stm32f4xx_pwr.c
 
Invoking: MCU GCC Compiler
/Daten1/Daten/funk/sat/Amsat-Boards/firmware/250W-PA-Controller/pa250ctrl/Debug
arm-none-eabi-gcc -mcpu=cortex-m4 -mthumb -mfloat-abi=hard -mfpu=fpv4-sp-d16 -DSTM32 -DSTM32F4 -DSTM32F446RETx -DDEBUG -DSTM32F446xx -DUSE_STDPERIPH_DRIVER -I"/Daten1/Daten/funk/sat/Amsat-Boards/firmware/250W-PA-Controller/pa250ctrl/StdPeriph_Driver/inc" -I"/Daten1/Daten/funk/sat/Amsat-Boards/firmware/250W-PA-Controller/pa250ctrl/inc" -I"/Daten1/Daten/funk/sat/Amsat-Boards/firmware/250W-PA-Controller/pa250ctrl/CMSIS/device" -I"/Daten1/Daten/funk/sat/Amsat-Boards/firmware/250W-PA-Controller/pa250ctrl/CMSIS/core" -O0 -g3 -Wall -fmessage-length=0 -ffunction-sections -c -MMD -MP -MF"StdPeriph_Driver/src/stm32f4xx_syscfg.d" -MT"StdPeriph_Driver/src/stm32f4xx_syscfg.o" -o "StdPeriph_Driver/src/stm32f4xx_syscfg.o" "../StdPeriph_Driver/src/stm32f4xx_syscfg.c"
 
/Daten1/Daten/funk/sat/Amsat-Boards/firmware/250W-PA-Controller/pa250ctrl/Debug
arm-none-eabi-gcc -mcpu=cortex-m4 -mthumb -mfloat-abi=hard -mfpu=fpv4-sp-d16 -DSTM32 -DSTM32F4 -DSTM32F446RETx -DDEBUG -DSTM32F446xx -DUSE_STDPERIPH_DRIVER -I"/Daten1/Daten/funk/sat/Amsat-Boards/firmware/250W-PA-Controller/pa250ctrl/StdPeriph_Driver/inc" -I"/Daten1/Daten/funk/sat/Amsat-Boards/firmware/250W-PA-Controller/pa250ctrl/inc" -I"/Daten1/Daten/funk/sat/Amsat-Boards/firmware/250W-PA-Controller/pa250ctrl/CMSIS/device" -I"/Daten1/Daten/funk/sat/Amsat-Boards/firmware/250W-PA-Controller/pa250ctrl/CMSIS/core" -O0 -g3 -Wall -fmessage-length=0 -ffunction-sections -c -MMD -MP -MF"StdPeriph_Driver/src/stm32f4xx_wwdg.d" -MT"StdPeriph_Driver/src/stm32f4xx_wwdg.o" -o "StdPeriph_Driver/src/stm32f4xx_wwdg.o" "../StdPeriph_Driver/src/stm32f4xx_wwdg.c"
Finished building: ../StdPeriph_Driver/src/stm32f4xx_ltdc.c
 
Finished building: ../StdPeriph_Driver/src/stm32f4xx_i2c.c
 
Finished building: ../StdPeriph_Driver/src/stm32f4xx_qspi.c
 
Finished building: ../StdPeriph_Driver/src/stm32f4xx_rcc.c
Finished building: ../StdPeriph_Driver/src/stm32f4xx_rng.c
 
 
Finished building: ../StdPeriph_Driver/src/stm32f4xx_sai.c
 
Finished building: ../StdPeriph_Driver/src/stm32f4xx_sdio.c
 
Finished building: ../StdPeriph_Driver/src/stm32f4xx_rtc.c
 
Finished building: ../StdPeriph_Driver/src/stm32f4xx_spdifrx.c
 
Finished building: ../StdPeriph_Driver/src/stm32f4xx_syscfg.c
 
Finished building: ../StdPeriph_Driver/src/stm32f4xx_wwdg.c
 
Finished building: ../StdPeriph_Driver/src/stm32f4xx_spi.c
 
Finished building: ../StdPeriph_Driver/src/stm32f4xx_usart.c
 
Finished building: ../StdPeriph_Driver/src/stm32f4xx_tim.c
 
Building target: pa250ctrl.elf
Invoking: MCU GCC Linker
arm-none-eabi-gcc -mcpu=cortex-m4 -mthumb -mfloat-abi=hard -mfpu=fpv4-sp-d16 -T"/Daten1/Daten/funk/sat/Amsat-Boards/firmware/250W-PA-Controller/pa250ctrl/LinkerScript.ld" -Wl,-Map=output.map -Wl,--gc-sections -o "pa250ctrl.elf" @"objects.list"   -lm
Finished building target: pa250ctrl.elf
 
make --no-print-directory post-build
Generating binary and Printing size information:
arm-none-eabi-objcopy -O binary "pa250ctrl.elf" "pa250ctrl.bin"
arm-none-eabi-size "pa250ctrl.elf"
   text	   data	    bss	    dec	    hex	filename
  38048	   2628	   4504	  45180	   b07c	pa250ctrl.elf
 

14:53:17 Build Finished (took 1s.163ms)

